#
# There is insufficient memory for the Java Runtime Environment to continue.
# Native memory allocation (malloc) failed to allocate 2097152 bytes for AllocateHeap
# Possible reasons:
#   The system is out of physical RAM or swap space
#   The process is running with CompressedOops enabled, and the Java Heap may be blocking the growth of the native heap
# Possible solutions:
#   Reduce memory load on the system
#   Increase physical memory or swap space
#   Check if swap backing store is full
#   Decrease Java heap size (-Xmx/-Xms)
#   Decrease number of Java threads
#   Decrease Java thread stack sizes (-Xss)
#   Set larger code cache with -XX:ReservedCodeCacheSize=
#   JVM is running with Zero Based Compressed Oops mode in which the Java heap is
#     placed in the first 32GB address space. The Java Heap base address is the
#     maximum limit for the native heap growth. Please use -XX:HeapBaseMinAddress
#     to set the Java Heap base and to place the Java Heap above 32GB virtual address.
# This output file may be truncated or incomplete.
#
#  Out of Memory Error (allocation.cpp:44), pid=3668, tid=4592
#
# JRE version: Java(TM) SE Runtime Environment (17.0.10+11) (build 17.0.10+11-LTS-240)
# Java VM: Java HotSpot(TM) 64-Bit Server VM (17.0.10+11-LTS-240, mixed mode, emulated-client, sharing, tiered, compressed oops, compressed class ptrs, g1 gc, windows-amd64)
# No core dump will be written. Minidumps are not enabled by default on client versions of Windows
#

---------------  S U M M A R Y ------------

Command Line: -XX:TieredStopAtLevel=1 site.easy.to.build.crm.CrmApplication

Host: 12th Gen Intel(R) Core(TM) i5-12500H, 16 cores, 11G,  Windows 11 , 64 bit Build 26100 (10.0.26100.2454)
Time: Sun Mar 23 20:54:03 2025 Afrique de l, 64 bit Build 26100 (10.0.26100.2454) elapsed time: 350.730558 seconds (0d 0h 5m 50s)

---------------  T H R E A D  ---------------

Current thread (0x00000176e2888cd0):  VMThread "VM Thread" [stack: 0x0000000e8be00000,0x0000000e8bf00000] [id=4592]

Stack: [0x0000000e8be00000,0x0000000e8bf00000]
Native frames: (J=compiled Java code, j=interpreted, Vv=VM code, C=native code)
V  [jvm.dll+0x677a5a]
V  [jvm.dll+0x7d8b2d]
V  [jvm.dll+0x7da48e]
V  [jvm.dll+0x7daaf3]
V  [jvm.dll+0x2455ff]
V  [jvm.dll+0xa5173]
V  [jvm.dll+0x2f4211]
V  [jvm.dll+0x2f00e0]
V  [jvm.dll+0x2d86b7]
V  [jvm.dll+0x31b227]
V  [jvm.dll+0x7df30b]
V  [jvm.dll+0x7e0044]
V  [jvm.dll+0x7e055d]
V  [jvm.dll+0x7e0934]
V  [jvm.dll+0x7e0a00]
V  [jvm.dll+0x78888a]
V  [jvm.dll+0x676935]
C  [ucrtbase.dll+0x14ea0]
C  [KERNEL32.DLL+0x2e8d7]
C  [ntdll.dll+0xdfbcc]

VM_Operation (0x0000000e8b6fee20): G1CollectFull, mode: safepoint, requested by thread 0x00000176ea07ea80


---------------  P R O C E S S  ---------------

Threads class SMR info:
_java_thread_list=0x00000176ea64f070, length=16, elements={
0x00000176e288e200, 0x00000176e288ecd0, 0x00000176e28a6ee0, 0x00000176e28a77b0,
0x00000176e7020ff0, 0x00000176e70218c0, 0x00000176e28aaaf0, 0x00000176e70369c0,
0x00000176e70378f0, 0x00000176e7034b60, 0x00000176e70373e0, 0x00000176e90d1d30,
0x00000176e90d3680, 0x00000176ea947960, 0x00000176ea946ec0, 0x00000176ea07ea80
}

Java Threads: ( => current thread )
  0x00000176e288e200 JavaThread "Reference Handler" daemon [_thread_blocked, id=15656, stack(0x0000000e8bf00000,0x0000000e8c000000)]
  0x00000176e288ecd0 JavaThread "Finalizer" daemon [_thread_blocked, id=476, stack(0x0000000e8c000000,0x0000000e8c100000)]
  0x00000176e28a6ee0 JavaThread "Signal Dispatcher" daemon [_thread_blocked, id=13044, stack(0x0000000e8c100000,0x0000000e8c200000)]
  0x00000176e28a77b0 JavaThread "Attach Listener" daemon [_thread_blocked, id=20760, stack(0x0000000e8c200000,0x0000000e8c300000)]
  0x00000176e7020ff0 JavaThread "Service Thread" daemon [_thread_blocked, id=16312, stack(0x0000000e8c300000,0x0000000e8c400000)]
  0x00000176e70218c0 JavaThread "Monitor Deflation Thread" daemon [_thread_blocked, id=19540, stack(0x0000000e8c400000,0x0000000e8c500000)]
  0x00000176e28aaaf0 JavaThread "C1 CompilerThread0" daemon [_thread_blocked, id=23208, stack(0x0000000e8c500000,0x0000000e8c600000)]
  0x00000176e70369c0 JavaThread "Sweeper thread" daemon [_thread_blocked, id=2964, stack(0x0000000e8c600000,0x0000000e8c700000)]
  0x00000176e70378f0 JavaThread "Notification Thread" daemon [_thread_blocked, id=20100, stack(0x0000000e8ca00000,0x0000000e8cb00000)]
  0x00000176e7034b60 JavaThread "Common-Cleaner" daemon [_thread_blocked, id=2360, stack(0x0000000e8cc00000,0x0000000e8cd00000)]
  0x00000176e70373e0 JavaThread "mysql-cj-abandoned-connection-cleanup" daemon [_thread_blocked, id=2032, stack(0x0000000e8e700000,0x0000000e8e800000)]
  0x00000176e90d1d30 JavaThread "Live Reload Server" daemon [_thread_in_native, id=13004, stack(0x0000000e8ed00000,0x0000000e8ee00000)]
  0x00000176e90d3680 JavaThread "DestroyJavaVM" [_thread_blocked, id=7696, stack(0x0000000e8b800000,0x0000000e8b900000)]
  0x00000176ea947960 JavaThread "C1 CompilerThread1" daemon [_thread_blocked, id=9740, stack(0x0000000e8d800000,0x0000000e8d900000)]
  0x00000176ea946ec0 JavaThread "C1 CompilerThread2" daemon [_thread_blocked, id=10344, stack(0x0000000e8c700000,0x0000000e8c800000)]
  0x00000176ea07ea80 JavaThread "Thread-107" [_thread_blocked, id=20808, stack(0x0000000e8b600000,0x0000000e8b700000)]

Other Threads:
=>0x00000176e2888cd0 VMThread "VM Thread" [stack: 0x0000000e8be00000,0x0000000e8bf00000] [id=4592]
  0x00000176e7125400 WatcherThread [stack: 0x0000000e8cb00000,0x0000000e8cc00000] [id=12024]
  0x00000176cd42e700 GCTaskThread "GC Thread#0" [stack: 0x0000000e8b900000,0x0000000e8ba00000] [id=15924]
  0x00000176e79e6e60 GCTaskThread "GC Thread#1" [stack: 0x0000000e8cd00000,0x0000000e8ce00000] [id=8752]
  0x00000176e79e68e0 GCTaskThread "GC Thread#2" [stack: 0x0000000e8ce00000,0x0000000e8cf00000] [id=11696]
  0x00000176e79e6ba0 GCTaskThread "GC Thread#3" [stack: 0x0000000e8cf00000,0x0000000e8d000000] [id=18928]
  0x00000176e79e7120 GCTaskThread "GC Thread#4" [stack: 0x0000000e8d000000,0x0000000e8d100000] [id=17432]
  0x00000176e79e7c20 GCTaskThread "GC Thread#5" [stack: 0x0000000e8d400000,0x0000000e8d500000] [id=12712]
  0x00000176e79e60a0 GCTaskThread "GC Thread#6" [stack: 0x0000000e8d500000,0x0000000e8d600000] [id=12720]
  0x00000176e79e76a0 GCTaskThread "GC Thread#7" [stack: 0x0000000e8d600000,0x0000000e8d700000] [id=5104]
  0x00000176e79e6360 GCTaskThread "GC Thread#8" [stack: 0x0000000e8d300000,0x0000000e8d400000] [id=16820]
  0x00000176e79e6620 GCTaskThread "GC Thread#9" [stack: 0x0000000e8dd00000,0x0000000e8de00000] [id=6232]
  0x00000176e8220fe0 GCTaskThread "GC Thread#10" [stack: 0x0000000e8de00000,0x0000000e8df00000] [id=22348]
  0x00000176e821ff60 GCTaskThread "GC Thread#11" [stack: 0x0000000e8df00000,0x0000000e8e000000] [id=10148]
  0x00000176e82233a0 GCTaskThread "GC Thread#12" [stack: 0x0000000e8e000000,0x0000000e8e100000] [id=19796]
  0x00000176cd43b0e0 ConcurrentGCThread "G1 Main Marker" [stack: 0x0000000e8ba00000,0x0000000e8bb00000] [id=20292]
  0x00000176cd43c6d0 ConcurrentGCThread "G1 Conc#0" [stack: 0x0000000e8bb00000,0x0000000e8bc00000] [id=9056]
  0x00000176e8223660 ConcurrentGCThread "G1 Conc#1" [stack: 0x0000000e8e100000,0x0000000e8e200000] [id=20644]
  0x00000176e8222320 ConcurrentGCThread "G1 Conc#2" [stack: 0x0000000e8e200000,0x0000000e8e300000] [id=16976]
  0x00000176e27404f0 ConcurrentGCThread "G1 Refine#0" [stack: 0x0000000e8bc00000,0x0000000e8bd00000] [id=19736]
  0x00000176e8611a00 ConcurrentGCThread "G1 Refine#1" [stack: 0x0000000e8e300000,0x0000000e8e400000] [id=7908]
  0x00000176e2740cd0 ConcurrentGCThread "G1 Service" [stack: 0x0000000e8bd00000,0x0000000e8be00000] [id=19528]

Threads with active compile tasks:

VM state: at safepoint (normal execution)

VM Mutex/Monitor currently owned by a thread:  ([mutex/lock_event])
[0x00000176cd3d2170] Threads_lock - owner thread: 0x00000176e2888cd0
[0x00000176cd3d29e0] Heap_lock - owner thread: 0x00000176ea07ea80

Heap address: 0x0000000744800000, size: 3000 MB, Compressed Oops mode: Zero based, Oop shift amount: 3

CDS archive(s) mapped at: [0x0000017680000000-0x0000017680bd0000-0x0000017680bd0000), size 12386304, SharedBaseAddress: 0x0000017680000000, ArchiveRelocationMode: 1.
Compressed class space mapped at: 0x0000017681000000-0x00000176c1000000, reserved size: 1073741824
Narrow klass base: 0x0000017680000000, Narrow klass shift: 0, Narrow klass range: 0x100000000

GC Precious Log:
 CPUs: 16 total, 16 available
 Memory: 11992M
 Large Page Support: Disabled
 NUMA Support: Disabled
 Compressed Oops: Enabled (Zero based)
 Heap Region Size: 2M
 Heap Min Capacity: 8M
 Heap Initial Capacity: 188M
 Heap Max Capacity: 3000M
 Pre-touch: Disabled
 Parallel Workers: 13
 Concurrent Workers: 3
 Concurrent Refinement Workers: 13
 Periodic GC: Disabled

Heap:
 garbage-first heap   total 552960K, used 172752K [0x0000000744800000, 0x0000000800000000)
  region size 2048K, 59 young (120832K), 5 survivors (10240K)
 Metaspace       used 124193K, committed 125696K, reserved 1179648K
  class space    used 15756K, committed 16512K, reserved 1048576K

Heap Regions: E=young(eden), S=young(survivor), O=old, HS=humongous(starts), HC=humongous(continues), CS=collection set, F=free, OA=open archive, CA=closed archive, TAMS=top-at-mark-start (previous, next)
|   0|0x0000000744800000, 0x0000000744a00000, 0x0000000744a00000|100%| O|  |TAMS 0x0000000744a00000, 0x0000000744800000| Untracked 
|   1|0x0000000744a00000, 0x0000000744bffff0, 0x0000000744c00000| 99%| O|  |TAMS 0x0000000744bffff0, 0x0000000744a00000| Untracked 
|   2|0x0000000744c00000, 0x0000000744e00000, 0x0000000744e00000|100%| O|  |TAMS 0x0000000744e00000, 0x0000000744c00000| Untracked 
|   3|0x0000000744e00000, 0x0000000744fffff0, 0x0000000745000000| 99%| O|  |TAMS 0x0000000744fffff0, 0x0000000744e00000| Untracked 
|   4|0x0000000745000000, 0x0000000745200000, 0x0000000745200000|100%| O|  |TAMS 0x0000000745200000, 0x0000000745000000| Untracked 
|   5|0x0000000745200000, 0x00000007453fffd8, 0x0000000745400000| 99%| O|  |TAMS 0x00000007453fffd8, 0x0000000745200000| Untracked 
|   6|0x0000000745400000, 0x00000007455fffe0, 0x0000000745600000| 99%| O|  |TAMS 0x00000007455fffe0, 0x0000000745400000| Untracked 
|   7|0x0000000745600000, 0x00000007457fb840, 0x0000000745800000| 99%| O|  |TAMS 0x00000007457fb840, 0x0000000745600000| Untracked 
|   8|0x0000000745800000, 0x00000007459fffc0, 0x0000000745a00000| 99%| O|  |TAMS 0x00000007459fffc0, 0x0000000745800000| Untracked 
|   9|0x0000000745a00000, 0x0000000745bffff8, 0x0000000745c00000| 99%| O|  |TAMS 0x0000000745bffff8, 0x0000000745a00000| Untracked 
|  10|0x0000000745c00000, 0x0000000745dffff8, 0x0000000745e00000| 99%| O|  |TAMS 0x0000000745c00000, 0x0000000745c00000| Untracked 
|  11|0x0000000745e00000, 0x0000000745ffffb8, 0x0000000746000000| 99%| O|  |TAMS 0x0000000745ffffb8, 0x0000000745e00000| Untracked 
|  12|0x0000000746000000, 0x0000000746200000, 0x0000000746200000|100%| O|  |TAMS 0x0000000746200000, 0x0000000746000000| Untracked 
|  13|0x0000000746200000, 0x00000007463ffff0, 0x0000000746400000| 99%| O|  |TAMS 0x00000007463ffff0, 0x0000000746200000| Untracked 
|  14|0x0000000746400000, 0x0000000746600000, 0x0000000746600000|100%| O|  |TAMS 0x0000000746400000, 0x0000000746400000| Untracked 
|  15|0x0000000746600000, 0x00000007467ffff0, 0x0000000746800000| 99%| O|  |TAMS 0x0000000746600000, 0x0000000746600000| Untracked 
|  16|0x0000000746800000, 0x00000007469fffd8, 0x0000000746a00000| 99%| O|  |TAMS 0x0000000746800000, 0x0000000746800000| Untracked 
|  17|0x0000000746a00000, 0x0000000746bfffe8, 0x0000000746c00000| 99%| O|  |TAMS 0x0000000746a00000, 0x0000000746a00000| Untracked 
|  18|0x0000000746c00000, 0x0000000746e00000, 0x0000000746e00000|100%| O|  |TAMS 0x0000000746c00000, 0x0000000746c00000| Untracked 
|  19|0x0000000746e00000, 0x0000000746fe0088, 0x0000000747000000| 93%| O|  |TAMS 0x0000000746e00000, 0x0000000746e00000| Untracked 
|  20|0x0000000747000000, 0x00000007471ffff8, 0x0000000747200000| 99%| O|  |TAMS 0x0000000747000000, 0x0000000747000000| Untracked 
|  21|0x0000000747200000, 0x00000007473fffd0, 0x0000000747400000| 99%| O|  |TAMS 0x0000000747200000, 0x0000000747200000| Untracked 
|  22|0x0000000747400000, 0x00000007475f5360, 0x0000000747600000| 97%| O|  |TAMS 0x00000007475f5360, 0x0000000747400000| Untracked 
|  23|0x0000000747600000, 0x00000007477ffff8, 0x0000000747800000| 99%| O|  |TAMS 0x00000007477ffff8, 0x0000000747600000| Untracked 
|  24|0x0000000747800000, 0x00000007479466b0, 0x0000000747a00000| 63%| O|  |TAMS 0x0000000747800000, 0x0000000747800000| Untracked 
|  25|0x0000000747a00000, 0x0000000747bbff30, 0x0000000747c00000| 87%| O|  |TAMS 0x0000000747a00000, 0x0000000747a00000| Untracked 
|  26|0x0000000747c00000, 0x0000000747d897a8, 0x0000000747e00000| 76%| O|  |TAMS 0x0000000747c00000, 0x0000000747c00000| Untracked 
|  27|0x0000000747e00000, 0x0000000747e58640, 0x0000000748000000| 17%| O|  |TAMS 0x0000000747e00000, 0x0000000747e00000| Untracked 
|  28|0x0000000748000000, 0x0000000748000000, 0x0000000748200000|  0%| F|  |TAMS 0x0000000748000000, 0x0000000748000000| Untracked 
|  29|0x0000000748200000, 0x0000000748200000, 0x0000000748400000|  0%| F|  |TAMS 0x0000000748200000, 0x0000000748200000| Untracked 
|  30|0x0000000748400000, 0x0000000748400000, 0x0000000748600000|  0%| F|  |TAMS 0x0000000748400000, 0x0000000748400000| Untracked 
|  31|0x0000000748600000, 0x0000000748600000, 0x0000000748800000|  0%| F|  |TAMS 0x0000000748600000, 0x0000000748600000| Untracked 
|  32|0x0000000748800000, 0x0000000748800000, 0x0000000748a00000|  0%| F|  |TAMS 0x0000000748800000, 0x0000000748800000| Untracked 
|  33|0x0000000748a00000, 0x0000000748a00000, 0x0000000748c00000|  0%| F|  |TAMS 0x0000000748a00000, 0x0000000748a00000| Untracked 
|  34|0x0000000748c00000, 0x0000000748c00000, 0x0000000748e00000|  0%| F|  |TAMS 0x0000000748c00000, 0x0000000748c00000| Untracked 
|  35|0x0000000748e00000, 0x0000000748e00000, 0x0000000749000000|  0%| F|  |TAMS 0x0000000748e00000, 0x0000000748e00000| Untracked 
|  36|0x0000000749000000, 0x0000000749000000, 0x0000000749200000|  0%| F|  |TAMS 0x0000000749000000, 0x0000000749000000| Untracked 
|  37|0x0000000749200000, 0x0000000749200000, 0x0000000749400000|  0%| F|  |TAMS 0x0000000749200000, 0x0000000749200000| Untracked 
|  38|0x0000000749400000, 0x0000000749400000, 0x0000000749600000|  0%| F|  |TAMS 0x0000000749400000, 0x0000000749400000| Untracked 
|  39|0x0000000749600000, 0x0000000749600000, 0x0000000749800000|  0%| F|  |TAMS 0x0000000749600000, 0x0000000749600000| Untracked 
|  40|0x0000000749800000, 0x000000074998e000, 0x0000000749a00000| 77%| S|CS|TAMS 0x0000000749800000, 0x0000000749800000| Complete 
|  41|0x0000000749a00000, 0x0000000749a00000, 0x0000000749c00000|  0%| F|  |TAMS 0x0000000749a00000, 0x0000000749a00000| Untracked 
|  42|0x0000000749c00000, 0x0000000749c00000, 0x0000000749e00000|  0%| F|  |TAMS 0x0000000749c00000, 0x0000000749c00000| Untracked 
|  43|0x0000000749e00000, 0x0000000749e00000, 0x000000074a000000|  0%| F|  |TAMS 0x0000000749e00000, 0x0000000749e00000| Untracked 
|  44|0x000000074a000000, 0x000000074a000000, 0x000000074a200000|  0%| F|  |TAMS 0x000000074a000000, 0x000000074a000000| Untracked 
|  45|0x000000074a200000, 0x000000074a400000, 0x000000074a400000|100%| S|CS|TAMS 0x000000074a200000, 0x000000074a200000| Complete 
|  46|0x000000074a400000, 0x000000074a600000, 0x000000074a600000|100%| S|CS|TAMS 0x000000074a400000, 0x000000074a400000| Complete 
|  47|0x000000074a600000, 0x000000074a66d4f8, 0x000000074a800000| 21%| O|  |TAMS 0x000000074a600000, 0x000000074a600000| Untracked 
|  48|0x000000074a800000, 0x000000074aa00000, 0x000000074aa00000|100%| S|CS|TAMS 0x000000074a800000, 0x000000074a800000| Complete 
|  49|0x000000074aa00000, 0x000000074ac00000, 0x000000074ac00000|100%| S|CS|TAMS 0x000000074aa00000, 0x000000074aa00000| Complete 
|  50|0x000000074ac00000, 0x000000074ac00000, 0x000000074ae00000|  0%| F|  |TAMS 0x000000074ac00000, 0x000000074ac00000| Untracked 
|  51|0x000000074ae00000, 0x000000074ae00000, 0x000000074b000000|  0%| F|  |TAMS 0x000000074ae00000, 0x000000074ae00000| Untracked 
|  52|0x000000074b000000, 0x000000074b000000, 0x000000074b200000|  0%| F|  |TAMS 0x000000074b000000, 0x000000074b000000| Untracked 
|  53|0x000000074b200000, 0x000000074b200000, 0x000000074b400000|  0%| F|  |TAMS 0x000000074b200000, 0x000000074b200000| Untracked 
|  54|0x000000074b400000, 0x000000074b400000, 0x000000074b600000|  0%| F|  |TAMS 0x000000074b400000, 0x000000074b400000| Untracked 
|  55|0x000000074b600000, 0x000000074b600000, 0x000000074b800000|  0%| F|  |TAMS 0x000000074b600000, 0x000000074b600000| Untracked 
|  56|0x000000074b800000, 0x000000074b800000, 0x000000074ba00000|  0%| F|  |TAMS 0x000000074b800000, 0x000000074b800000| Untracked 
|  57|0x000000074ba00000, 0x000000074ba00000, 0x000000074bc00000|  0%| F|  |TAMS 0x000000074ba00000, 0x000000074ba00000| Untracked 
|  58|0x000000074bc00000, 0x000000074bc00000, 0x000000074be00000|  0%| F|  |TAMS 0x000000074bc00000, 0x000000074bc00000| Untracked 
|  59|0x000000074be00000, 0x000000074be00000, 0x000000074c000000|  0%| F|  |TAMS 0x000000074be00000, 0x000000074be00000| Untracked 
|  60|0x000000074c000000, 0x000000074c000000, 0x000000074c200000|  0%| F|  |TAMS 0x000000074c000000, 0x000000074c000000| Untracked 
|  61|0x000000074c200000, 0x000000074c200000, 0x000000074c400000|  0%| F|  |TAMS 0x000000074c200000, 0x000000074c200000| Untracked 
|  62|0x000000074c400000, 0x000000074c400000, 0x000000074c600000|  0%| F|  |TAMS 0x000000074c400000, 0x000000074c400000| Untracked 
|  63|0x000000074c600000, 0x000000074c600000, 0x000000074c800000|  0%| F|  |TAMS 0x000000074c600000, 0x000000074c600000| Untracked 
|  64|0x000000074c800000, 0x000000074c800000, 0x000000074ca00000|  0%| F|  |TAMS 0x000000074c800000, 0x000000074c800000| Untracked 
|  65|0x000000074ca00000, 0x000000074ca00000, 0x000000074cc00000|  0%| F|  |TAMS 0x000000074ca00000, 0x000000074ca00000| Untracked 
|  66|0x000000074cc00000, 0x000000074cc00000, 0x000000074ce00000|  0%| F|  |TAMS 0x000000074cc00000, 0x000000074cc00000| Untracked 
|  67|0x000000074ce00000, 0x000000074ce00000, 0x000000074d000000|  0%| F|  |TAMS 0x000000074ce00000, 0x000000074ce00000| Untracked 
|  68|0x000000074d000000, 0x000000074d000000, 0x000000074d200000|  0%| F|  |TAMS 0x000000074d000000, 0x000000074d000000| Untracked 
|  69|0x000000074d200000, 0x000000074d200000, 0x000000074d400000|  0%| F|  |TAMS 0x000000074d200000, 0x000000074d200000| Untracked 
|  70|0x000000074d400000, 0x000000074d400000, 0x000000074d600000|  0%| F|  |TAMS 0x000000074d400000, 0x000000074d400000| Untracked 
|  71|0x000000074d600000, 0x000000074d600000, 0x000000074d800000|  0%| F|  |TAMS 0x000000074d600000, 0x000000074d600000| Untracked 
|  72|0x000000074d800000, 0x000000074d800000, 0x000000074da00000|  0%| F|  |TAMS 0x000000074d800000, 0x000000074d800000| Untracked 
|  73|0x000000074da00000, 0x000000074da00000, 0x000000074dc00000|  0%| F|  |TAMS 0x000000074da00000, 0x000000074da00000| Untracked 
|  74|0x000000074dc00000, 0x000000074dc00000, 0x000000074de00000|  0%| F|  |TAMS 0x000000074dc00000, 0x000000074dc00000| Untracked 
|  75|0x000000074de00000, 0x000000074de00000, 0x000000074e000000|  0%| F|  |TAMS 0x000000074de00000, 0x000000074de00000| Untracked 
|  76|0x000000074e000000, 0x000000074e000000, 0x000000074e200000|  0%| F|  |TAMS 0x000000074e000000, 0x000000074e000000| Untracked 
|  77|0x000000074e200000, 0x000000074e200000, 0x000000074e400000|  0%| F|  |TAMS 0x000000074e200000, 0x000000074e200000| Untracked 
|  78|0x000000074e400000, 0x000000074e400000, 0x000000074e600000|  0%| F|  |TAMS 0x000000074e400000, 0x000000074e400000| Untracked 
|  79|0x000000074e600000, 0x000000074e600000, 0x000000074e800000|  0%| F|  |TAMS 0x000000074e600000, 0x000000074e600000| Untracked 
|  80|0x000000074e800000, 0x000000074e800000, 0x000000074ea00000|  0%| F|  |TAMS 0x000000074e800000, 0x000000074e800000| Untracked 
|  81|0x000000074ea00000, 0x000000074ea00000, 0x000000074ec00000|  0%| F|  |TAMS 0x000000074ea00000, 0x000000074ea00000| Untracked 
|  82|0x000000074ec00000, 0x000000074ec00000, 0x000000074ee00000|  0%| F|  |TAMS 0x000000074ec00000, 0x000000074ec00000| Untracked 
|  83|0x000000074ee00000, 0x000000074ee00000, 0x000000074f000000|  0%| F|  |TAMS 0x000000074ee00000, 0x000000074ee00000| Untracked 
|  84|0x000000074f000000, 0x000000074f000000, 0x000000074f200000|  0%| F|  |TAMS 0x000000074f000000, 0x000000074f000000| Untracked 
|  85|0x000000074f200000, 0x000000074f200000, 0x000000074f400000|  0%| F|  |TAMS 0x000000074f200000, 0x000000074f200000| Untracked 
|  86|0x000000074f400000, 0x000000074f400000, 0x000000074f600000|  0%| F|  |TAMS 0x000000074f400000, 0x000000074f400000| Untracked 
|  87|0x000000074f600000, 0x000000074f600000, 0x000000074f800000|  0%| F|  |TAMS 0x000000074f600000, 0x000000074f600000| Untracked 
|  88|0x000000074f800000, 0x000000074f800000, 0x000000074fa00000|  0%| F|  |TAMS 0x000000074f800000, 0x000000074f800000| Untracked 
|  89|0x000000074fa00000, 0x000000074fa00000, 0x000000074fc00000|  0%| F|  |TAMS 0x000000074fa00000, 0x000000074fa00000| Untracked 
|  90|0x000000074fc00000, 0x000000074fc00000, 0x000000074fe00000|  0%| F|  |TAMS 0x000000074fc00000, 0x000000074fc00000| Untracked 
|  91|0x000000074fe00000, 0x000000074fe00000, 0x0000000750000000|  0%| F|  |TAMS 0x000000074fe00000, 0x000000074fe00000| Untracked 
|  92|0x0000000750000000, 0x0000000750000000, 0x0000000750200000|  0%| F|  |TAMS 0x0000000750000000, 0x0000000750000000| Untracked 
|  93|0x0000000750200000, 0x0000000750200000, 0x0000000750400000|  0%| F|  |TAMS 0x0000000750200000, 0x0000000750200000| Untracked 
|  94|0x0000000750400000, 0x0000000750400000, 0x0000000750600000|  0%| F|  |TAMS 0x0000000750400000, 0x0000000750400000| Untracked 
|  95|0x0000000750600000, 0x0000000750600000, 0x0000000750800000|  0%| F|  |TAMS 0x0000000750600000, 0x0000000750600000| Untracked 
|  96|0x0000000750800000, 0x0000000750800000, 0x0000000750a00000|  0%| F|  |TAMS 0x0000000750800000, 0x0000000750800000| Untracked 
|  97|0x0000000750a00000, 0x0000000750a00000, 0x0000000750c00000|  0%| F|  |TAMS 0x0000000750a00000, 0x0000000750a00000| Untracked 
|  98|0x0000000750c00000, 0x0000000750c00000, 0x0000000750e00000|  0%| F|  |TAMS 0x0000000750c00000, 0x0000000750c00000| Untracked 
|  99|0x0000000750e00000, 0x0000000750e00000, 0x0000000751000000|  0%| F|  |TAMS 0x0000000750e00000, 0x0000000750e00000| Untracked 
| 100|0x0000000751000000, 0x0000000751000000, 0x0000000751200000|  0%| F|  |TAMS 0x0000000751000000, 0x0000000751000000| Untracked 
| 101|0x0000000751200000, 0x0000000751200000, 0x0000000751400000|  0%| F|  |TAMS 0x0000000751200000, 0x0000000751200000| Untracked 
| 102|0x0000000751400000, 0x0000000751400000, 0x0000000751600000|  0%| F|  |TAMS 0x0000000751400000, 0x0000000751400000| Untracked 
| 103|0x0000000751600000, 0x0000000751600000, 0x0000000751800000|  0%| F|  |TAMS 0x0000000751600000, 0x0000000751600000| Untracked 
| 104|0x0000000751800000, 0x0000000751800000, 0x0000000751a00000|  0%| F|  |TAMS 0x0000000751800000, 0x0000000751800000| Untracked 
| 105|0x0000000751a00000, 0x0000000751a00000, 0x0000000751c00000|  0%| F|  |TAMS 0x0000000751a00000, 0x0000000751a00000| Untracked 
| 106|0x0000000751c00000, 0x0000000751c00000, 0x0000000751e00000|  0%| F|  |TAMS 0x0000000751c00000, 0x0000000751c00000| Untracked 
| 107|0x0000000751e00000, 0x0000000751e00000, 0x0000000752000000|  0%| F|  |TAMS 0x0000000751e00000, 0x0000000751e00000| Untracked 
| 108|0x0000000752000000, 0x0000000752000000, 0x0000000752200000|  0%| F|  |TAMS 0x0000000752000000, 0x0000000752000000| Untracked 
| 109|0x0000000752200000, 0x0000000752200000, 0x0000000752400000|  0%| F|  |TAMS 0x0000000752200000, 0x0000000752200000| Untracked 
| 110|0x0000000752400000, 0x0000000752400000, 0x0000000752600000|  0%| F|  |TAMS 0x0000000752400000, 0x0000000752400000| Untracked 
| 111|0x0000000752600000, 0x0000000752600000, 0x0000000752800000|  0%| F|  |TAMS 0x0000000752600000, 0x0000000752600000| Untracked 
| 112|0x0000000752800000, 0x0000000752800000, 0x0000000752a00000|  0%| F|  |TAMS 0x0000000752800000, 0x0000000752800000| Untracked 
| 113|0x0000000752a00000, 0x0000000752a00000, 0x0000000752c00000|  0%| F|  |TAMS 0x0000000752a00000, 0x0000000752a00000| Untracked 
| 114|0x0000000752c00000, 0x0000000752c00000, 0x0000000752e00000|  0%| F|  |TAMS 0x0000000752c00000, 0x0000000752c00000| Untracked 
| 115|0x0000000752e00000, 0x0000000752e00000, 0x0000000753000000|  0%| F|  |TAMS 0x0000000752e00000, 0x0000000752e00000| Untracked 
| 116|0x0000000753000000, 0x0000000753000000, 0x0000000753200000|  0%| F|  |TAMS 0x0000000753000000, 0x0000000753000000| Untracked 
| 117|0x0000000753200000, 0x0000000753200000, 0x0000000753400000|  0%| F|  |TAMS 0x0000000753200000, 0x0000000753200000| Untracked 
| 118|0x0000000753400000, 0x0000000753400000, 0x0000000753600000|  0%| F|  |TAMS 0x0000000753400000, 0x0000000753400000| Untracked 
| 119|0x0000000753600000, 0x0000000753600000, 0x0000000753800000|  0%| F|  |TAMS 0x0000000753600000, 0x0000000753600000| Untracked 
| 120|0x0000000753800000, 0x0000000753800000, 0x0000000753a00000|  0%| F|  |TAMS 0x0000000753800000, 0x0000000753800000| Untracked 
| 121|0x0000000753a00000, 0x0000000753a00000, 0x0000000753c00000|  0%| F|  |TAMS 0x0000000753a00000, 0x0000000753a00000| Untracked 
| 122|0x0000000753c00000, 0x0000000753c00000, 0x0000000753e00000|  0%| F|  |TAMS 0x0000000753c00000, 0x0000000753c00000| Untracked 
| 123|0x0000000753e00000, 0x0000000753e00000, 0x0000000754000000|  0%| F|  |TAMS 0x0000000753e00000, 0x0000000753e00000| Untracked 
| 124|0x0000000754000000, 0x0000000754000000, 0x0000000754200000|  0%| F|  |TAMS 0x0000000754000000, 0x0000000754000000| Untracked 
| 125|0x0000000754200000, 0x0000000754200000, 0x0000000754400000|  0%| F|  |TAMS 0x0000000754200000, 0x0000000754200000| Untracked 
| 126|0x0000000754400000, 0x0000000754400000, 0x0000000754600000|  0%| F|  |TAMS 0x0000000754400000, 0x0000000754400000| Untracked 
| 127|0x0000000754600000, 0x0000000754600000, 0x0000000754800000|  0%| F|  |TAMS 0x0000000754600000, 0x0000000754600000| Untracked 
| 128|0x0000000754800000, 0x0000000754800000, 0x0000000754a00000|  0%| F|  |TAMS 0x0000000754800000, 0x0000000754800000| Untracked 
| 129|0x0000000754a00000, 0x0000000754a00000, 0x0000000754c00000|  0%| F|  |TAMS 0x0000000754a00000, 0x0000000754a00000| Untracked 
| 130|0x0000000754c00000, 0x0000000754c00000, 0x0000000754e00000|  0%| F|  |TAMS 0x0000000754c00000, 0x0000000754c00000| Untracked 
| 131|0x0000000754e00000, 0x0000000754e00000, 0x0000000755000000|  0%| F|  |TAMS 0x0000000754e00000, 0x0000000754e00000| Untracked 
| 132|0x0000000755000000, 0x0000000755000000, 0x0000000755200000|  0%| F|  |TAMS 0x0000000755000000, 0x0000000755000000| Untracked 
| 133|0x0000000755200000, 0x0000000755200000, 0x0000000755400000|  0%| F|  |TAMS 0x0000000755200000, 0x0000000755200000| Untracked 
| 134|0x0000000755400000, 0x0000000755400000, 0x0000000755600000|  0%| F|  |TAMS 0x0000000755400000, 0x0000000755400000| Untracked 
| 135|0x0000000755600000, 0x0000000755600000, 0x0000000755800000|  0%| F|  |TAMS 0x0000000755600000, 0x0000000755600000| Untracked 
| 136|0x0000000755800000, 0x0000000755800000, 0x0000000755a00000|  0%| F|  |TAMS 0x0000000755800000, 0x0000000755800000| Untracked 
| 137|0x0000000755a00000, 0x0000000755a00000, 0x0000000755c00000|  0%| F|  |TAMS 0x0000000755a00000, 0x0000000755a00000| Untracked 
| 138|0x0000000755c00000, 0x0000000755c00000, 0x0000000755e00000|  0%| F|  |TAMS 0x0000000755c00000, 0x0000000755c00000| Untracked 
| 139|0x0000000755e00000, 0x0000000755e00000, 0x0000000756000000|  0%| F|  |TAMS 0x0000000755e00000, 0x0000000755e00000| Untracked 
| 140|0x0000000756000000, 0x0000000756000000, 0x0000000756200000|  0%| F|  |TAMS 0x0000000756000000, 0x0000000756000000| Untracked 
| 141|0x0000000756200000, 0x0000000756200000, 0x0000000756400000|  0%| F|  |TAMS 0x0000000756200000, 0x0000000756200000| Untracked 
| 142|0x0000000756400000, 0x0000000756400000, 0x0000000756600000|  0%| F|  |TAMS 0x0000000756400000, 0x0000000756400000| Untracked 
| 143|0x0000000756600000, 0x0000000756600000, 0x0000000756800000|  0%| F|  |TAMS 0x0000000756600000, 0x0000000756600000| Untracked 
| 144|0x0000000756800000, 0x0000000756800000, 0x0000000756a00000|  0%| F|  |TAMS 0x0000000756800000, 0x0000000756800000| Untracked 
| 145|0x0000000756a00000, 0x0000000756a00000, 0x0000000756c00000|  0%| F|  |TAMS 0x0000000756a00000, 0x0000000756a00000| Untracked 
| 146|0x0000000756c00000, 0x0000000756c00000, 0x0000000756e00000|  0%| F|  |TAMS 0x0000000756c00000, 0x0000000756c00000| Untracked 
| 147|0x0000000756e00000, 0x0000000756e00000, 0x0000000757000000|  0%| F|  |TAMS 0x0000000756e00000, 0x0000000756e00000| Untracked 
| 148|0x0000000757000000, 0x0000000757000000, 0x0000000757200000|  0%| F|  |TAMS 0x0000000757000000, 0x0000000757000000| Untracked 
| 149|0x0000000757200000, 0x0000000757200000, 0x0000000757400000|  0%| F|  |TAMS 0x0000000757200000, 0x0000000757200000| Untracked 
| 150|0x0000000757400000, 0x0000000757400000, 0x0000000757600000|  0%| F|  |TAMS 0x0000000757400000, 0x0000000757400000| Untracked 
| 151|0x0000000757600000, 0x0000000757600000, 0x0000000757800000|  0%| F|  |TAMS 0x0000000757600000, 0x0000000757600000| Untracked 
| 152|0x0000000757800000, 0x0000000757800000, 0x0000000757a00000|  0%| F|  |TAMS 0x0000000757800000, 0x0000000757800000| Untracked 
| 153|0x0000000757a00000, 0x0000000757a00000, 0x0000000757c00000|  0%| F|  |TAMS 0x0000000757a00000, 0x0000000757a00000| Untracked 
| 154|0x0000000757c00000, 0x0000000757c00000, 0x0000000757e00000|  0%| F|  |TAMS 0x0000000757c00000, 0x0000000757c00000| Untracked 
| 155|0x0000000757e00000, 0x0000000757e00000, 0x0000000758000000|  0%| F|  |TAMS 0x0000000757e00000, 0x0000000757e00000| Untracked 
| 156|0x0000000758000000, 0x0000000758000000, 0x0000000758200000|  0%| F|  |TAMS 0x0000000758000000, 0x0000000758000000| Untracked 
| 157|0x0000000758200000, 0x0000000758200000, 0x0000000758400000|  0%| F|  |TAMS 0x0000000758200000, 0x0000000758200000| Untracked 
| 158|0x0000000758400000, 0x0000000758400000, 0x0000000758600000|  0%| F|  |TAMS 0x0000000758400000, 0x0000000758400000| Untracked 
| 159|0x0000000758600000, 0x0000000758600000, 0x0000000758800000|  0%| F|  |TAMS 0x0000000758600000, 0x0000000758600000| Untracked 
| 160|0x0000000758800000, 0x0000000758800000, 0x0000000758a00000|  0%| F|  |TAMS 0x0000000758800000, 0x0000000758800000| Untracked 
| 161|0x0000000758a00000, 0x0000000758a00000, 0x0000000758c00000|  0%| F|  |TAMS 0x0000000758a00000, 0x0000000758a00000| Untracked 
| 162|0x0000000758c00000, 0x0000000758c00000, 0x0000000758e00000|  0%| F|  |TAMS 0x0000000758c00000, 0x0000000758c00000| Untracked 
| 163|0x0000000758e00000, 0x0000000758e00000, 0x0000000759000000|  0%| F|  |TAMS 0x0000000758e00000, 0x0000000758e00000| Untracked 
| 164|0x0000000759000000, 0x0000000759000000, 0x0000000759200000|  0%| F|  |TAMS 0x0000000759000000, 0x0000000759000000| Untracked 
| 165|0x0000000759200000, 0x0000000759200000, 0x0000000759400000|  0%| F|  |TAMS 0x0000000759200000, 0x0000000759200000| Untracked 
| 166|0x0000000759400000, 0x0000000759400000, 0x0000000759600000|  0%| F|  |TAMS 0x0000000759400000, 0x0000000759400000| Untracked 
| 167|0x0000000759600000, 0x0000000759600000, 0x0000000759800000|  0%| F|  |TAMS 0x0000000759600000, 0x0000000759600000| Untracked 
| 168|0x0000000759800000, 0x0000000759800000, 0x0000000759a00000|  0%| F|  |TAMS 0x0000000759800000, 0x0000000759800000| Untracked 
| 169|0x0000000759a00000, 0x0000000759a00000, 0x0000000759c00000|  0%| F|  |TAMS 0x0000000759a00000, 0x0000000759a00000| Untracked 
| 170|0x0000000759c00000, 0x0000000759c00000, 0x0000000759e00000|  0%| F|  |TAMS 0x0000000759c00000, 0x0000000759c00000| Untracked 
| 171|0x0000000759e00000, 0x0000000759e00000, 0x000000075a000000|  0%| F|  |TAMS 0x0000000759e00000, 0x0000000759e00000| Untracked 
| 172|0x000000075a000000, 0x000000075a000000, 0x000000075a200000|  0%| F|  |TAMS 0x000000075a000000, 0x000000075a000000| Untracked 
| 173|0x000000075a200000, 0x000000075a200000, 0x000000075a400000|  0%| F|  |TAMS 0x000000075a200000, 0x000000075a200000| Untracked 
| 174|0x000000075a400000, 0x000000075a400000, 0x000000075a600000|  0%| F|  |TAMS 0x000000075a400000, 0x000000075a400000| Untracked 
| 175|0x000000075a600000, 0x000000075a600000, 0x000000075a800000|  0%| F|  |TAMS 0x000000075a600000, 0x000000075a600000| Untracked 
| 176|0x000000075a800000, 0x000000075a800000, 0x000000075aa00000|  0%| F|  |TAMS 0x000000075a800000, 0x000000075a800000| Untracked 
| 177|0x000000075aa00000, 0x000000075aa00000, 0x000000075ac00000|  0%| F|  |TAMS 0x000000075aa00000, 0x000000075aa00000| Untracked 
| 178|0x000000075ac00000, 0x000000075ac00000, 0x000000075ae00000|  0%| F|  |TAMS 0x000000075ac00000, 0x000000075ac00000| Untracked 
| 179|0x000000075ae00000, 0x000000075ae00000, 0x000000075b000000|  0%| F|  |TAMS 0x000000075ae00000, 0x000000075ae00000| Untracked 
| 180|0x000000075b000000, 0x000000075b000000, 0x000000075b200000|  0%| F|  |TAMS 0x000000075b000000, 0x000000075b000000| Untracked 
| 181|0x000000075b200000, 0x000000075b200000, 0x000000075b400000|  0%| F|  |TAMS 0x000000075b200000, 0x000000075b200000| Untracked 
| 182|0x000000075b400000, 0x000000075b400000, 0x000000075b600000|  0%| F|  |TAMS 0x000000075b400000, 0x000000075b400000| Untracked 
| 183|0x000000075b600000, 0x000000075b600000, 0x000000075b800000|  0%| F|  |TAMS 0x000000075b600000, 0x000000075b600000| Untracked 
| 184|0x000000075b800000, 0x000000075b800000, 0x000000075ba00000|  0%| F|  |TAMS 0x000000075b800000, 0x000000075b800000| Untracked 
| 185|0x000000075ba00000, 0x000000075ba00000, 0x000000075bc00000|  0%| F|  |TAMS 0x000000075ba00000, 0x000000075ba00000| Untracked 
| 186|0x000000075bc00000, 0x000000075bc00000, 0x000000075be00000|  0%| F|  |TAMS 0x000000075bc00000, 0x000000075bc00000| Untracked 
| 187|0x000000075be00000, 0x000000075be00000, 0x000000075c000000|  0%| F|  |TAMS 0x000000075be00000, 0x000000075be00000| Untracked 
| 188|0x000000075c000000, 0x000000075c000000, 0x000000075c200000|  0%| F|  |TAMS 0x000000075c000000, 0x000000075c000000| Untracked 
| 189|0x000000075c200000, 0x000000075c200000, 0x000000075c400000|  0%| F|  |TAMS 0x000000075c200000, 0x000000075c200000| Untracked 
| 190|0x000000075c400000, 0x000000075c400000, 0x000000075c600000|  0%| F|  |TAMS 0x000000075c400000, 0x000000075c400000| Untracked 
| 191|0x000000075c600000, 0x000000075c600000, 0x000000075c800000|  0%| F|  |TAMS 0x000000075c600000, 0x000000075c600000| Untracked 
| 192|0x000000075c800000, 0x000000075c800000, 0x000000075ca00000|  0%| F|  |TAMS 0x000000075c800000, 0x000000075c800000| Untracked 
| 193|0x000000075ca00000, 0x000000075ca00000, 0x000000075cc00000|  0%| F|  |TAMS 0x000000075ca00000, 0x000000075ca00000| Untracked 
| 194|0x000000075cc00000, 0x000000075cc00000, 0x000000075ce00000|  0%| F|  |TAMS 0x000000075cc00000, 0x000000075cc00000| Untracked 
| 195|0x000000075ce00000, 0x000000075ce00000, 0x000000075d000000|  0%| F|  |TAMS 0x000000075ce00000, 0x000000075ce00000| Untracked 
| 196|0x000000075d000000, 0x000000075d000000, 0x000000075d200000|  0%| F|  |TAMS 0x000000075d000000, 0x000000075d000000| Untracked 
| 197|0x000000075d200000, 0x000000075d200000, 0x000000075d400000|  0%| F|  |TAMS 0x000000075d200000, 0x000000075d200000| Untracked 
| 198|0x000000075d400000, 0x000000075d400000, 0x000000075d600000|  0%| F|  |TAMS 0x000000075d400000, 0x000000075d400000| Untracked 
| 199|0x000000075d600000, 0x000000075d600000, 0x000000075d800000|  0%| F|  |TAMS 0x000000075d600000, 0x000000075d600000| Untracked 
| 200|0x000000075d800000, 0x000000075d800000, 0x000000075da00000|  0%| F|  |TAMS 0x000000075d800000, 0x000000075d800000| Untracked 
| 201|0x000000075da00000, 0x000000075da00000, 0x000000075dc00000|  0%| F|  |TAMS 0x000000075da00000, 0x000000075da00000| Untracked 
| 202|0x000000075dc00000, 0x000000075dc00000, 0x000000075de00000|  0%| F|  |TAMS 0x000000075dc00000, 0x000000075dc00000| Untracked 
| 203|0x000000075de00000, 0x000000075de00000, 0x000000075e000000|  0%| F|  |TAMS 0x000000075de00000, 0x000000075de00000| Untracked 
| 204|0x000000075e000000, 0x000000075e000000, 0x000000075e200000|  0%| F|  |TAMS 0x000000075e000000, 0x000000075e000000| Untracked 
| 205|0x000000075e200000, 0x000000075e200000, 0x000000075e400000|  0%| F|  |TAMS 0x000000075e200000, 0x000000075e200000| Untracked 
| 206|0x000000075e400000, 0x000000075e400000, 0x000000075e600000|  0%| F|  |TAMS 0x000000075e400000, 0x000000075e400000| Untracked 
| 207|0x000000075e600000, 0x000000075e600000, 0x000000075e800000|  0%| F|  |TAMS 0x000000075e600000, 0x000000075e600000| Untracked 
| 208|0x000000075e800000, 0x000000075e800000, 0x000000075ea00000|  0%| F|  |TAMS 0x000000075e800000, 0x000000075e800000| Untracked 
| 209|0x000000075ea00000, 0x000000075ea00000, 0x000000075ec00000|  0%| F|  |TAMS 0x000000075ea00000, 0x000000075ea00000| Untracked 
| 210|0x000000075ec00000, 0x000000075ec00000, 0x000000075ee00000|  0%| F|  |TAMS 0x000000075ec00000, 0x000000075ec00000| Untracked 
| 211|0x000000075ee00000, 0x000000075ee00000, 0x000000075f000000|  0%| F|  |TAMS 0x000000075ee00000, 0x000000075ee00000| Untracked 
| 212|0x000000075f000000, 0x000000075f000000, 0x000000075f200000|  0%| F|  |TAMS 0x000000075f000000, 0x000000075f000000| Untracked 
| 213|0x000000075f200000, 0x000000075f200000, 0x000000075f400000|  0%| F|  |TAMS 0x000000075f200000, 0x000000075f200000| Untracked 
| 214|0x000000075f400000, 0x000000075f400000, 0x000000075f600000|  0%| F|  |TAMS 0x000000075f400000, 0x000000075f400000| Untracked 
| 215|0x000000075f600000, 0x000000075f600000, 0x000000075f800000|  0%| F|  |TAMS 0x000000075f600000, 0x000000075f600000| Untracked 
| 216|0x000000075f800000, 0x000000075fa00000, 0x000000075fa00000|100%| E|  |TAMS 0x000000075f800000, 0x000000075f800000| Complete 
| 217|0x000000075fa00000, 0x000000075fc00000, 0x000000075fc00000|100%| E|CS|TAMS 0x000000075fa00000, 0x000000075fa00000| Complete 
| 218|0x000000075fc00000, 0x000000075fe00000, 0x000000075fe00000|100%| E|CS|TAMS 0x000000075fc00000, 0x000000075fc00000| Complete 
| 219|0x000000075fe00000, 0x0000000760000000, 0x0000000760000000|100%| E|CS|TAMS 0x000000075fe00000, 0x000000075fe00000| Complete 
| 220|0x0000000760000000, 0x0000000760200000, 0x0000000760200000|100%| E|CS|TAMS 0x0000000760000000, 0x0000000760000000| Complete 
| 221|0x0000000760200000, 0x0000000760400000, 0x0000000760400000|100%| E|CS|TAMS 0x0000000760200000, 0x0000000760200000| Complete 
| 222|0x0000000760400000, 0x0000000760600000, 0x0000000760600000|100%| E|CS|TAMS 0x0000000760400000, 0x0000000760400000| Complete 
| 223|0x0000000760600000, 0x0000000760800000, 0x0000000760800000|100%| E|CS|TAMS 0x0000000760600000, 0x0000000760600000| Complete 
| 224|0x0000000760800000, 0x0000000760a00000, 0x0000000760a00000|100%| E|CS|TAMS 0x0000000760800000, 0x0000000760800000| Complete 
| 225|0x0000000760a00000, 0x0000000760c00000, 0x0000000760c00000|100%| E|CS|TAMS 0x0000000760a00000, 0x0000000760a00000| Complete 
| 226|0x0000000760c00000, 0x0000000760e00000, 0x0000000760e00000|100%| E|CS|TAMS 0x0000000760c00000, 0x0000000760c00000| Complete 
| 227|0x0000000760e00000, 0x0000000761000000, 0x0000000761000000|100%| E|CS|TAMS 0x0000000760e00000, 0x0000000760e00000| Complete 
| 228|0x0000000761000000, 0x0000000761200000, 0x0000000761200000|100%| E|CS|TAMS 0x0000000761000000, 0x0000000761000000| Complete 
| 229|0x0000000761200000, 0x0000000761400000, 0x0000000761400000|100%| E|CS|TAMS 0x0000000761200000, 0x0000000761200000| Complete 
| 230|0x0000000761400000, 0x0000000761600000, 0x0000000761600000|100%| E|CS|TAMS 0x0000000761400000, 0x0000000761400000| Complete 
| 231|0x0000000761600000, 0x0000000761800000, 0x0000000761800000|100%| E|CS|TAMS 0x0000000761600000, 0x0000000761600000| Complete 
| 232|0x0000000761800000, 0x0000000761a00000, 0x0000000761a00000|100%| E|CS|TAMS 0x0000000761800000, 0x0000000761800000| Complete 
| 233|0x0000000761a00000, 0x0000000761c00000, 0x0000000761c00000|100%| E|CS|TAMS 0x0000000761a00000, 0x0000000761a00000| Complete 
| 234|0x0000000761c00000, 0x0000000761e00000, 0x0000000761e00000|100%| E|CS|TAMS 0x0000000761c00000, 0x0000000761c00000| Complete 
| 235|0x0000000761e00000, 0x0000000762000000, 0x0000000762000000|100%| E|CS|TAMS 0x0000000761e00000, 0x0000000761e00000| Complete 
| 236|0x0000000762000000, 0x0000000762200000, 0x0000000762200000|100%| E|CS|TAMS 0x0000000762000000, 0x0000000762000000| Complete 
| 237|0x0000000762200000, 0x0000000762400000, 0x0000000762400000|100%| E|CS|TAMS 0x0000000762200000, 0x0000000762200000| Complete 
| 238|0x0000000762400000, 0x0000000762600000, 0x0000000762600000|100%| E|CS|TAMS 0x0000000762400000, 0x0000000762400000| Complete 
| 239|0x0000000762600000, 0x0000000762800000, 0x0000000762800000|100%| E|CS|TAMS 0x0000000762600000, 0x0000000762600000| Complete 
| 240|0x0000000762800000, 0x0000000762a00000, 0x0000000762a00000|100%| E|CS|TAMS 0x0000000762800000, 0x0000000762800000| Complete 
| 241|0x0000000762a00000, 0x0000000762c00000, 0x0000000762c00000|100%| E|CS|TAMS 0x0000000762a00000, 0x0000000762a00000| Complete 
| 242|0x0000000762c00000, 0x0000000762e00000, 0x0000000762e00000|100%| E|CS|TAMS 0x0000000762c00000, 0x0000000762c00000| Complete 
| 243|0x0000000762e00000, 0x0000000763000000, 0x0000000763000000|100%| E|CS|TAMS 0x0000000762e00000, 0x0000000762e00000| Complete 
| 244|0x0000000763000000, 0x0000000763200000, 0x0000000763200000|100%| E|CS|TAMS 0x0000000763000000, 0x0000000763000000| Complete 
| 245|0x0000000763200000, 0x0000000763400000, 0x0000000763400000|100%| E|CS|TAMS 0x0000000763200000, 0x0000000763200000| Complete 
| 246|0x0000000763400000, 0x0000000763600000, 0x0000000763600000|100%| E|CS|TAMS 0x0000000763400000, 0x0000000763400000| Complete 
| 247|0x0000000763600000, 0x0000000763800000, 0x0000000763800000|100%| E|CS|TAMS 0x0000000763600000, 0x0000000763600000| Complete 
| 248|0x0000000763800000, 0x0000000763a00000, 0x0000000763a00000|100%| E|CS|TAMS 0x0000000763800000, 0x0000000763800000| Complete 
| 249|0x0000000763a00000, 0x0000000763c00000, 0x0000000763c00000|100%| E|CS|TAMS 0x0000000763a00000, 0x0000000763a00000| Complete 
| 250|0x0000000763c00000, 0x0000000763e00000, 0x0000000763e00000|100%| E|CS|TAMS 0x0000000763c00000, 0x0000000763c00000| Complete 
| 251|0x0000000763e00000, 0x0000000764000000, 0x0000000764000000|100%| E|CS|TAMS 0x0000000763e00000, 0x0000000763e00000| Complete 
| 252|0x0000000764000000, 0x0000000764200000, 0x0000000764200000|100%| E|CS|TAMS 0x0000000764000000, 0x0000000764000000| Complete 
| 253|0x0000000764200000, 0x0000000764400000, 0x0000000764400000|100%| E|CS|TAMS 0x0000000764200000, 0x0000000764200000| Complete 
| 254|0x0000000764400000, 0x0000000764600000, 0x0000000764600000|100%| E|CS|TAMS 0x0000000764400000, 0x0000000764400000| Complete 
| 255|0x0000000764600000, 0x0000000764800000, 0x0000000764800000|100%| E|CS|TAMS 0x0000000764600000, 0x0000000764600000| Complete 
| 256|0x0000000764800000, 0x0000000764a00000, 0x0000000764a00000|100%| E|CS|TAMS 0x0000000764800000, 0x0000000764800000| Complete 
| 257|0x0000000764a00000, 0x0000000764c00000, 0x0000000764c00000|100%| E|CS|TAMS 0x0000000764a00000, 0x0000000764a00000| Complete 
| 258|0x0000000764c00000, 0x0000000764e00000, 0x0000000764e00000|100%| E|CS|TAMS 0x0000000764c00000, 0x0000000764c00000| Complete 
| 259|0x0000000764e00000, 0x0000000765000000, 0x0000000765000000|100%| E|CS|TAMS 0x0000000764e00000, 0x0000000764e00000| Complete 
| 260|0x0000000765000000, 0x0000000765200000, 0x0000000765200000|100%| E|CS|TAMS 0x0000000765000000, 0x0000000765000000| Complete 
| 261|0x0000000765200000, 0x0000000765400000, 0x0000000765400000|100%| E|CS|TAMS 0x0000000765200000, 0x0000000765200000| Complete 
| 262|0x0000000765400000, 0x0000000765600000, 0x0000000765600000|100%| E|CS|TAMS 0x0000000765400000, 0x0000000765400000| Complete 
| 263|0x0000000765600000, 0x0000000765800000, 0x0000000765800000|100%| E|CS|TAMS 0x0000000765600000, 0x0000000765600000| Complete 
| 264|0x0000000765800000, 0x0000000765a00000, 0x0000000765a00000|100%| E|CS|TAMS 0x0000000765800000, 0x0000000765800000| Complete 
| 265|0x0000000765a00000, 0x0000000765c00000, 0x0000000765c00000|100%| E|CS|TAMS 0x0000000765a00000, 0x0000000765a00000| Complete 
| 266|0x0000000765c00000, 0x0000000765e00000, 0x0000000765e00000|100%| E|CS|TAMS 0x0000000765c00000, 0x0000000765c00000| Complete 
| 267|0x0000000765e00000, 0x0000000766000000, 0x0000000766000000|100%| E|CS|TAMS 0x0000000765e00000, 0x0000000765e00000| Complete 
| 268|0x0000000766000000, 0x0000000766200000, 0x0000000766200000|100%| E|CS|TAMS 0x0000000766000000, 0x0000000766000000| Complete 
| 269|0x0000000766200000, 0x0000000766400000, 0x0000000766400000|100%| E|CS|TAMS 0x0000000766200000, 0x0000000766200000| Complete 

Card table byte_map: [0x00000176d90e0000,0x00000176d96c0000] _byte_map_base: 0x00000176d56bc000

Marking Bits (Prev, Next): (CMBitMap*) 0x00000176cd42ec70, (CMBitMap*) 0x00000176cd42ec30
 Prev Bits: [0x00000176dcb80000, 0x00000176dfa60000)
 Next Bits: [0x00000176d9ca0000, 0x00000176dcb80000)

Polling page: 0x00000176cbb50000

Metaspace:

Usage:
  Non-class:    105.90 MB used.
      Class:     15.39 MB used.
       Both:    121.28 MB used.

Virtual space:
  Non-class space:      128.00 MB reserved,     106.62 MB ( 83%) committed,  2 nodes.
      Class space:        1.00 GB reserved,      16.12 MB (  2%) committed,  1 nodes.
             Both:        1.12 GB reserved,     122.75 MB ( 11%) committed. 

Chunk freelists:
   Non-Class:  5.12 MB
       Class:  15.84 MB
        Both:  20.96 MB

MaxMetaspaceSize: unlimited
CompressedClassSpaceSize: 1.00 GB
Initial GC threshold: 21.00 MB
Current GC threshold: 201.56 MB
CDS: on
MetaspaceReclaimPolicy: balanced
 - commit_granule_bytes: 65536.
 - commit_granule_words: 8192.
 - virtual_space_node_default_size: 8388608.
 - enlarge_chunks_in_place: 1.
 - new_chunks_are_fully_committed: 0.
 - uncommit_free_chunks: 1.
 - use_allocation_guard: 0.
 - handle_deallocations: 1.


Internal statistics:

num_allocs_failed_limit: 9.
num_arena_births: 2682.
num_arena_deaths: 670.
num_vsnodes_births: 3.
num_vsnodes_deaths: 0.
num_space_committed: 1964.
num_space_uncommitted: 0.
num_chunks_returned_to_freelist: 887.
num_chunks_taken_from_freelist: 8870.
num_chunk_merges: 228.
num_chunk_splits: 5393.
num_chunks_enlarged: 3448.
num_inconsistent_stats: 0.

CodeCache: size=49152Kb used=35204Kb max_used=39739Kb free=13947Kb
 bounds [0x00000176d4d10000, 0x00000176d73e0000, 0x00000176d7d10000]
 total_blobs=20183 nmethods=19473 adapters=634
 compilation: enabled
              stopped_count=0, restarted_count=0
 full_count=0

Compilation events (20 events):
Event: 347.830 Thread 0x00000176e28aaaf0 19633       1       com.fasterxml.jackson.databind.DeserializationConfig::_withMapperFeatures (6 bytes)
Event: 347.831 Thread 0x00000176e28aaaf0 nmethod 19633 0x00000176d6ecea90 code [0x00000176d6ecec20, 0x00000176d6eced08]
Event: 347.831 Thread 0x00000176e28aaaf0 19634       1       com.fasterxml.jackson.databind.DeserializationConfig::_withMapperFeatures (30 bytes)
Event: 347.831 Thread 0x00000176e28aaaf0 nmethod 19634 0x00000176d6ece690 code [0x00000176d6ece820, 0x00000176d6ece9a8]
Event: 347.831 Thread 0x00000176e28aaaf0 19635       1       com.fasterxml.jackson.databind.DeserializationConfig::without (54 bytes)
Event: 347.831 Thread 0x00000176ea947960 nmethod 19632 0x00000176d6ece290 code [0x00000176d6ece420, 0x00000176d6ece5a8]
Event: 347.831 Thread 0x00000176ea946ec0 nmethod 19630 0x00000176d6ecd410 code [0x00000176d6ecd620, 0x00000176d6ecdf98]
Event: 347.831 Thread 0x00000176e28aaaf0 nmethod 19635 0x00000176d6ecd010 code [0x00000176d6ecd1a0, 0x00000176d6ecd348]
Event: 347.831 Thread 0x00000176ea947960 19636       1       org.springframework.http.converter.json.AbstractJackson2HttpMessageConverter::<init> (38 bytes)
Event: 347.831 Thread 0x00000176ea946ec0 19637       1       org.springframework.http.converter.AbstractGenericHttpMessageConverter::<init> (5 bytes)
Event: 347.831 Thread 0x00000176e28aaaf0 19638       1       org.springframework.http.converter.AbstractHttpMessageConverter::<init> (23 bytes)
Event: 347.831 Thread 0x00000176e28aaaf0 nmethod 19638 0x00000176d6ecc910 code [0x00000176d6eccae0, 0x00000176d6ecce48]
Event: 347.831 Thread 0x00000176e28aaaf0 19639       1       com.fasterxml.jackson.core.util.DefaultPrettyPrinter::indentObjectsWith (16 bytes)
Event: 347.831 Thread 0x00000176ea946ec0 nmethod 19637 0x00000176d6ecc210 code [0x00000176d6ecc3e0, 0x00000176d6ecc768]
Event: 347.831 Thread 0x00000176e28aaaf0 nmethod 19639 0x00000176d6ecbe90 code [0x00000176d6ecc020, 0x00000176d6ecc158]
Event: 347.831 Thread 0x00000176ea947960 nmethod 19636 0x00000176d6ecb410 code [0x00000176d6ecb600, 0x00000176d6ecbc08]
Event: 347.875 Thread 0x00000176e28aaaf0 19640       1       sun.nio.ch.ServerSocketChannelImpl::ensureOpen (16 bytes)
Event: 347.875 Thread 0x00000176ea947960 19641       1       sun.nio.ch.ServerSocketChannelImpl::isUnixSocket (16 bytes)
Event: 347.875 Thread 0x00000176ea947960 nmethod 19641 0x00000176d6ecb110 code [0x00000176d6ecb2a0, 0x00000176d6ecb398]
Event: 347.875 Thread 0x00000176e28aaaf0 nmethod 19640 0x00000176d6ecad10 code [0x00000176d6ecaea0, 0x00000176d6ecb028]

GC Heap History (20 events):
Event: 279.512 GC heap before
{Heap before GC invocations=121 (full 24):
 garbage-first heap   total 192512K, used 148352K [0x0000000744800000, 0x0000000800000000)
  region size 2048K, 46 young (94208K), 0 survivors (0K)
 Metaspace       used 119575K, committed 121024K, reserved 1179648K
  class space    used 15330K, committed 16064K, reserved 1048576K
}
Event: 279.515 GC heap after
{Heap after GC invocations=122 (full 24):
 garbage-first heap   total 231424K, used 62434K [0x0000000744800000, 0x0000000800000000)
  region size 2048K, 4 young (8192K), 4 survivors (8192K)
 Metaspace       used 119575K, committed 121024K, reserved 1179648K
  class space    used 15330K, committed 16064K, reserved 1048576K
}
Event: 279.706 GC heap before
{Heap before GC invocations=122 (full 24):
 garbage-first heap   total 231424K, used 177122K [0x0000000744800000, 0x0000000800000000)
  region size 2048K, 60 young (122880K), 4 survivors (8192K)
 Metaspace       used 120118K, committed 121600K, reserved 1179648K
  class space    used 15371K, committed 16128K, reserved 1048576K
}
Event: 279.710 GC heap after
{Heap after GC invocations=123 (full 24):
 garbage-first heap   total 231424K, used 66066K [0x0000000744800000, 0x0000000800000000)
  region size 2048K, 5 young (10240K), 5 survivors (10240K)
 Metaspace       used 120118K, committed 121600K, reserved 1179648K
  class space    used 15371K, committed 16128K, reserved 1048576K
}
Event: 308.129 GC heap before
{Heap before GC invocations=123 (full 24):
 garbage-first heap   total 231424K, used 180754K [0x0000000744800000, 0x0000000800000000)
  region size 2048K, 61 young (124928K), 5 survivors (10240K)
 Metaspace       used 120559K, committed 121984K, reserved 1179648K
  class space    used 15406K, committed 16128K, reserved 1048576K
}
Event: 308.134 GC heap after
{Heap after GC invocations=124 (full 24):
 garbage-first heap   total 231424K, used 67143K [0x0000000744800000, 0x0000000800000000)
  region size 2048K, 4 young (8192K), 4 survivors (8192K)
 Metaspace       used 120559K, committed 121984K, reserved 1179648K
  class space    used 15406K, committed 16128K, reserved 1048576K
}
Event: 341.998 GC heap before
{Heap before GC invocations=124 (full 24):
 garbage-first heap   total 231424K, used 101959K [0x0000000744800000, 0x0000000800000000)
  region size 2048K, 22 young (45056K), 4 survivors (8192K)
 Metaspace       used 120562K, committed 121984K, reserved 1179648K
  class space    used 15407K, committed 16128K, reserved 1048576K
}
Event: 342.052 GC heap after
{Heap after GC invocations=125 (full 25):
 garbage-first heap   total 204800K, used 57392K [0x0000000744800000, 0x0000000800000000)
  region size 2048K, 0 young (0K), 0 survivors (0K)
 Metaspace       used 120539K, committed 121984K, reserved 1179648K
  class space    used 15403K, committed 16128K, reserved 1048576K
}
Event: 342.409 GC heap before
{Heap before GC invocations=125 (full 25):
 garbage-first heap   total 204800K, used 163888K [0x0000000744800000, 0x0000000800000000)
  region size 2048K, 52 young (106496K), 0 survivors (0K)
 Metaspace       used 121483K, committed 122944K, reserved 1179648K
  class space    used 15515K, committed 16256K, reserved 1048576K
}
Event: 342.412 GC heap after
{Heap after GC invocations=126 (full 25):
 garbage-first heap   total 204800K, used 64128K [0x0000000744800000, 0x0000000800000000)
  region size 2048K, 4 young (8192K), 4 survivors (8192K)
 Metaspace       used 121483K, committed 122944K, reserved 1179648K
  class space    used 15515K, committed 16256K, reserved 1048576K
}
Event: 342.577 GC heap before
{Heap before GC invocations=126 (full 25):
 garbage-first heap   total 204800K, used 162432K [0x0000000744800000, 0x0000000800000000)
  region size 2048K, 52 young (106496K), 4 survivors (8192K)
 Metaspace       used 121903K, committed 123328K, reserved 1179648K
  class space    used 15543K, committed 16256K, reserved 1048576K
}
Event: 342.580 GC heap after
{Heap after GC invocations=127 (full 25):
 garbage-first heap   total 204800K, used 67290K [0x0000000744800000, 0x0000000800000000)
  region size 2048K, 5 young (10240K), 5 survivors (10240K)
 Metaspace       used 121903K, committed 123328K, reserved 1179648K
  class space    used 15543K, committed 16256K, reserved 1048576K
}
Event: 346.483 GC heap before
{Heap before GC invocations=127 (full 25):
 garbage-first heap   total 204800K, used 165594K [0x0000000744800000, 0x0000000800000000)
  region size 2048K, 53 young (108544K), 5 survivors (10240K)
 Metaspace       used 122380K, committed 123840K, reserved 1179648K
  class space    used 15582K, committed 16320K, reserved 1048576K
}
Event: 346.487 GC heap after
{Heap after GC invocations=128 (full 25):
 garbage-first heap   total 204800K, used 66522K [0x0000000744800000, 0x0000000800000000)
  region size 2048K, 3 young (6144K), 3 survivors (6144K)
 Metaspace       used 122380K, committed 123840K, reserved 1179648K
  class space    used 15582K, committed 16320K, reserved 1048576K
}
Event: 346.492 GC heap before
{Heap before GC invocations=128 (full 25):
 garbage-first heap   total 204800K, used 66522K [0x0000000744800000, 0x0000000800000000)
  region size 2048K, 4 young (8192K), 3 survivors (6144K)
 Metaspace       used 122380K, committed 123840K, reserved 1179648K
  class space    used 15582K, committed 16320K, reserved 1048576K
}
Event: 346.565 GC heap after
{Heap after GC invocations=129 (full 26):
 garbage-first heap   total 198656K, used 54424K [0x0000000744800000, 0x0000000800000000)
  region size 2048K, 0 young (0K), 0 survivors (0K)
 Metaspace       used 122358K, committed 123840K, reserved 1179648K
  class space    used 15579K, committed 16320K, reserved 1048576K
}
Event: 347.003 GC heap before
{Heap before GC invocations=129 (full 26):
 garbage-first heap   total 198656K, used 158872K [0x0000000744800000, 0x0000000800000000)
  region size 2048K, 51 young (104448K), 0 survivors (0K)
 Metaspace       used 123265K, committed 124736K, reserved 1179648K
  class space    used 15686K, committed 16448K, reserved 1048576K
}
Event: 347.008 GC heap after
{Heap after GC invocations=130 (full 26):
 garbage-first heap   total 198656K, used 61115K [0x0000000744800000, 0x0000000800000000)
  region size 2048K, 4 young (8192K), 4 survivors (8192K)
 Metaspace       used 123265K, committed 124736K, reserved 1179648K
  class space    used 15686K, committed 16448K, reserved 1048576K
}
Event: 347.278 GC heap before
{Heap before GC invocations=130 (full 26):
 garbage-first heap   total 198656K, used 157371K [0x0000000744800000, 0x0000000800000000)
  region size 2048K, 51 young (104448K), 4 survivors (8192K)
 Metaspace       used 123684K, committed 125120K, reserved 1179648K
  class space    used 15716K, committed 16448K, reserved 1048576K
}
Event: 347.642 GC heap after
{Heap after GC invocations=131 (full 26):
 garbage-first heap   total 552960K, used 64208K [0x0000000744800000, 0x0000000800000000)
  region size 2048K, 5 young (10240K), 5 survivors (10240K)
 Metaspace       used 123684K, committed 125120K, reserved 1179648K
  class space    used 15716K, committed 16448K, reserved 1048576K
}

Deoptimization events (18 events):
Event: 1.879 Thread 0x00000176e7035fa0 DEOPT PACKING pc=0x00000176d5254c9f sp=0x0000000e8e4ff080
Event: 1.879 Thread 0x00000176e7035fa0 DEOPT UNPACKING pc=0x00000176d4d62b43 sp=0x0000000e8e4fe4d8 mode 3
Event: 1.879 Thread 0x00000176e7035a90 DEOPT PACKING pc=0x00000176d525ca09 sp=0x0000000e8d2fdf90
Event: 1.879 Thread 0x00000176e7035a90 DEOPT UNPACKING pc=0x00000176d4d62b43 sp=0x0000000e8d2fd420 mode 3
Event: 3.002 Thread 0x00000176e7035a90 DEOPT PACKING pc=0x00000176d5b46874 sp=0x0000000e8d2fbfe0
Event: 3.002 Thread 0x00000176e7035a90 DEOPT UNPACKING pc=0x00000176d4d62b43 sp=0x0000000e8d2fb468 mode 0
Event: 3.286 Thread 0x00000176e7035a90 DEOPT PACKING pc=0x00000176d5cb8d04 sp=0x0000000e8d2fcb20
Event: 3.287 Thread 0x00000176e7035a90 DEOPT UNPACKING pc=0x00000176d4d62b43 sp=0x0000000e8d2fc0c8 mode 0
Event: 3.410 Thread 0x00000176e7035a90 DEOPT PACKING pc=0x00000176d5353954 sp=0x0000000e8d2fc880
Event: 3.410 Thread 0x00000176e7035a90 DEOPT UNPACKING pc=0x00000176d4d62b43 sp=0x0000000e8d2fbdd8 mode 0
Event: 3.814 Thread 0x00000176e7035a90 DEOPT PACKING pc=0x00000176d56b0ad2 sp=0x0000000e8d2fb4f0
Event: 3.814 Thread 0x00000176e7035a90 DEOPT UNPACKING pc=0x00000176d4d62b43 sp=0x0000000e8d2fa9f8 mode 3
Event: 3.814 Thread 0x00000176e7035a90 DEOPT PACKING pc=0x00000176d569ea55 sp=0x0000000e8d2fb4b0
Event: 3.814 Thread 0x00000176e7035a90 DEOPT UNPACKING pc=0x00000176d4d62b43 sp=0x0000000e8d2fa9f8 mode 3
Event: 4.226 Thread 0x00000176e7035a90 DEOPT PACKING pc=0x00000176d5ea737c sp=0x0000000e8d2fd930
Event: 4.226 Thread 0x00000176e7035a90 DEOPT UNPACKING pc=0x00000176d4d62b43 sp=0x0000000e8d2fcee8 mode 0
Event: 6.835 Thread 0x00000176e90ce580 DEOPT PACKING pc=0x00000176d5ed1dce sp=0x0000000e8ecfadb0
Event: 6.835 Thread 0x00000176e90ce580 DEOPT UNPACKING pc=0x00000176d4d62b43 sp=0x0000000e8ecfa1e8 mode 0

Classes unloaded (20 events):
Event: 279.160 Thread 0x00000176e2888cd0 Unloading class 0x0000017681f9c800 'jdk/internal/reflect/GeneratedSerializationConstructorAccessor162'
Event: 279.160 Thread 0x00000176e2888cd0 Unloading class 0x0000017681f9c400 'jdk/internal/reflect/GeneratedSerializationConstructorAccessor161'
Event: 279.160 Thread 0x00000176e2888cd0 Unloading class 0x0000017681f9c000 'jdk/internal/reflect/GeneratedSerializationConstructorAccessor160'
Event: 279.160 Thread 0x00000176e2888cd0 Unloading class 0x0000017681f94c00 'jdk/internal/reflect/GeneratedSerializationConstructorAccessor159'
Event: 279.160 Thread 0x00000176e2888cd0 Unloading class 0x0000017681f94400 'jdk/internal/reflect/GeneratedSerializationConstructorAccessor158'
Event: 279.160 Thread 0x00000176e2888cd0 Unloading class 0x0000017681f70000 'org/apache/catalina/loader/JdbcLeakPrevention'
Event: 342.012 Thread 0x00000176e2888cd0 Unloading class 0x0000017681fcc400 'jdk/internal/reflect/GeneratedSerializationConstructorAccessor169'
Event: 342.012 Thread 0x00000176e2888cd0 Unloading class 0x0000017681fcc000 'jdk/internal/reflect/GeneratedSerializationConstructorAccessor168'
Event: 342.012 Thread 0x00000176e2888cd0 Unloading class 0x0000017681fc1400 'jdk/internal/reflect/GeneratedSerializationConstructorAccessor167'
Event: 342.012 Thread 0x00000176e2888cd0 Unloading class 0x0000017681fc1000 'jdk/internal/reflect/GeneratedSerializationConstructorAccessor166'
Event: 342.012 Thread 0x00000176e2888cd0 Unloading class 0x0000017681fc0c00 'jdk/internal/reflect/GeneratedSerializationConstructorAccessor165'
Event: 342.012 Thread 0x00000176e2888cd0 Unloading class 0x0000017681fc0400 'jdk/internal/reflect/GeneratedSerializationConstructorAccessor164'
Event: 342.012 Thread 0x00000176e2888cd0 Unloading class 0x0000017681fa0000 'org/apache/catalina/loader/JdbcLeakPrevention'
Event: 346.508 Thread 0x00000176e2888cd0 Unloading class 0x0000017681ff5000 'jdk/internal/reflect/GeneratedSerializationConstructorAccessor175'
Event: 346.508 Thread 0x00000176e2888cd0 Unloading class 0x0000017681ff4c00 'jdk/internal/reflect/GeneratedSerializationConstructorAccessor174'
Event: 346.508 Thread 0x00000176e2888cd0 Unloading class 0x0000017681ff4800 'jdk/internal/reflect/GeneratedSerializationConstructorAccessor173'
Event: 346.508 Thread 0x00000176e2888cd0 Unloading class 0x0000017681ff4400 'jdk/internal/reflect/GeneratedSerializationConstructorAccessor172'
Event: 346.508 Thread 0x00000176e2888cd0 Unloading class 0x0000017681ff4000 'jdk/internal/reflect/GeneratedSerializationConstructorAccessor171'
Event: 346.508 Thread 0x00000176e2888cd0 Unloading class 0x0000017681fec400 'jdk/internal/reflect/GeneratedSerializationConstructorAccessor170'
Event: 346.508 Thread 0x00000176e2888cd0 Unloading class 0x0000017681fcc800 'org/apache/catalina/loader/JdbcLeakPrevention'

Classes redefined (0 events):
No events

Internal exceptions (20 events):
Event: 342.257 Thread 0x00000176ea081300 Exception <a 'java/lang/NoClassDefFoundError'{0x000000074dc23678}: org/springframework/batch/core/repository/JobRepository> (0x000000074dc23678) 
thrown [s\open\src\hotspot\share\oops\constantPool.cpp, line 835]
Event: 342.257 Thread 0x00000176ea081300 Exception <a 'java/lang/NoClassDefFoundError'{0x000000074dc23cc0}: org/quartz/Scheduler> (0x000000074dc23cc0) 
thrown [s\open\src\hotspot\share\oops\constantPool.cpp, line 835]
Event: 342.257 Thread 0x00000176ea081300 Exception <a 'java/lang/NoClassDefFoundError'{0x000000074dc24330}: org/springframework/session/jdbc/JdbcIndexedSessionRepository> (0x000000074dc24330) 
thrown [s\open\src\hotspot\share\oops\constantPool.cpp, line 835]
Event: 342.281 Thread 0x00000176ea081300 Exception <a 'sun/nio/fs/WindowsException'{0x000000074d4a6e70}> (0x000000074d4a6e70) 
thrown [s\open\src\hotspot\share\prims\jni.cpp, line 516]
Event: 342.281 Thread 0x00000176ea081300 Exception <a 'sun/nio/fs/WindowsException'{0x000000074d4a74c8}> (0x000000074d4a74c8) 
thrown [s\open\src\hotspot\share\prims\jni.cpp, line 516]
Event: 342.281 Thread 0x00000176ea081300 Exception <a 'sun/nio/fs/WindowsException'{0x000000074d4a7ba0}> (0x000000074d4a7ba0) 
thrown [s\open\src\hotspot\share\prims\jni.cpp, line 516]
Event: 342.286 Thread 0x00000176ea081300 Exception <a 'java/io/FileNotFoundException'{0x000000074d4ecf28}> (0x000000074d4ecf28) 
thrown [s\open\src\hotspot\share\prims\jni.cpp, line 516]
Event: 346.481 Thread 0x00000176ea07e570 Exception <a 'java/lang/InterruptedException'{0x000000074b15fe38}: sleep interrupted> (0x000000074b15fe38) 
thrown [s\open\src\hotspot\share\prims\jvm.cpp, line 3064]
Event: 346.579 Thread 0x00000176ea07ea80 Exception <a 'sun/nio/fs/WindowsException'{0x000000075098c390}> (0x000000075098c390) 
thrown [s\open\src\hotspot\share\prims\jni.cpp, line 516]
Event: 346.810 Thread 0x00000176ea07ea80 Exception <a 'java/lang/NoClassDefFoundError'{0x000000074d67e358}: org/flywaydb/core/Flyway> (0x000000074d67e358) 
thrown [s\open\src\hotspot\share\oops\constantPool.cpp, line 835]
Event: 346.810 Thread 0x00000176ea07ea80 Exception <a 'java/lang/NoClassDefFoundError'{0x000000074d67e9a8}: liquibase/integration/spring/SpringLiquibase> (0x000000074d67e9a8) 
thrown [s\open\src\hotspot\share\oops\constantPool.cpp, line 835]
Event: 346.813 Thread 0x00000176ea07ea80 Exception <a 'java/lang/NoClassDefFoundError'{0x000000074d736888}: org/jooq/DSLContext> (0x000000074d736888) 
thrown [s\open\src\hotspot\share\oops\constantPool.cpp, line 835]
Event: 346.813 Thread 0x00000176ea07ea80 Exception <a 'java/lang/NoClassDefFoundError'{0x000000074d756e08}: org/springframework/batch/core/repository/JobRepository> (0x000000074d756e08) 
thrown [s\open\src\hotspot\share\oops\constantPool.cpp, line 835]
Event: 346.813 Thread 0x00000176ea07ea80 Exception <a 'java/lang/NoClassDefFoundError'{0x000000074d757450}: org/quartz/Scheduler> (0x000000074d757450) 
thrown [s\open\src\hotspot\share\oops\constantPool.cpp, line 835]
Event: 346.813 Thread 0x00000176ea07ea80 Exception <a 'java/lang/NoClassDefFoundError'{0x000000074d757ac0}: org/springframework/session/jdbc/JdbcIndexedSessionRepository> (0x000000074d757ac0) 
thrown [s\open\src\hotspot\share\oops\constantPool.cpp, line 835]
Event: 346.845 Thread 0x00000176ea07ea80 Exception <a 'sun/nio/fs/WindowsException'{0x000000074cfd93e8}> (0x000000074cfd93e8) 
thrown [s\open\src\hotspot\share\prims\jni.cpp, line 516]
Event: 346.845 Thread 0x00000176ea07ea80 Exception <a 'sun/nio/fs/WindowsException'{0x000000074cfd9a40}> (0x000000074cfd9a40) 
thrown [s\open\src\hotspot\share\prims\jni.cpp, line 516]
Event: 346.845 Thread 0x00000176ea07ea80 Exception <a 'sun/nio/fs/WindowsException'{0x000000074cfda118}> (0x000000074cfda118) 
thrown [s\open\src\hotspot\share\prims\jni.cpp, line 516]
Event: 346.853 Thread 0x00000176ea07ea80 Exception <a 'java/io/FileNotFoundException'{0x000000074cc1f4a8}> (0x000000074cc1f4a8) 
thrown [s\open\src\hotspot\share\prims\jni.cpp, line 516]
Event: 349.393 Thread 0x00000176ea07e060 Exception <a 'java/lang/InterruptedException'{0x000000075f800040}: sleep interrupted> (0x000000075f800040) 
thrown [s\open\src\hotspot\share\prims\jvm.cpp, line 3064]

VM Operations (20 events):
Event: 308.134 Executing VM operation: G1CollectForAllocation done
Event: 341.998 Executing VM operation: G1CollectFull
Event: 342.053 Executing VM operation: G1CollectFull done
Event: 342.409 Executing VM operation: G1CollectForAllocation
Event: 342.412 Executing VM operation: G1CollectForAllocation done
Event: 342.576 Executing VM operation: G1CollectForAllocation
Event: 342.580 Executing VM operation: G1CollectForAllocation done
Event: 343.590 Executing VM operation: Cleanup
Event: 343.590 Executing VM operation: Cleanup done
Event: 346.483 Executing VM operation: G1CollectForAllocation
Event: 346.487 Executing VM operation: G1CollectForAllocation done
Event: 346.489 Executing VM operation: G1CollectFull
Event: 346.565 Executing VM operation: G1CollectFull done
Event: 347.002 Executing VM operation: G1CollectForAllocation
Event: 347.008 Executing VM operation: G1CollectForAllocation done
Event: 347.278 Executing VM operation: G1CollectForAllocation
Event: 347.642 Executing VM operation: G1CollectForAllocation done
Event: 348.652 Executing VM operation: Cleanup
Event: 348.652 Executing VM operation: Cleanup done
Event: 349.722 Executing VM operation: G1CollectFull

Events (20 events):
Event: 349.383 Thread 0x00000176ea081810 Thread exited: 0x00000176ea081810
Event: 349.391 Thread 0x00000176ea0845a0 Thread exited: 0x00000176ea0845a0
Event: 349.393 Thread 0x00000176ea084090 Thread exited: 0x00000176ea084090
Event: 349.393 Thread 0x00000176ea082230 Thread exited: 0x00000176ea082230
Event: 349.393 Thread 0x00000176ea080df0 Thread exited: 0x00000176ea080df0
Event: 349.393 Thread 0x00000176ea083b80 Thread exited: 0x00000176ea083b80
Event: 349.393 Thread 0x00000176ea0854d0 Thread exited: 0x00000176ea0854d0
Event: 349.393 Thread 0x00000176ea0803d0 Thread exited: 0x00000176ea0803d0
Event: 349.393 Thread 0x00000176ea083670 Thread exited: 0x00000176ea083670
Event: 349.393 Thread 0x00000176ea081300 Thread exited: 0x00000176ea081300
Event: 349.393 Thread 0x00000176ea081d20 Thread exited: 0x00000176ea081d20
Event: 349.393 Thread 0x00000176ea07fec0 Thread exited: 0x00000176ea07fec0
Event: 349.393 Thread 0x00000176ea0808e0 Thread exited: 0x00000176ea0808e0
Event: 349.393 Thread 0x00000176ea07e060 Thread exited: 0x00000176ea07e060
Event: 349.394 Thread 0x00000176ea07e570 Thread exited: 0x00000176ea07e570
Event: 349.394 Thread 0x00000176ea07f4a0 Thread exited: 0x00000176ea07f4a0
Event: 349.721 Thread 0x00000176ea081810 Thread added: 0x00000176ea081810
Event: 349.721 Thread 0x00000176ea082740 Thread exited: 0x00000176ea082740
Event: 349.721 Thread 0x00000176ea082c50 Thread exited: 0x00000176ea082c50
Event: 349.721 Thread 0x00000176ea081810 Thread exited: 0x00000176ea081810


Dynamic libraries:
0x00007ff79c7e0000 - 0x00007ff79c7f0000 	C:\Program Files\Java\jdk-17\bin\java.exe
0x00007ff88aca0000 - 0x00007ff88af03000 	C:\WINDOWS\SYSTEM32\ntdll.dll
0x00007ff889fa0000 - 0x00007ff88a068000 	C:\WINDOWS\System32\KERNEL32.DLL
0x00007ff888260000 - 0x00007ff888612000 	C:\WINDOWS\System32\KERNELBASE.dll
0x00007ff888070000 - 0x00007ff8881bb000 	C:\WINDOWS\System32\ucrtbase.dll
0x00007ff8836e0000 - 0x00007ff8836fb000 	C:\Program Files\Java\jdk-17\bin\VCRUNTIME140.dll
0x00007ff8840a0000 - 0x00007ff8840b9000 	C:\Program Files\Java\jdk-17\bin\jli.dll
0x00007ff88a1b0000 - 0x00007ff88a264000 	C:\WINDOWS\System32\ADVAPI32.dll
0x00007ff889c90000 - 0x00007ff889d39000 	C:\WINDOWS\System32\msvcrt.dll
0x00007ff8897c0000 - 0x00007ff889866000 	C:\WINDOWS\System32\sechost.dll
0x00007ff88a090000 - 0x00007ff88a1a6000 	C:\WINDOWS\System32\RPCRT4.dll
0x00007ff88a790000 - 0x00007ff88a958000 	C:\WINDOWS\System32\USER32.dll
0x00007ff888620000 - 0x00007ff888647000 	C:\WINDOWS\System32\win32u.dll
0x00007ff88a760000 - 0x00007ff88a78a000 	C:\WINDOWS\System32\GDI32.dll
0x00007ff870390000 - 0x00007ff870620000 	C:\WINDOWS\WinSxS\amd64_microsoft.windows.common-controls_6595b64144ccf1df_6.0.26100.2454_none_3e0b68a2e331ad60\COMCTL32.dll
0x00007ff888710000 - 0x00007ff88883b000 	C:\WINDOWS\System32\gdi32full.dll
0x00007ff8889c0000 - 0x00007ff888a63000 	C:\WINDOWS\System32\msvcp_win.dll
0x00007ff8804b0000 - 0x00007ff8804bb000 	C:\WINDOWS\SYSTEM32\VERSION.dll
0x00007ff889f60000 - 0x00007ff889f8f000 	C:\WINDOWS\System32\IMM32.DLL
0x00007ff884100000 - 0x00007ff88410c000 	C:\Program Files\Java\jdk-17\bin\vcruntime140_1.dll
0x00007ff848ee0000 - 0x00007ff848f6e000 	C:\Program Files\Java\jdk-17\bin\msvcp140.dll
0x00007fffe15c0000 - 0x00007fffe219f000 	C:\Program Files\Java\jdk-17\bin\server\jvm.dll
0x00007ff88a080000 - 0x00007ff88a088000 	C:\WINDOWS\System32\PSAPI.DLL
0x00007ff87d4d0000 - 0x00007ff87d506000 	C:\WINDOWS\SYSTEM32\WINMM.dll
0x00007ff86e8f0000 - 0x00007ff86e8fa000 	C:\WINDOWS\SYSTEM32\WSOCK32.dll
0x00007ff888d00000 - 0x00007ff888d74000 	C:\WINDOWS\System32\WS2_32.dll
0x00007ff886e70000 - 0x00007ff886e8a000 	C:\WINDOWS\SYSTEM32\kernel.appcore.dll
0x00007ff883710000 - 0x00007ff88371a000 	C:\Program Files\Java\jdk-17\bin\jimage.dll
0x00007ff885ae0000 - 0x00007ff885d21000 	C:\WINDOWS\SYSTEM32\DBGHELP.DLL
0x00007ff889880000 - 0x00007ff889bfe000 	C:\WINDOWS\System32\combase.dll
0x00007ff88aaf0000 - 0x00007ff88abc6000 	C:\WINDOWS\System32\OLEAUT32.dll
0x00007ff86d630000 - 0x00007ff86d669000 	C:\WINDOWS\SYSTEM32\dbgcore.DLL
0x00007ff8881c0000 - 0x00007ff888259000 	C:\WINDOWS\System32\bcryptPrimitives.dll
0x00007ff85d1e0000 - 0x00007ff85d205000 	C:\Program Files\Java\jdk-17\bin\java.dll
0x00007ff845fc0000 - 0x00007ff846097000 	C:\Program Files\Java\jdk-17\bin\jsvml.dll
0x00007ff888fd0000 - 0x00007ff8896d0000 	C:\WINDOWS\System32\SHELL32.dll
0x00007ff885d60000 - 0x00007ff886591000 	C:\WINDOWS\SYSTEM32\windows.storage.dll
0x00007ff8896e0000 - 0x00007ff8897ba000 	C:\WINDOWS\System32\SHCORE.dll
0x00007ff88a270000 - 0x00007ff88a2cd000 	C:\WINDOWS\System32\shlwapi.dll
0x00007ff887f80000 - 0x00007ff887fae000 	C:\WINDOWS\SYSTEM32\profapi.dll
0x00007ff882910000 - 0x00007ff882929000 	C:\Program Files\Java\jdk-17\bin\net.dll
0x00007ff881790000 - 0x00007ff8818b6000 	C:\WINDOWS\SYSTEM32\WINHTTP.dll
0x00007ff887350000 - 0x00007ff8873b8000 	C:\WINDOWS\system32\mswsock.dll
0x00007ff85ca80000 - 0x00007ff85ca96000 	C:\Program Files\Java\jdk-17\bin\nio.dll
0x00007ff85ca60000 - 0x00007ff85ca78000 	C:\Program Files\Java\jdk-17\bin\zip.dll
0x00007ff880d40000 - 0x00007ff880d4a000 	C:\Program Files\Java\jdk-17\bin\management.dll
0x00007ff877640000 - 0x00007ff87764b000 	C:\Program Files\Java\jdk-17\bin\management_ext.dll
0x00007ff887700000 - 0x00007ff88771c000 	C:\WINDOWS\SYSTEM32\CRYPTSP.dll
0x00007ff886dd0000 - 0x00007ff886e08000 	C:\WINDOWS\system32\rsaenh.dll
0x00007ff8873f0000 - 0x00007ff88741b000 	C:\WINDOWS\SYSTEM32\USERENV.dll
0x00007ff8879a0000 - 0x00007ff8879c6000 	C:\WINDOWS\SYSTEM32\bcrypt.dll
0x00007ff887580000 - 0x00007ff88758c000 	C:\WINDOWS\SYSTEM32\CRYPTBASE.dll
0x00007ff886890000 - 0x00007ff8868c2000 	C:\WINDOWS\SYSTEM32\IPHLPAPI.DLL
0x00007ff889c30000 - 0x00007ff889c3a000 	C:\WINDOWS\System32\NSI.dll
0x00007ff880fd0000 - 0x00007ff880fee000 	C:\WINDOWS\SYSTEM32\dhcpcsvc6.DLL
0x00007ff880f70000 - 0x00007ff880f95000 	C:\WINDOWS\SYSTEM32\dhcpcsvc.DLL
0x00007ff8868d0000 - 0x00007ff8869f5000 	C:\WINDOWS\SYSTEM32\DNSAPI.dll
0x00007ff874110000 - 0x00007ff87411e000 	C:\Program Files\Java\jdk-17\bin\sunmscapi.dll
0x00007ff888840000 - 0x00007ff8889b6000 	C:\WINDOWS\System32\CRYPT32.dll
0x00007ff887960000 - 0x00007ff887990000 	C:\WINDOWS\SYSTEM32\ncrypt.dll
0x00007ff887910000 - 0x00007ff88794f000 	C:\WINDOWS\SYSTEM32\NTASN1.dll
0x00007ff87d330000 - 0x00007ff87d33b000 	C:\Windows\System32\rasadhlp.dll
0x00007ff8806d0000 - 0x00007ff880755000 	C:\WINDOWS\System32\fwpuclnt.dll
0x00007ff884190000 - 0x00007ff8841a0000 	C:\Program Files\Java\jdk-17\bin\verify.dll
0x00007ff8514f0000 - 0x00007ff8514f8000 	C:\WINDOWS\system32\wshunix.dll

dbghelp: loaded successfully - version: 4.0.5 - missing functions: none
symbol engine: initialized successfully - sym options: 0x614 - pdb path: .;C:\Program Files\Java\jdk-17\bin;C:\WINDOWS\SYSTEM32;C:\WINDOWS\WinSxS\amd64_microsoft.windows.common-controls_6595b64144ccf1df_6.0.26100.2454_none_3e0b68a2e331ad60;C:\Program Files\Java\jdk-17\bin\server

VM Arguments:
jvm_args: -XX:TieredStopAtLevel=1 
java_command: site.easy.to.build.crm.CrmApplication
java_class_path (initial): D:\IT UNIVERSITY\WorkSpace\S6\Eval\crm-java-repository\crm-master\target\classes;C:\Users\mixan\.m2\repository\org\aspectj\aspectjweaver\1.9.19\aspectjweaver-1.9.19.jar;C:\Users\mixan\.m2\repository\com\zaxxer\HikariCP\5.0.1\HikariCP-5.0.1.jar;C:\Users\mixan\.m2\repository\org\springframework\spring-jdbc\6.0.9\spring-jdbc-6.0.9.jar;C:\Users\mixan\.m2\repository\org\hibernate\orm\hibernate-core\6.2.2.Final\hibernate-core-6.2.2.Final.jar;C:\Users\mixan\.m2\repository\jakarta\persistence\jakarta.persistence-api\3.1.0\jakarta.persistence-api-3.1.0.jar;C:\Users\mixan\.m2\repository\jakarta\transaction\jakarta.transaction-api\2.0.1\jakarta.transaction-api-2.0.1.jar;C:\Users\mixan\.m2\repository\org\jboss\logging\jboss-logging\3.5.0.Final\jboss-logging-3.5.0.Final.jar;C:\Users\mixan\.m2\repository\org\hibernate\common\hibernate-commons-annotations\6.0.6.Final\hibernate-commons-annotations-6.0.6.Final.jar;C:\Users\mixan\.m2\repository\io\smallrye\jandex\3.0.5\jandex-3.0.5.jar;C:\Users\mixan\.m2\repository\com\fasterxml\classmate\1.5.1\classmate-1.5.1.jar;C:\Users\mixan\.m2\repository\net\bytebuddy\byte-buddy\1.14.4\byte-buddy-1.14.4.jar;C:\Users\mixan\.m2\repository\org\glassfish\jaxb\jaxb-runtime\4.0.2\jaxb-runtime-4.0.2.jar;C:\Users\mixan\.m2\repository\org\glassfish\jaxb\jaxb-core\4.0.2\jaxb-core-4.0.2.jar;C:\Users\mixan\.m2\repository\org\glassfish\jaxb\txw2\4.0.2\txw2-4.0.2.jar;C:\Users\mixan\.m2\repository\com\sun\istack\istack-commons-runtime\4.1.1\istack-commons-runtime-4.1.1.jar;C:\Users\mixan\.m2\repository\jakarta\inject\jakarta.inject-api\2.0.1\jakarta.inject-api-2.0.1.jar;C:\Users\mixan\.m2\repository\org\antlr\antlr4-runtime\4.10.1\antlr4-runtime-4.10.1.jar;C:\Users\mixan\.m2\repository\org\springframework\data\spring-data-jpa\3.1.0\spring-data-jpa-3.1.0.jar;C:\Users\mixan\.m2\repository\org\springframework\data\spring-data-commons\3.1.0\spring-data-commons-3.1.0.jar;C:\Users\mixan\.m2\repository\org\springframework\spring-orm\6.0.
Launcher Type: SUN_STANDARD

[Global flags]
     intx CICompilerCount                          = 12                                        {product} {ergonomic}
     uint ConcGCThreads                            = 3                                         {product} {ergonomic}
     uint G1ConcRefinementThreads                  = 13                                        {product} {ergonomic}
   size_t G1HeapRegionSize                         = 2097152                                   {product} {ergonomic}
    uintx GCDrainStackTargetSize                   = 64                                        {product} {ergonomic}
   size_t InitialHeapSize                          = 197132288                                 {product} {ergonomic}
   size_t MarkStackSize                            = 4194304                                   {product} {ergonomic}
   size_t MaxHeapSize                              = 3145728000                                {product} {ergonomic}
   size_t MaxNewSize                               = 1887436800                                {product} {ergonomic}
   size_t MinHeapDeltaBytes                        = 2097152                                   {product} {ergonomic}
   size_t MinHeapSize                              = 8388608                                   {product} {ergonomic}
    uintx NonProfiledCodeHeapSize                  = 0                                      {pd product} {ergonomic}
     bool ProfileInterpreter                       = false                                  {pd product} {command line}
    uintx ProfiledCodeHeapSize                     = 0                                      {pd product} {ergonomic}
   size_t SoftMaxHeapSize                          = 3145728000                             {manageable} {ergonomic}
     intx TieredStopAtLevel                        = 1                                         {product} {command line}
     bool UseCompressedClassPointers               = true                           {product lp64_product} {ergonomic}
     bool UseCompressedOops                        = true                           {product lp64_product} {ergonomic}
     bool UseG1GC                                  = true                                      {product} {ergonomic}
     bool UseLargePagesIndividualAllocation        = false                                  {pd product} {ergonomic}

Logging:
Log output configuration:
 #0: stdout all=warning uptime,level,tags
 #1: stderr all=off uptime,level,tags

Environment Variables:
JAVA_HOME=C:\Program Files\Java\jdk-17
CLASSPATH=D:\IT UNIVERSITY\JAR\jakarta.servlet-api-6.1.0-M2.jar;D:\IT UNIVERSITY\JAR\mysql-connector-java-8.0.19.jar;D:\IT UNIVERSITY\JAR\ojdbc6.jar;D:\IT UNIVERSITY\JAR\postgresql-42.6.0.jar;D:\IT UNIVERSITY\JAR\javax.ejb.jar;D:\IT UNIVERSITY\JAR\jakarta.ws.rs-api-3.0.0.jar;D:\IT UNIVERSITY\JAR\jakarta.ejb-api-4.0.0.jar;D:\IT UNIVERSITY\JAR\gson-2.10.1.jar;D:\IT UNIVERSITY\JAR\javax.servlet-api-3.1.0.jar;D:\IT UNIVERSITY\JAR\jakarta.mail-1.6.7.jar;
PATH=C:\xampp\php;C:\Program Files\Git\bin;D:\app\mixan\product\11.2.0\dbhome_1\bin;C:\Program Files (x86)\Common Files\Oracle\Java\java8path;C:\Program Files (x86)\Common Files\Oracle\Java\javapath;C:\Program Files (x86)\Common Files\Intel\Shared Libraries\redist\intel64\compiler;C:\WINDOWS\system32;C:\WINDOWS;C:\WINDOWS\System32\Wbem;C:\WINDOWS\System32\WindowsPowerShell\v1.0\;C:\WINDOWS\System32\OpenSSH\;C:\Program Files (x86)\NVIDIA Corporation\PhysX\Common;C:\Program Files\nodejs\;C:\Ant\apache-ant-1.10.15\bin;C:\Program Files\Java\jdk1.8.0_152\;C:\Program Files\Java\jdk-17\bin;C:\Program Files\PostgreSQL\16\bin;C:\Program Files\Git\cmd;C:\Program Files\NVIDIA Corporation\NVIDIA app\NvDLISR;C:\Program Files\dotnet\;D:\Logiciel\toolbox\Android\Sdk\platform-tools;D:\Logiciel;D:\Logiciel\7-Zip;C:\Users\mixan\AppData\Local\Programs\Python\Python313;C:\Users\mixan\AppData\Local\Programs\Python\Python313\Scripts;C:\ProgramData\ComposerSetup\bin;C:\xampp\php;C:\Program Files\Git\bin;D:\app\mixan\product\11.2.0\dbhome_1\bin;C:\Program Files (x86)\Common Files\Oracle\Java\java8path;C:\Program Files (x86)\Common Files\Oracle\Java\javapath;C:\Program Files (x86)\Common Files\Intel\Shared Libraries\redist\intel64\compiler;C:\WINDOWS\system32;C:\WINDOWS;C:\WINDOWS\System32\Wbem;C:\WINDOWS\System32\WindowsPowerShell\v1.0\;C:\WINDOWS\System32\OpenSSH\;C:\Program Files (x86)\NVIDIA Corporation\PhysX\Common;C:\Program Files\nodejs\;C:\Ant\apache-ant-1.10.15\bin;C:\Program Files\Java\jdk1.8.0_152\;C:\Program Files\Java\jdk-17\bin;C:\Program Files\PostgreSQL\16\bin;C:\Program Files\Git\cmd;C:\Program Files\NVIDIA Corporation\NVIDIA app\NvDLISR;C:\Program Files\dotnet\;D:\Logiciel\toolbox\Android\Sdk\platform-tools;D:\Logiciel;D:\Logiciel\7-Zip;C:\Users\mixan\AppData\Local\Programs\Python\Launcher\;C:\Users\mixan\scoop\shims;C:\Users\mixan\AppData\Local\Microsoft\WindowsApps;C:\Users\mixan\AppData\Local\Programs\Microsoft VS Code\bin;C:\Users\mixan\AppData\Local\GitHubDesktop\bin;C:\
USERNAME=mixan
LANG=en_US.UTF-8
OS=Windows_NT
PROCESSOR_IDENTIFIER=Intel64 Family 6 Model 154 Stepping 3, GenuineIntel



---------------  S Y S T E M  ---------------

OS:
 Windows 11 , 64 bit Build 26100 (10.0.26100.2454)
OS uptime: 0 days 4:09 hours
Hyper-V role detected

CPU: total 16 (initial active 16) (8 cores per cpu, 2 threads per core) family 6 model 154 stepping 3 microcode 0x421, cx8, cmov, fxsr, ht, mmx, 3dnowpref, sse, sse2, sse3, ssse3, sse4.1, sse4.2, popcnt, lzcnt, tsc, tscinvbit, avx, avx2, aes, erms, clmul, bmi1, bmi2, adx, sha, fma, vzeroupper, clflush, clflushopt, clwb, hv

Memory: 4k page, system-wide physical 11992M (1069M free)
TotalPageFile size 30689M (AvailPageFile size 2M)
current process WorkingSet (physical memory assigned to process): 544M, peak: 544M
current process commit charge ("private bytes"): 864M, peak: 866M

vm_info: Java HotSpot(TM) 64-Bit Server VM (17.0.10+11-LTS-240) for windows-amd64 JRE (17.0.10+11-LTS-240), built on Dec 19 2023 21:47:25 by "mach5one" with MS VC++ 17.1 (VS2022)

END.
