#
# There is insufficient memory for the Java Runtime Environment to continue.
# Native memory allocation (malloc) failed to allocate 1048576 bytes for AllocateHeap
# Possible reasons:
#   The system is out of physical RAM or swap space
#   The process is running with CompressedOops enabled, and the Java Heap may be blocking the growth of the native heap
# Possible solutions:
#   Reduce memory load on the system
#   Increase physical memory or swap space
#   Check if swap backing store is full
#   Decrease Java heap size (-Xmx/-Xms)
#   Decrease number of Java threads
#   Decrease Java thread stack sizes (-Xss)
#   Set larger code cache with -XX:ReservedCodeCacheSize=
#   JVM is running with Zero Based Compressed Oops mode in which the Java heap is
#     placed in the first 32GB address space. The Java Heap base address is the
#     maximum limit for the native heap growth. Please use -XX:HeapBaseMinAddress
#     to set the Java Heap base and to place the Java Heap above 32GB virtual address.
# This output file may be truncated or incomplete.
#
#  Out of Memory Error (allocation.cpp:44), pid=12280, tid=7620
#
# JRE version: Java(TM) SE Runtime Environment (17.0.10+11) (build 17.0.10+11-LTS-240)
# Java VM: Java HotSpot(TM) 64-Bit Server VM (17.0.10+11-LTS-240, mixed mode, emulated-client, sharing, tiered, compressed oops, compressed class ptrs, g1 gc, windows-amd64)
# No core dump will be written. Minidumps are not enabled by default on client versions of Windows
#

---------------  S U M M A R Y ------------

Command Line: -XX:TieredStopAtLevel=1 site.easy.to.build.crm.CrmApplication

Host: 12th Gen Intel(R) Core(TM) i5-12500H, 16 cores, 11G,  Windows 11 , 64 bit Build 26100 (10.0.26100.2454)
Time: Sun Mar 23 21:05:07 2025 Afrique de l, 64 bit Build 26100 (10.0.26100.2454) elapsed time: 505.369106 seconds (0d 0h 8m 25s)

---------------  T H R E A D  ---------------

Current thread (0x0000028f7fc1bfe0):  VMThread "VM Thread" [stack: 0x000000b9a1200000,0x000000b9a1300000] [id=7620]

Stack: [0x000000b9a1200000,0x000000b9a1300000]
Native frames: (J=compiled Java code, j=interpreted, Vv=VM code, C=native code)
V  [jvm.dll+0x677a5a]
V  [jvm.dll+0x7d8b2d]
V  [jvm.dll+0x7da48e]
V  [jvm.dll+0x7daaf3]
V  [jvm.dll+0x2455ff]
V  [jvm.dll+0xa5173]
V  [jvm.dll+0x2f4183]
V  [jvm.dll+0x2f00e0]
V  [jvm.dll+0x2d86b7]
V  [jvm.dll+0x31b227]
V  [jvm.dll+0x7df30b]
V  [jvm.dll+0x7e0044]
V  [jvm.dll+0x7e055d]
V  [jvm.dll+0x7e0934]
V  [jvm.dll+0x7e0a00]
V  [jvm.dll+0x78888a]
V  [jvm.dll+0x676935]
C  [ucrtbase.dll+0x14ea0]
C  [KERNEL32.DLL+0x2e8d7]
C  [ntdll.dll+0xdfbcc]

VM_Operation (0x000000b9a1bff250): G1CollectFull, mode: safepoint, requested by thread 0x0000028f598d3810


---------------  P R O C E S S  ---------------

Threads class SMR info:
_java_thread_list=0x0000028f5ba1fd20, length=14, elements={
0x0000028f7fc20a90, 0x0000028f7fc21650, 0x0000028f7fc3a6f0, 0x0000028f7fc3cfd0,
0x0000028f7fc3d990, 0x0000028f7fc3e350, 0x0000028f58000080, 0x0000028f580019a0,
0x0000028f5817e8d0, 0x0000028f58188470, 0x0000028f598d19b0, 0x0000028f598d1ec0,
0x0000028f587cab60, 0x0000028f598d3810
}

Java Threads: ( => current thread )
  0x0000028f7fc20a90 JavaThread "Reference Handler" daemon [_thread_blocked, id=17904, stack(0x000000b9a1300000,0x000000b9a1400000)]
  0x0000028f7fc21650 JavaThread "Finalizer" daemon [_thread_blocked, id=16036, stack(0x000000b9a1400000,0x000000b9a1500000)]
  0x0000028f7fc3a6f0 JavaThread "Signal Dispatcher" daemon [_thread_blocked, id=13504, stack(0x000000b9a1500000,0x000000b9a1600000)]
  0x0000028f7fc3cfd0 JavaThread "Attach Listener" daemon [_thread_blocked, id=8820, stack(0x000000b9a1600000,0x000000b9a1700000)]
  0x0000028f7fc3d990 JavaThread "Service Thread" daemon [_thread_blocked, id=20892, stack(0x000000b9a1700000,0x000000b9a1800000)]
  0x0000028f7fc3e350 JavaThread "Monitor Deflation Thread" daemon [_thread_blocked, id=2928, stack(0x000000b9a1800000,0x000000b9a1900000)]
  0x0000028f58000080 JavaThread "C1 CompilerThread0" daemon [_thread_blocked, id=8404, stack(0x000000b9a1900000,0x000000b9a1a00000)]
  0x0000028f580019a0 JavaThread "Sweeper thread" daemon [_thread_blocked, id=22080, stack(0x000000b9a1a00000,0x000000b9a1b00000)]
  0x0000028f5817e8d0 JavaThread "Notification Thread" daemon [_thread_blocked, id=21936, stack(0x000000b9a1e00000,0x000000b9a1f00000)]
  0x0000028f58188470 JavaThread "Common-Cleaner" daemon [_thread_blocked, id=23516, stack(0x000000b9a2000000,0x000000b9a2100000)]
  0x0000028f598d19b0 JavaThread "mysql-cj-abandoned-connection-cleanup" daemon [_thread_blocked, id=17148, stack(0x000000b9a3700000,0x000000b9a3800000)]
  0x0000028f598d1ec0 JavaThread "Live Reload Server" daemon [_thread_in_native, id=22716, stack(0x000000b9a3d00000,0x000000b9a3e00000)]
  0x0000028f587cab60 JavaThread "DestroyJavaVM" [_thread_blocked, id=23416, stack(0x000000b9a0c00000,0x000000b9a0d00000)]
  0x0000028f598d3810 JavaThread "Thread-67" [_thread_blocked, id=17788, stack(0x000000b9a1b00000,0x000000b9a1c00000)]

Other Threads:
=>0x0000028f7fc1bfe0 VMThread "VM Thread" [stack: 0x000000b9a1200000,0x000000b9a1300000] [id=7620]
  0x0000028f7d7894e0 WatcherThread [stack: 0x000000b9a1f00000,0x000000b9a2000000] [id=23320]
  0x0000028f7d72ed60 GCTaskThread "GC Thread#0" [stack: 0x000000b9a0d00000,0x000000b9a0e00000] [id=14876]
  0x0000028f589c15e0 GCTaskThread "GC Thread#1" [stack: 0x000000b9a2100000,0x000000b9a2200000] [id=22812]
  0x0000028f5899cb80 GCTaskThread "GC Thread#2" [stack: 0x000000b9a2200000,0x000000b9a2300000] [id=20416]
  0x0000028f5899ce40 GCTaskThread "GC Thread#3" [stack: 0x000000b9a2300000,0x000000b9a2400000] [id=20208]
  0x0000028f589ee020 GCTaskThread "GC Thread#4" [stack: 0x000000b9a2400000,0x000000b9a2500000] [id=22576]
  0x0000028f58bf7ea0 GCTaskThread "GC Thread#5" [stack: 0x000000b9a2800000,0x000000b9a2900000] [id=22256]
  0x0000028f58be9e50 GCTaskThread "GC Thread#6" [stack: 0x000000b9a2900000,0x000000b9a2a00000] [id=19508]
  0x0000028f58bea110 GCTaskThread "GC Thread#7" [stack: 0x000000b9a2a00000,0x000000b9a2b00000] [id=10388]
  0x0000028f593c9530 GCTaskThread "GC Thread#8" [stack: 0x000000b9a2700000,0x000000b9a2800000] [id=19816]
  0x0000028f592cdbc0 GCTaskThread "GC Thread#9" [stack: 0x000000b9a2e00000,0x000000b9a2f00000] [id=18796]
  0x0000028f592bc420 GCTaskThread "GC Thread#10" [stack: 0x000000b9a2f00000,0x000000b9a3000000] [id=13532]
  0x0000028f5933f390 GCTaskThread "GC Thread#11" [stack: 0x000000b9a3000000,0x000000b9a3100000] [id=22976]
  0x0000028f595ff310 GCTaskThread "GC Thread#12" [stack: 0x000000b9a3100000,0x000000b9a3200000] [id=21244]
  0x0000028f7d73b830 ConcurrentGCThread "G1 Main Marker" [stack: 0x000000b9a0e00000,0x000000b9a0f00000] [id=508]
  0x0000028f7d73cf10 ConcurrentGCThread "G1 Conc#0" [stack: 0x000000b9a0f00000,0x000000b9a1000000] [id=6388]
  0x0000028f59702f20 ConcurrentGCThread "G1 Conc#1" [stack: 0x000000b9a3200000,0x000000b9a3300000] [id=13276]
  0x0000028f596ec440 ConcurrentGCThread "G1 Conc#2" [stack: 0x000000b9a3300000,0x000000b9a3400000] [id=18804]
  0x0000028f7fadbdc0 ConcurrentGCThread "G1 Refine#0" [stack: 0x000000b9a1000000,0x000000b9a1100000] [id=22868]
  0x0000028f5a9f6440 ConcurrentGCThread "G1 Refine#1" [stack: 0x000000b9a0900000,0x000000b9a0a00000] [id=19040]
  0x0000028f7fadc690 ConcurrentGCThread "G1 Service" [stack: 0x000000b9a1100000,0x000000b9a1200000] [id=21596]

Threads with active compile tasks:

VM state: at safepoint (normal execution)

VM Mutex/Monitor currently owned by a thread:  ([mutex/lock_event])
[0x0000028f7d6d27a0] Threads_lock - owner thread: 0x0000028f7fc1bfe0
[0x0000028f7d6d1240] Heap_lock - owner thread: 0x0000028f598d3810

Heap address: 0x0000000744800000, size: 3000 MB, Compressed Oops mode: Zero based, Oop shift amount: 3

CDS archive(s) mapped at: [0x0000028f13000000-0x0000028f13bd0000-0x0000028f13bd0000), size 12386304, SharedBaseAddress: 0x0000028f13000000, ArchiveRelocationMode: 1.
Compressed class space mapped at: 0x0000028f14000000-0x0000028f54000000, reserved size: 1073741824
Narrow klass base: 0x0000028f13000000, Narrow klass shift: 0, Narrow klass range: 0x100000000

GC Precious Log:
 CPUs: 16 total, 16 available
 Memory: 11992M
 Large Page Support: Disabled
 NUMA Support: Disabled
 Compressed Oops: Enabled (Zero based)
 Heap Region Size: 2M
 Heap Min Capacity: 8M
 Heap Initial Capacity: 188M
 Heap Max Capacity: 3000M
 Pre-touch: Disabled
 Parallel Workers: 13
 Concurrent Workers: 3
 Concurrent Refinement Workers: 13
 Periodic GC: Disabled

Heap:
 garbage-first heap   total 210944K, used 122799K [0x0000000744800000, 0x0000000800000000)
  region size 2048K, 38 young (77824K), 3 survivors (6144K)
 Metaspace       used 105702K, committed 106944K, reserved 1179648K
  class space    used 13959K, committed 14592K, reserved 1048576K

Heap Regions: E=young(eden), S=young(survivor), O=old, HS=humongous(starts), HC=humongous(continues), CS=collection set, F=free, OA=open archive, CA=closed archive, TAMS=top-at-mark-start (previous, next)
|   0|0x0000000744800000, 0x0000000744a00000, 0x0000000744a00000|100%| O|  |TAMS 0x0000000744a00000, 0x0000000744800000| Untracked 
|   1|0x0000000744a00000, 0x0000000744c00000, 0x0000000744c00000|100%| O|  |TAMS 0x0000000744c00000, 0x0000000744a00000| Untracked 
|   2|0x0000000744c00000, 0x0000000744e00000, 0x0000000744e00000|100%| O|  |TAMS 0x0000000744e00000, 0x0000000744c00000| Untracked 
|   3|0x0000000744e00000, 0x0000000744fffff0, 0x0000000745000000| 99%| O|  |TAMS 0x0000000744fffff0, 0x0000000744e00000| Untracked 
|   4|0x0000000745000000, 0x00000007451fffc8, 0x0000000745200000| 99%| O|  |TAMS 0x00000007451fffc8, 0x0000000745000000| Untracked 
|   5|0x0000000745200000, 0x0000000745400000, 0x0000000745400000|100%| O|  |TAMS 0x0000000745400000, 0x0000000745200000| Untracked 
|   6|0x0000000745400000, 0x00000007455fd1e0, 0x0000000745600000| 99%| O|  |TAMS 0x00000007455fd1e0, 0x0000000745400000| Untracked 
|   7|0x0000000745600000, 0x00000007457ffff0, 0x0000000745800000| 99%| O|  |TAMS 0x00000007457ffff0, 0x0000000745600000| Untracked 
|   8|0x0000000745800000, 0x00000007459ffff8, 0x0000000745a00000| 99%| O|  |TAMS 0x00000007459ffff8, 0x0000000745800000| Untracked 
|   9|0x0000000745a00000, 0x0000000745bffff8, 0x0000000745c00000| 99%| O|  |TAMS 0x0000000745bffff8, 0x0000000745a00000| Untracked 
|  10|0x0000000745c00000, 0x0000000745dfffd8, 0x0000000745e00000| 99%| O|  |TAMS 0x0000000745dfffd8, 0x0000000745c00000| Untracked 
|  11|0x0000000745e00000, 0x0000000745ffffe8, 0x0000000746000000| 99%| O|  |TAMS 0x0000000745ffffe8, 0x0000000745e00000| Untracked 
|  12|0x0000000746000000, 0x00000007461ffff8, 0x0000000746200000| 99%| O|  |TAMS 0x00000007461ffff8, 0x0000000746000000| Untracked 
|  13|0x0000000746200000, 0x00000007463fffe0, 0x0000000746400000| 99%| O|  |TAMS 0x00000007463fffe0, 0x0000000746200000| Untracked 
|  14|0x0000000746400000, 0x00000007465df050, 0x0000000746600000| 93%| O|  |TAMS 0x00000007465df050, 0x0000000746400000| Untracked 
|  15|0x0000000746600000, 0x00000007467ffff0, 0x0000000746800000| 99%| O|  |TAMS 0x00000007467ffff0, 0x0000000746600000| Untracked 
|  16|0x0000000746800000, 0x000000074697b938, 0x0000000746a00000| 74%| O|  |TAMS 0x000000074697b938, 0x0000000746800000| Untracked 
|  17|0x0000000746a00000, 0x0000000746bfffe8, 0x0000000746c00000| 99%| O|  |TAMS 0x0000000746bfffe8, 0x0000000746a00000| Untracked 
|  18|0x0000000746c00000, 0x0000000746d8f890, 0x0000000746e00000| 78%| O|  |TAMS 0x0000000746d8f890, 0x0000000746c00000| Untracked 
|  19|0x0000000746e00000, 0x0000000746f34d48, 0x0000000747000000| 60%| O|  |TAMS 0x0000000746f34d48, 0x0000000746e00000| Untracked 
|  20|0x0000000747000000, 0x0000000747139338, 0x0000000747200000| 61%| O|  |TAMS 0x0000000747139338, 0x0000000747000000| Untracked 
|  21|0x0000000747200000, 0x00000007473c8f00, 0x0000000747400000| 89%| O|  |TAMS 0x00000007473c8f00, 0x0000000747200000| Untracked 
|  22|0x0000000747400000, 0x0000000747600000, 0x0000000747600000|100%| O|  |TAMS 0x0000000747400000, 0x0000000747400000| Untracked 
|  23|0x0000000747600000, 0x000000074761f5a8, 0x0000000747800000|  6%| O|  |TAMS 0x000000074761f5a8, 0x0000000747600000| Untracked 
|  24|0x0000000747800000, 0x0000000747a00000, 0x0000000747a00000|100%| O|  |TAMS 0x0000000747800000, 0x0000000747800000| Untracked 
|  25|0x0000000747a00000, 0x0000000747b47000, 0x0000000747c00000| 63%| O|  |TAMS 0x0000000747a00000, 0x0000000747a00000| Untracked 
|  26|0x0000000747c00000, 0x0000000747c00000, 0x0000000747e00000|  0%| F|  |TAMS 0x0000000747c00000, 0x0000000747c00000| Untracked 
|  27|0x0000000747e00000, 0x0000000747e00000, 0x0000000748000000|  0%| F|  |TAMS 0x0000000747e00000, 0x0000000747e00000| Untracked 
|  28|0x0000000748000000, 0x0000000748000000, 0x0000000748200000|  0%| F|  |TAMS 0x0000000748000000, 0x0000000748000000| Untracked 
|  29|0x0000000748200000, 0x0000000748200000, 0x0000000748400000|  0%| F|  |TAMS 0x0000000748200000, 0x0000000748200000| Untracked 
|  30|0x0000000748400000, 0x0000000748400000, 0x0000000748600000|  0%| F|  |TAMS 0x0000000748400000, 0x0000000748400000| Untracked 
|  31|0x0000000748600000, 0x0000000748600000, 0x0000000748800000|  0%| F|  |TAMS 0x0000000748600000, 0x0000000748600000| Untracked 
|  32|0x0000000748800000, 0x0000000748800000, 0x0000000748a00000|  0%| F|  |TAMS 0x0000000748800000, 0x0000000748800000| Untracked 
|  33|0x0000000748a00000, 0x0000000748a00000, 0x0000000748c00000|  0%| F|  |TAMS 0x0000000748a00000, 0x0000000748a00000| Untracked 
|  34|0x0000000748c00000, 0x0000000748c00000, 0x0000000748e00000|  0%| F|  |TAMS 0x0000000748c00000, 0x0000000748c00000| Untracked 
|  35|0x0000000748e00000, 0x0000000748f2bd90, 0x0000000749000000| 58%| S|CS|TAMS 0x0000000748e00000, 0x0000000748e00000| Complete 
|  36|0x0000000749000000, 0x0000000749200000, 0x0000000749200000|100%| S|CS|TAMS 0x0000000749000000, 0x0000000749000000| Complete 
|  37|0x0000000749200000, 0x0000000749400000, 0x0000000749400000|100%| S|CS|TAMS 0x0000000749200000, 0x0000000749200000| Complete 
|  38|0x0000000749400000, 0x0000000749400000, 0x0000000749600000|  0%| F|  |TAMS 0x0000000749400000, 0x0000000749400000| Untracked 
|  39|0x0000000749600000, 0x0000000749600000, 0x0000000749800000|  0%| F|  |TAMS 0x0000000749600000, 0x0000000749600000| Untracked 
|  40|0x0000000749800000, 0x0000000749800000, 0x0000000749a00000|  0%| F|  |TAMS 0x0000000749800000, 0x0000000749800000| Untracked 
|  41|0x0000000749a00000, 0x0000000749a00000, 0x0000000749c00000|  0%| F|  |TAMS 0x0000000749a00000, 0x0000000749a00000| Untracked 
|  42|0x0000000749c00000, 0x0000000749c00000, 0x0000000749e00000|  0%| F|  |TAMS 0x0000000749c00000, 0x0000000749c00000| Untracked 
|  43|0x0000000749e00000, 0x0000000749e00000, 0x000000074a000000|  0%| F|  |TAMS 0x0000000749e00000, 0x0000000749e00000| Untracked 
|  44|0x000000074a000000, 0x000000074a000000, 0x000000074a200000|  0%| F|  |TAMS 0x000000074a000000, 0x000000074a000000| Untracked 
|  45|0x000000074a200000, 0x000000074a200000, 0x000000074a400000|  0%| F|  |TAMS 0x000000074a200000, 0x000000074a200000| Untracked 
|  46|0x000000074a400000, 0x000000074a400000, 0x000000074a600000|  0%| F|  |TAMS 0x000000074a400000, 0x000000074a400000| Untracked 
|  47|0x000000074a600000, 0x000000074a600000, 0x000000074a800000|  0%| F|  |TAMS 0x000000074a600000, 0x000000074a600000| Untracked 
|  48|0x000000074a800000, 0x000000074a800000, 0x000000074aa00000|  0%| F|  |TAMS 0x000000074a800000, 0x000000074a800000| Untracked 
|  49|0x000000074aa00000, 0x000000074aa00000, 0x000000074ac00000|  0%| F|  |TAMS 0x000000074aa00000, 0x000000074aa00000| Untracked 
|  50|0x000000074ac00000, 0x000000074ac00000, 0x000000074ae00000|  0%| F|  |TAMS 0x000000074ac00000, 0x000000074ac00000| Untracked 
|  51|0x000000074ae00000, 0x000000074ae00000, 0x000000074b000000|  0%| F|  |TAMS 0x000000074ae00000, 0x000000074ae00000| Untracked 
|  52|0x000000074b000000, 0x000000074b000000, 0x000000074b200000|  0%| F|  |TAMS 0x000000074b000000, 0x000000074b000000| Untracked 
|  53|0x000000074b200000, 0x000000074b200000, 0x000000074b400000|  0%| F|  |TAMS 0x000000074b200000, 0x000000074b200000| Untracked 
|  54|0x000000074b400000, 0x000000074b400000, 0x000000074b600000|  0%| F|  |TAMS 0x000000074b400000, 0x000000074b400000| Untracked 
|  55|0x000000074b600000, 0x000000074b600000, 0x000000074b800000|  0%| F|  |TAMS 0x000000074b600000, 0x000000074b600000| Untracked 
|  56|0x000000074b800000, 0x000000074b800000, 0x000000074ba00000|  0%| F|  |TAMS 0x000000074b800000, 0x000000074b800000| Untracked 
|  57|0x000000074ba00000, 0x000000074ba00000, 0x000000074bc00000|  0%| F|  |TAMS 0x000000074ba00000, 0x000000074ba00000| Untracked 
|  58|0x000000074bc00000, 0x000000074bc00000, 0x000000074be00000|  0%| F|  |TAMS 0x000000074bc00000, 0x000000074bc00000| Untracked 
|  59|0x000000074be00000, 0x000000074be00000, 0x000000074c000000|  0%| F|  |TAMS 0x000000074be00000, 0x000000074be00000| Untracked 
|  60|0x000000074c000000, 0x000000074c000000, 0x000000074c200000|  0%| F|  |TAMS 0x000000074c000000, 0x000000074c000000| Untracked 
|  61|0x000000074c200000, 0x000000074c200000, 0x000000074c400000|  0%| F|  |TAMS 0x000000074c200000, 0x000000074c200000| Untracked 
|  62|0x000000074c400000, 0x000000074c400000, 0x000000074c600000|  0%| F|  |TAMS 0x000000074c400000, 0x000000074c400000| Untracked 
|  63|0x000000074c600000, 0x000000074c600000, 0x000000074c800000|  0%| F|  |TAMS 0x000000074c600000, 0x000000074c600000| Untracked 
|  64|0x000000074c800000, 0x000000074c800000, 0x000000074ca00000|  0%| F|  |TAMS 0x000000074c800000, 0x000000074c800000| Untracked 
|  65|0x000000074ca00000, 0x000000074ca00000, 0x000000074cc00000|  0%| F|  |TAMS 0x000000074ca00000, 0x000000074ca00000| Untracked 
|  66|0x000000074cc00000, 0x000000074cc00000, 0x000000074ce00000|  0%| F|  |TAMS 0x000000074cc00000, 0x000000074cc00000| Untracked 
|  67|0x000000074ce00000, 0x000000074ce8abe8, 0x000000074d000000| 27%| E|  |TAMS 0x000000074ce00000, 0x000000074ce00000| Complete 
|  68|0x000000074d000000, 0x000000074d200000, 0x000000074d200000|100%| E|CS|TAMS 0x000000074d000000, 0x000000074d000000| Complete 
|  69|0x000000074d200000, 0x000000074d400000, 0x000000074d400000|100%| E|CS|TAMS 0x000000074d200000, 0x000000074d200000| Complete 
|  70|0x000000074d400000, 0x000000074d600000, 0x000000074d600000|100%| E|CS|TAMS 0x000000074d400000, 0x000000074d400000| Complete 
|  71|0x000000074d600000, 0x000000074d800000, 0x000000074d800000|100%| E|CS|TAMS 0x000000074d600000, 0x000000074d600000| Complete 
|  72|0x000000074d800000, 0x000000074da00000, 0x000000074da00000|100%| E|CS|TAMS 0x000000074d800000, 0x000000074d800000| Complete 
|  73|0x000000074da00000, 0x000000074dc00000, 0x000000074dc00000|100%| E|CS|TAMS 0x000000074da00000, 0x000000074da00000| Complete 
|  74|0x000000074dc00000, 0x000000074de00000, 0x000000074de00000|100%| E|CS|TAMS 0x000000074dc00000, 0x000000074dc00000| Complete 
|  75|0x000000074de00000, 0x000000074de3b940, 0x000000074e000000| 11%| O|  |TAMS 0x000000074de3b940, 0x000000074de00000| Untracked 
|  76|0x000000074e000000, 0x000000074e200000, 0x000000074e200000|100%| E|CS|TAMS 0x000000074e000000, 0x000000074e000000| Complete 
|  77|0x000000074e200000, 0x000000074e400000, 0x000000074e400000|100%| E|CS|TAMS 0x000000074e200000, 0x000000074e200000| Complete 
|  78|0x000000074e400000, 0x000000074e600000, 0x000000074e600000|100%| E|CS|TAMS 0x000000074e400000, 0x000000074e400000| Complete 
|  79|0x000000074e600000, 0x000000074e800000, 0x000000074e800000|100%| E|CS|TAMS 0x000000074e600000, 0x000000074e600000| Complete 
|  80|0x000000074e800000, 0x000000074ea00000, 0x000000074ea00000|100%| E|CS|TAMS 0x000000074e800000, 0x000000074e800000| Complete 
|  81|0x000000074ea00000, 0x000000074ec00000, 0x000000074ec00000|100%| E|CS|TAMS 0x000000074ea00000, 0x000000074ea00000| Complete 
|  82|0x000000074ec00000, 0x000000074ee00000, 0x000000074ee00000|100%| E|CS|TAMS 0x000000074ec00000, 0x000000074ec00000| Complete 
|  83|0x000000074ee00000, 0x000000074f000000, 0x000000074f000000|100%| E|CS|TAMS 0x000000074ee00000, 0x000000074ee00000| Complete 
|  84|0x000000074f000000, 0x000000074f200000, 0x000000074f200000|100%| E|CS|TAMS 0x000000074f000000, 0x000000074f000000| Complete 
|  85|0x000000074f200000, 0x000000074f400000, 0x000000074f400000|100%| E|CS|TAMS 0x000000074f200000, 0x000000074f200000| Complete 
|  86|0x000000074f400000, 0x000000074f600000, 0x000000074f600000|100%| E|CS|TAMS 0x000000074f400000, 0x000000074f400000| Complete 
|  87|0x000000074f600000, 0x000000074f800000, 0x000000074f800000|100%| E|CS|TAMS 0x000000074f600000, 0x000000074f600000| Complete 
|  88|0x000000074f800000, 0x000000074fa00000, 0x000000074fa00000|100%| E|CS|TAMS 0x000000074f800000, 0x000000074f800000| Complete 
|  89|0x000000074fa00000, 0x000000074fc00000, 0x000000074fc00000|100%| E|CS|TAMS 0x000000074fa00000, 0x000000074fa00000| Complete 
|  90|0x000000074fc00000, 0x000000074fe00000, 0x000000074fe00000|100%| E|CS|TAMS 0x000000074fc00000, 0x000000074fc00000| Complete 
|  91|0x000000074fe00000, 0x0000000750000000, 0x0000000750000000|100%| E|CS|TAMS 0x000000074fe00000, 0x000000074fe00000| Complete 
|  92|0x0000000750000000, 0x0000000750200000, 0x0000000750200000|100%| E|CS|TAMS 0x0000000750000000, 0x0000000750000000| Complete 
|  93|0x0000000750200000, 0x0000000750400000, 0x0000000750400000|100%| E|CS|TAMS 0x0000000750200000, 0x0000000750200000| Complete 
|  94|0x0000000750400000, 0x0000000750600000, 0x0000000750600000|100%| E|CS|TAMS 0x0000000750400000, 0x0000000750400000| Complete 
|  95|0x0000000750600000, 0x0000000750800000, 0x0000000750800000|100%| E|CS|TAMS 0x0000000750600000, 0x0000000750600000| Complete 
|  96|0x0000000750800000, 0x0000000750a00000, 0x0000000750a00000|100%| E|CS|TAMS 0x0000000750800000, 0x0000000750800000| Complete 
|  97|0x0000000750a00000, 0x0000000750c00000, 0x0000000750c00000|100%| E|CS|TAMS 0x0000000750a00000, 0x0000000750a00000| Complete 
|  98|0x0000000750c00000, 0x0000000750e00000, 0x0000000750e00000|100%| E|CS|TAMS 0x0000000750c00000, 0x0000000750c00000| Complete 
|  99|0x0000000750e00000, 0x0000000751000000, 0x0000000751000000|100%| E|CS|TAMS 0x0000000750e00000, 0x0000000750e00000| Complete 
| 100|0x0000000751000000, 0x0000000751200000, 0x0000000751200000|100%| E|CS|TAMS 0x0000000751000000, 0x0000000751000000| Complete 
| 101|0x0000000751200000, 0x0000000751400000, 0x0000000751400000|100%| E|CS|TAMS 0x0000000751200000, 0x0000000751200000| Complete 
| 102|0x0000000751400000, 0x0000000751600000, 0x0000000751600000|100%| E|CS|TAMS 0x0000000751400000, 0x0000000751400000| Complete 

Card table byte_map: [0x0000028f7ebd0000,0x0000028f7f1b0000] _byte_map_base: 0x0000028f7b1ac000

Marking Bits (Prev, Next): (CMBitMap*) 0x0000028f7d72f3c0, (CMBitMap*) 0x0000028f7d72f380
 Prev Bits: [0x0000028f0d6c0000, 0x0000028f105a0000)
 Next Bits: [0x0000028f0a7e0000, 0x0000028f0d6c0000)

Polling page: 0x0000028f7bec0000

Metaspace:

Usage:
  Non-class:     89.59 MB used.
      Class:     13.63 MB used.
       Both:    103.22 MB used.

Virtual space:
  Non-class space:      128.00 MB reserved,      90.19 MB ( 70%) committed,  2 nodes.
      Class space:        1.00 GB reserved,      14.25 MB (  1%) committed,  1 nodes.
             Both:        1.12 GB reserved,     104.44 MB (  9%) committed. 

Chunk freelists:
   Non-Class:  5.52 MB
       Class:  1.70 MB
        Both:  7.22 MB

MaxMetaspaceSize: unlimited
CompressedClassSpaceSize: 1.00 GB
Initial GC threshold: 21.00 MB
Current GC threshold: 172.44 MB
CDS: on
MetaspaceReclaimPolicy: balanced
 - commit_granule_bytes: 65536.
 - commit_granule_words: 8192.
 - virtual_space_node_default_size: 8388608.
 - enlarge_chunks_in_place: 1.
 - new_chunks_are_fully_committed: 0.
 - uncommit_free_chunks: 1.
 - use_allocation_guard: 0.
 - handle_deallocations: 1.


Internal statistics:

num_allocs_failed_limit: 9.
num_arena_births: 2440.
num_arena_deaths: 522.
num_vsnodes_births: 3.
num_vsnodes_deaths: 0.
num_space_committed: 1671.
num_space_uncommitted: 0.
num_chunks_returned_to_freelist: 668.
num_chunks_taken_from_freelist: 7544.
num_chunk_merges: 171.
num_chunk_splits: 4643.
num_chunks_enlarged: 2933.
num_inconsistent_stats: 0.

CodeCache: size=49152Kb used=30887Kb max_used=34752Kb free=18264Kb
 bounds [0x0000028f077e0000, 0x0000028f09a70000, 0x0000028f0a7e0000]
 total_blobs=18506 nmethods=17798 adapters=634
 compilation: enabled
              stopped_count=0, restarted_count=0
 full_count=0

Compilation events (20 events):
Event: 498.686 Thread 0x0000028f583bb440 17957   !   1       jdk.internal.reflect.GeneratedMethodAccessor44::invoke (89 bytes)
Event: 498.686 Thread 0x0000028f583baef0 nmethod 17956 0x0000028f09782b10 code [0x0000028f09782d00, 0x0000028f097831c8]
Event: 498.686 Thread 0x0000028f583b99b0 17958   !   1       jdk.internal.reflect.GeneratedMethodAccessor45::invoke (66 bytes)
Event: 498.687 Thread 0x0000028f583baef0 17959   !   1       jdk.internal.reflect.GeneratedMethodAccessor46::invoke (89 bytes)
Event: 498.687 Thread 0x0000028f583bbee0 nmethod 17955 0x0000028f09782190 code [0x0000028f09782380, 0x0000028f09782828]
Event: 498.687 Thread 0x0000028f583bb440 nmethod 17957 0x0000028f09781590 code [0x0000028f097817a0, 0x0000028f09781db8]
Event: 498.687 Thread 0x0000028f583baef0 nmethod 17959 0x0000028f09780b10 code [0x0000028f09780d00, 0x0000028f09781218]
Event: 498.687 Thread 0x0000028f583b99b0 nmethod 17958 0x0000028f0977ff10 code [0x0000028f09780120, 0x0000028f09780778]
Event: 498.738 Thread 0x0000028f583baef0 17960       1       org.springframework.web.context.support.WebApplicationObjectSupport::<init> (5 bytes)
Event: 498.739 Thread 0x0000028f583bb440 17961       1       org.springframework.context.support.ApplicationObjectSupport::<init> (16 bytes)
Event: 498.739 Thread 0x0000028f583baef0 nmethod 17960 0x0000028f0977fa10 code [0x0000028f0977fbc0, 0x0000028f0977fdd8]
Event: 498.739 Thread 0x0000028f583bb440 nmethod 17961 0x0000028f0977f510 code [0x0000028f0977f6c0, 0x0000028f0977f8d8]
Event: 498.800 Thread 0x0000028f58000080 17962       1       org.springframework.http.converter.AbstractHttpMessageConverter::<init> (31 bytes)
Event: 498.800 Thread 0x0000028f58000080 nmethod 17962 0x0000028f0977ec90 code [0x0000028f0977ee80, 0x0000028f0977f2f8]
Event: 498.878 Thread 0x0000028f583b99b0 17963       1       java.util.TreeMap::<init> (20 bytes)
Event: 498.878 Thread 0x0000028f583b99b0 nmethod 17963 0x0000028f0977e910 code [0x0000028f0977eaa0, 0x0000028f0977ebd8]
Event: 504.358 Thread 0x0000028f58000080 17964       1       java.lang.Thread::getState (8 bytes)
Event: 504.358 Thread 0x0000028f58000080 nmethod 17964 0x0000028f0977e610 code [0x0000028f0977e7a0, 0x0000028f0977e888]
Event: 504.358 Thread 0x0000028f58000080 17965       1       jdk.internal.misc.VM::toThreadState (68 bytes)
Event: 504.358 Thread 0x0000028f58000080 nmethod 17965 0x0000028f0977e190 code [0x0000028f0977e360, 0x0000028f0977e598]

GC Heap History (20 events):
Event: 491.660 GC heap before
{Heap before GC invocations=101 (full 14):
 garbage-first heap   total 151552K, used 116116K [0x0000000744800000, 0x0000000800000000)
  region size 2048K, 35 young (71680K), 2 survivors (4096K)
 Metaspace       used 100469K, committed 101312K, reserved 1179648K
  class space    used 13345K, committed 13760K, reserved 1048576K
}
Event: 491.663 GC heap after
{Heap after GC invocations=102 (full 14):
 garbage-first heap   total 151552K, used 49628K [0x0000000744800000, 0x0000000800000000)
  region size 2048K, 3 young (6144K), 3 survivors (6144K)
 Metaspace       used 100469K, committed 101312K, reserved 1179648K
  class space    used 13345K, committed 13760K, reserved 1048576K
}
Event: 491.903 GC heap before
{Heap before GC invocations=102 (full 14):
 garbage-first heap   total 151552K, used 117212K [0x0000000744800000, 0x0000000800000000)
  region size 2048K, 36 young (73728K), 3 survivors (6144K)
 Metaspace       used 100878K, committed 101760K, reserved 1179648K
  class space    used 13377K, committed 13824K, reserved 1048576K
}
Event: 491.908 GC heap after
{Heap after GC invocations=103 (full 14):
 garbage-first heap   total 151552K, used 51845K [0x0000000744800000, 0x0000000800000000)
  region size 2048K, 4 young (8192K), 4 survivors (8192K)
 Metaspace       used 100878K, committed 101760K, reserved 1179648K
  class space    used 13377K, committed 13824K, reserved 1048576K
}
Event: 493.572 GC heap before
{Heap before GC invocations=103 (full 14):
 garbage-first heap   total 151552K, used 72325K [0x0000000744800000, 0x0000000800000000)
  region size 2048K, 15 young (30720K), 4 survivors (8192K)
 Metaspace       used 100887K, committed 101760K, reserved 1179648K
  class space    used 13380K, committed 13824K, reserved 1048576K
}
Event: 493.699 GC heap after
{Heap after GC invocations=104 (full 15):
 garbage-first heap   total 151552K, used 40781K [0x0000000744800000, 0x0000000800000000)
  region size 2048K, 0 young (0K), 0 survivors (0K)
 Metaspace       used 100865K, committed 101760K, reserved 1179648K
  class space    used 13376K, committed 13824K, reserved 1048576K
}
Event: 494.248 GC heap before
{Heap before GC invocations=104 (full 15):
 garbage-first heap   total 151552K, used 118605K [0x0000000744800000, 0x0000000800000000)
  region size 2048K, 38 young (77824K), 0 survivors (0K)
 Metaspace       used 102151K, committed 103168K, reserved 1179648K
  class space    used 13560K, committed 14080K, reserved 1048576K
}
Event: 494.252 GC heap after
{Heap after GC invocations=105 (full 15):
 garbage-first heap   total 210944K, used 46392K [0x0000000744800000, 0x0000000800000000)
  region size 2048K, 3 young (6144K), 3 survivors (6144K)
 Metaspace       used 102151K, committed 103168K, reserved 1179648K
  class space    used 13560K, committed 14080K, reserved 1048576K
}
Event: 494.738 GC heap before
{Heap before GC invocations=105 (full 15):
 garbage-first heap   total 210944K, used 161080K [0x0000000744800000, 0x0000000800000000)
  region size 2048K, 59 young (120832K), 3 survivors (6144K)
 Metaspace       used 102820K, committed 103936K, reserved 1179648K
  class space    used 13633K, committed 14208K, reserved 1048576K
}
Event: 494.744 GC heap after
{Heap after GC invocations=106 (full 15):
 garbage-first heap   total 210944K, used 50996K [0x0000000744800000, 0x0000000800000000)
  region size 2048K, 5 young (10240K), 5 survivors (10240K)
 Metaspace       used 102820K, committed 103936K, reserved 1179648K
  class space    used 13633K, committed 14208K, reserved 1048576K
}
Event: 495.283 GC heap before
{Heap before GC invocations=106 (full 15):
 garbage-first heap   total 210944K, used 163636K [0x0000000744800000, 0x0000000800000000)
  region size 2048K, 60 young (122880K), 5 survivors (10240K)
 Metaspace       used 103822K, committed 105088K, reserved 1179648K
  class space    used 13774K, committed 14400K, reserved 1048576K
}
Event: 495.294 GC heap after
{Heap after GC invocations=107 (full 15):
 garbage-first heap   total 210944K, used 54405K [0x0000000744800000, 0x0000000800000000)
  region size 2048K, 5 young (10240K), 5 survivors (10240K)
 Metaspace       used 103822K, committed 105088K, reserved 1179648K
  class space    used 13774K, committed 14400K, reserved 1048576K
}
Event: 497.023 GC heap before
{Heap before GC invocations=107 (full 15):
 garbage-first heap   total 210944K, used 60549K [0x0000000744800000, 0x0000000800000000)
  region size 2048K, 9 young (18432K), 5 survivors (10240K)
 Metaspace       used 103833K, committed 105088K, reserved 1179648K
  class space    used 13776K, committed 14400K, reserved 1048576K
}
Event: 497.144 GC heap after
{Heap after GC invocations=108 (full 16):
 garbage-first heap   total 163840K, used 42468K [0x0000000744800000, 0x0000000800000000)
  region size 2048K, 0 young (0K), 0 survivors (0K)
 Metaspace       used 103810K, committed 105088K, reserved 1179648K
  class space    used 13773K, committed 14400K, reserved 1048576K
}
Event: 497.934 GC heap before
{Heap before GC invocations=108 (full 16):
 garbage-first heap   total 163840K, used 124388K [0x0000000744800000, 0x0000000800000000)
  region size 2048K, 41 young (83968K), 0 survivors (0K)
 Metaspace       used 104608K, committed 105920K, reserved 1179648K
  class space    used 13868K, committed 14528K, reserved 1048576K
}
Event: 497.938 GC heap after
{Heap after GC invocations=109 (full 16):
 garbage-first heap   total 163840K, used 49156K [0x0000000744800000, 0x0000000800000000)
  region size 2048K, 4 young (8192K), 4 survivors (8192K)
 Metaspace       used 104608K, committed 105920K, reserved 1179648K
  class space    used 13868K, committed 14528K, reserved 1048576K
}
Event: 498.329 GC heap before
{Heap before GC invocations=110 (full 16):
 garbage-first heap   total 163840K, used 124932K [0x0000000744800000, 0x0000000800000000)
  region size 2048K, 41 young (83968K), 4 survivors (8192K)
 Metaspace       used 105069K, committed 106304K, reserved 1179648K
  class space    used 13909K, committed 14528K, reserved 1048576K
}
Event: 498.335 GC heap after
{Heap after GC invocations=111 (full 16):
 garbage-first heap   total 163840K, used 51944K [0x0000000744800000, 0x0000000800000000)
  region size 2048K, 5 young (10240K), 5 survivors (10240K)
 Metaspace       used 105069K, committed 106304K, reserved 1179648K
  class space    used 13909K, committed 14528K, reserved 1048576K
}
Event: 498.550 GC heap before
{Heap before GC invocations=111 (full 16):
 garbage-first heap   total 163840K, used 127720K [0x0000000744800000, 0x0000000800000000)
  region size 2048K, 42 young (86016K), 5 survivors (10240K)
 Metaspace       used 105316K, committed 106624K, reserved 1179648K
  class space    used 13926K, committed 14592K, reserved 1048576K
}
Event: 498.555 GC heap after
{Heap after GC invocations=112 (full 16):
 garbage-first heap   total 210944K, used 53167K [0x0000000744800000, 0x0000000800000000)
  region size 2048K, 3 young (6144K), 3 survivors (6144K)
 Metaspace       used 105316K, committed 106624K, reserved 1179648K
  class space    used 13926K, committed 14592K, reserved 1048576K
}

Deoptimization events (18 events):
Event: 2.113 Thread 0x0000028f589e3670 DEOPT PACKING pc=0x0000028f07d2b889 sp=0x000000b9a26fd480
Event: 2.113 Thread 0x0000028f589e3670 DEOPT UNPACKING pc=0x0000028f07832b43 sp=0x000000b9a26fc910 mode 3
Event: 2.113 Thread 0x0000028f598d0570 DEOPT PACKING pc=0x0000028f07d2339f sp=0x000000b9a39fecd0
Event: 2.113 Thread 0x0000028f598d0570 DEOPT UNPACKING pc=0x0000028f07832b43 sp=0x000000b9a39fe128 mode 3
Event: 3.238 Thread 0x0000028f589e3670 DEOPT PACKING pc=0x0000028f084724f4 sp=0x000000b9a26fbf70
Event: 3.238 Thread 0x0000028f589e3670 DEOPT UNPACKING pc=0x0000028f07832b43 sp=0x000000b9a26fb3f8 mode 0
Event: 3.622 Thread 0x0000028f589e3670 DEOPT PACKING pc=0x0000028f085d7b04 sp=0x000000b9a26fcab0
Event: 3.622 Thread 0x0000028f589e3670 DEOPT UNPACKING pc=0x0000028f07832b43 sp=0x000000b9a26fc058 mode 0
Event: 3.854 Thread 0x0000028f589e3670 DEOPT PACKING pc=0x0000028f07d96bd4 sp=0x000000b9a26fc810
Event: 3.854 Thread 0x0000028f589e3670 DEOPT UNPACKING pc=0x0000028f07832b43 sp=0x000000b9a26fbd68 mode 0
Event: 4.384 Thread 0x0000028f589e3670 DEOPT PACKING pc=0x0000028f08005fd2 sp=0x000000b9a26fb480
Event: 4.384 Thread 0x0000028f589e3670 DEOPT UNPACKING pc=0x0000028f07832b43 sp=0x000000b9a26fa988 mode 3
Event: 4.385 Thread 0x0000028f589e3670 DEOPT PACKING pc=0x0000028f08000e55 sp=0x000000b9a26fb440
Event: 4.385 Thread 0x0000028f589e3670 DEOPT UNPACKING pc=0x0000028f07832b43 sp=0x000000b9a26fa988 mode 3
Event: 4.882 Thread 0x0000028f589e3670 DEOPT PACKING pc=0x0000028f087d17fc sp=0x000000b9a26fd8c0
Event: 4.882 Thread 0x0000028f589e3670 DEOPT UNPACKING pc=0x0000028f07832b43 sp=0x000000b9a26fce78 mode 0
Event: 8.794 Thread 0x0000028f598d3810 DEOPT PACKING pc=0x0000028f087f9ace sp=0x000000b9a3efadd0
Event: 8.794 Thread 0x0000028f598d3810 DEOPT UNPACKING pc=0x0000028f07832b43 sp=0x000000b9a3efa208 mode 0

Classes unloaded (20 events):
Event: 490.360 Thread 0x0000028f7fc1bfe0 Unloading class 0x0000028f14d54000 'jdk/internal/reflect/GeneratedSerializationConstructorAccessor102'
Event: 490.360 Thread 0x0000028f7fc1bfe0 Unloading class 0x0000028f14d49400 'jdk/internal/reflect/GeneratedSerializationConstructorAccessor101'
Event: 490.360 Thread 0x0000028f7fc1bfe0 Unloading class 0x0000028f14d49000 'jdk/internal/reflect/GeneratedSerializationConstructorAccessor100'
Event: 490.360 Thread 0x0000028f7fc1bfe0 Unloading class 0x0000028f14d48c00 'jdk/internal/reflect/GeneratedSerializationConstructorAccessor99'
Event: 490.360 Thread 0x0000028f7fc1bfe0 Unloading class 0x0000028f14d48400 'jdk/internal/reflect/GeneratedSerializationConstructorAccessor98'
Event: 490.360 Thread 0x0000028f7fc1bfe0 Unloading class 0x0000028f14d28000 'org/apache/catalina/loader/JdbcLeakPrevention'
Event: 493.604 Thread 0x0000028f7fc1bfe0 Unloading class 0x0000028f14d80800 'jdk/internal/reflect/GeneratedSerializationConstructorAccessor109'
Event: 493.604 Thread 0x0000028f7fc1bfe0 Unloading class 0x0000028f14d80400 'jdk/internal/reflect/GeneratedSerializationConstructorAccessor108'
Event: 493.604 Thread 0x0000028f7fc1bfe0 Unloading class 0x0000028f14d80000 'jdk/internal/reflect/GeneratedSerializationConstructorAccessor107'
Event: 493.604 Thread 0x0000028f7fc1bfe0 Unloading class 0x0000028f14d7cc00 'jdk/internal/reflect/GeneratedSerializationConstructorAccessor106'
Event: 493.604 Thread 0x0000028f7fc1bfe0 Unloading class 0x0000028f14d7c800 'jdk/internal/reflect/GeneratedSerializationConstructorAccessor105'
Event: 493.604 Thread 0x0000028f7fc1bfe0 Unloading class 0x0000028f14d7c000 'jdk/internal/reflect/GeneratedSerializationConstructorAccessor104'
Event: 493.604 Thread 0x0000028f7fc1bfe0 Unloading class 0x0000028f14d54800 'org/apache/catalina/loader/JdbcLeakPrevention'
Event: 497.044 Thread 0x0000028f7fc1bfe0 Unloading class 0x0000028f14deb800 'jdk/internal/reflect/GeneratedSerializationConstructorAccessor115'
Event: 497.044 Thread 0x0000028f7fc1bfe0 Unloading class 0x0000028f14deb400 'jdk/internal/reflect/GeneratedSerializationConstructorAccessor114'
Event: 497.044 Thread 0x0000028f7fc1bfe0 Unloading class 0x0000028f14de1000 'jdk/internal/reflect/GeneratedSerializationConstructorAccessor113'
Event: 497.044 Thread 0x0000028f7fc1bfe0 Unloading class 0x0000028f14de0c00 'jdk/internal/reflect/GeneratedSerializationConstructorAccessor112'
Event: 497.044 Thread 0x0000028f7fc1bfe0 Unloading class 0x0000028f14de0800 'jdk/internal/reflect/GeneratedSerializationConstructorAccessor111'
Event: 497.044 Thread 0x0000028f7fc1bfe0 Unloading class 0x0000028f14ddf400 'jdk/internal/reflect/GeneratedSerializationConstructorAccessor110'
Event: 497.044 Thread 0x0000028f7fc1bfe0 Unloading class 0x0000028f14d80c00 'org/apache/catalina/loader/JdbcLeakPrevention'

Classes redefined (0 events):
No events

Internal exceptions (20 events):
Event: 494.075 Thread 0x0000028f598d14a0 Exception <a 'java/lang/NoClassDefFoundError'{0x000000074a641f28}: org/springframework/batch/core/repository/JobRepository> (0x000000074a641f28) 
thrown [s\open\src\hotspot\share\oops\constantPool.cpp, line 835]
Event: 494.075 Thread 0x0000028f598d14a0 Exception <a 'java/lang/NoClassDefFoundError'{0x000000074a642570}: org/quartz/Scheduler> (0x000000074a642570) 
thrown [s\open\src\hotspot\share\oops\constantPool.cpp, line 835]
Event: 494.075 Thread 0x0000028f598d14a0 Exception <a 'java/lang/NoClassDefFoundError'{0x000000074a642be0}: org/springframework/session/jdbc/JdbcIndexedSessionRepository> (0x000000074a642be0) 
thrown [s\open\src\hotspot\share\oops\constantPool.cpp, line 835]
Event: 494.116 Thread 0x0000028f598d14a0 Exception <a 'sun/nio/fs/WindowsException'{0x0000000749f65518}> (0x0000000749f65518) 
thrown [s\open\src\hotspot\share\prims\jni.cpp, line 516]
Event: 494.116 Thread 0x0000028f598d14a0 Exception <a 'sun/nio/fs/WindowsException'{0x0000000749f65b70}> (0x0000000749f65b70) 
thrown [s\open\src\hotspot\share\prims\jni.cpp, line 516]
Event: 494.117 Thread 0x0000028f598d14a0 Exception <a 'sun/nio/fs/WindowsException'{0x0000000749f66248}> (0x0000000749f66248) 
thrown [s\open\src\hotspot\share\prims\jni.cpp, line 516]
Event: 494.124 Thread 0x0000028f598d14a0 Exception <a 'java/io/FileNotFoundException'{0x0000000749fafd00}> (0x0000000749fafd00) 
thrown [s\open\src\hotspot\share\prims\jni.cpp, line 516]
Event: 497.015 Thread 0x0000028f598d2df0 Exception <a 'java/lang/InterruptedException'{0x000000075110fec0}: sleep interrupted> (0x000000075110fec0) 
thrown [s\open\src\hotspot\share\prims\jvm.cpp, line 3064]
Event: 497.155 Thread 0x0000028f587cb070 Exception <a 'sun/nio/fs/WindowsException'{0x000000074e6be420}> (0x000000074e6be420) 
thrown [s\open\src\hotspot\share\prims\jni.cpp, line 516]
Event: 497.684 Thread 0x0000028f587cb070 Exception <a 'java/lang/NoClassDefFoundError'{0x000000074b507c68}: org/flywaydb/core/Flyway> (0x000000074b507c68) 
thrown [s\open\src\hotspot\share\oops\constantPool.cpp, line 835]
Event: 497.684 Thread 0x0000028f587cb070 Exception <a 'java/lang/NoClassDefFoundError'{0x000000074b5082b8}: liquibase/integration/spring/SpringLiquibase> (0x000000074b5082b8) 
thrown [s\open\src\hotspot\share\oops\constantPool.cpp, line 835]
Event: 497.689 Thread 0x0000028f587cb070 Exception <a 'java/lang/NoClassDefFoundError'{0x000000074b5c0748}: org/jooq/DSLContext> (0x000000074b5c0748) 
thrown [s\open\src\hotspot\share\oops\constantPool.cpp, line 835]
Event: 497.690 Thread 0x0000028f587cb070 Exception <a 'java/lang/NoClassDefFoundError'{0x000000074b5e0cc8}: org/springframework/batch/core/repository/JobRepository> (0x000000074b5e0cc8) 
thrown [s\open\src\hotspot\share\oops\constantPool.cpp, line 835]
Event: 497.690 Thread 0x0000028f587cb070 Exception <a 'java/lang/NoClassDefFoundError'{0x000000074b5e1310}: org/quartz/Scheduler> (0x000000074b5e1310) 
thrown [s\open\src\hotspot\share\oops\constantPool.cpp, line 835]
Event: 497.690 Thread 0x0000028f587cb070 Exception <a 'java/lang/NoClassDefFoundError'{0x000000074b5e19a0}: org/springframework/session/jdbc/JdbcIndexedSessionRepository> (0x000000074b5e19a0) 
thrown [s\open\src\hotspot\share\oops\constantPool.cpp, line 835]
Event: 497.742 Thread 0x0000028f587cb070 Exception <a 'sun/nio/fs/WindowsException'{0x000000074aa62990}> (0x000000074aa62990) 
thrown [s\open\src\hotspot\share\prims\jni.cpp, line 516]
Event: 497.742 Thread 0x0000028f587cb070 Exception <a 'sun/nio/fs/WindowsException'{0x000000074aa62fe8}> (0x000000074aa62fe8) 
thrown [s\open\src\hotspot\share\prims\jni.cpp, line 516]
Event: 497.742 Thread 0x0000028f587cb070 Exception <a 'sun/nio/fs/WindowsException'{0x000000074aa636c0}> (0x000000074aa636c0) 
thrown [s\open\src\hotspot\share\prims\jni.cpp, line 516]
Event: 497.753 Thread 0x0000028f587cb070 Exception <a 'java/io/FileNotFoundException'{0x000000074aaa8900}> (0x000000074aaa8900) 
thrown [s\open\src\hotspot\share\prims\jni.cpp, line 516]
Event: 504.355 Thread 0x0000028f587c8d00 Exception <a 'java/lang/InterruptedException'{0x000000074d1151e8}: sleep interrupted> (0x000000074d1151e8) 
thrown [s\open\src\hotspot\share\prims\jvm.cpp, line 3064]

VM Operations (20 events):
Event: 494.745 Executing VM operation: G1CollectForAllocation done
Event: 495.282 Executing VM operation: G1CollectForAllocation
Event: 495.294 Executing VM operation: G1CollectForAllocation done
Event: 496.304 Executing VM operation: Cleanup
Event: 496.304 Executing VM operation: Cleanup done
Event: 497.022 Executing VM operation: G1CollectFull
Event: 497.145 Executing VM operation: G1CollectFull done
Event: 497.933 Executing VM operation: G1CollectForAllocation
Event: 497.938 Executing VM operation: G1CollectForAllocation done
Event: 497.980 Executing VM operation: G1Concurrent
Event: 498.018 Executing VM operation: G1Concurrent done
Event: 498.034 Executing VM operation: G1Concurrent
Event: 498.035 Executing VM operation: G1Concurrent done
Event: 498.329 Executing VM operation: G1CollectForAllocation
Event: 498.335 Executing VM operation: G1CollectForAllocation done
Event: 498.550 Executing VM operation: G1CollectForAllocation
Event: 498.556 Executing VM operation: G1CollectForAllocation done
Event: 499.563 Executing VM operation: Cleanup
Event: 499.563 Executing VM operation: Cleanup done
Event: 504.359 Executing VM operation: G1CollectFull

Events (20 events):
Event: 504.337 Thread 0x0000028f598d3810 Thread added: 0x0000028f598d3810
Event: 504.337 Thread 0x0000028f587cde00 Thread exited: 0x0000028f587cde00
Event: 504.351 Thread 0x0000028f598d2df0 Thread exited: 0x0000028f598d2df0
Event: 504.354 Thread 0x0000028f598d28e0 Thread exited: 0x0000028f598d28e0
Event: 504.354 Thread 0x0000028f587cfc60 Thread exited: 0x0000028f587cfc60
Event: 504.354 Thread 0x0000028f587cf750 Thread exited: 0x0000028f587cf750
Event: 504.354 Thread 0x0000028f598d0570 Thread exited: 0x0000028f598d0570
Event: 504.354 Thread 0x0000028f587cf240 Thread exited: 0x0000028f587cf240
Event: 504.354 Thread 0x0000028f587ce310 Thread exited: 0x0000028f587ce310
Event: 504.354 Thread 0x0000028f587ca650 Thread exited: 0x0000028f587ca650
Event: 504.354 Thread 0x0000028f598d23d0 Thread exited: 0x0000028f598d23d0
Event: 504.354 Thread 0x0000028f587ce820 Thread exited: 0x0000028f587ce820
Event: 504.355 Thread 0x0000028f598d14a0 Thread exited: 0x0000028f598d14a0
Event: 504.355 Thread 0x0000028f587ced30 Thread exited: 0x0000028f587ced30
Event: 504.355 Thread 0x0000028f587c8d00 Thread exited: 0x0000028f587c8d00
Event: 504.355 Thread 0x0000028f587ca140 Thread exited: 0x0000028f587ca140
Event: 504.355 Thread 0x0000028f587cc4b0 Thread exited: 0x0000028f587cc4b0
Event: 504.358 Thread 0x0000028f598d14a0 Thread added: 0x0000028f598d14a0
Event: 504.358 Thread 0x0000028f587c9720 Thread exited: 0x0000028f587c9720
Event: 504.359 Thread 0x0000028f598d14a0 Thread exited: 0x0000028f598d14a0


Dynamic libraries:
0x00007ff79c7e0000 - 0x00007ff79c7f0000 	C:\Program Files\Java\jdk-17\bin\java.exe
0x00007ff88aca0000 - 0x00007ff88af03000 	C:\WINDOWS\SYSTEM32\ntdll.dll
0x00007ff889fa0000 - 0x00007ff88a068000 	C:\WINDOWS\System32\KERNEL32.DLL
0x00007ff888260000 - 0x00007ff888612000 	C:\WINDOWS\System32\KERNELBASE.dll
0x00007ff888070000 - 0x00007ff8881bb000 	C:\WINDOWS\System32\ucrtbase.dll
0x00007ff8840d0000 - 0x00007ff8840e9000 	C:\Program Files\Java\jdk-17\bin\jli.dll
0x00007ff88a1b0000 - 0x00007ff88a264000 	C:\WINDOWS\System32\ADVAPI32.dll
0x00007ff8840b0000 - 0x00007ff8840cb000 	C:\Program Files\Java\jdk-17\bin\VCRUNTIME140.dll
0x00007ff889c90000 - 0x00007ff889d39000 	C:\WINDOWS\System32\msvcrt.dll
0x00007ff8897c0000 - 0x00007ff889866000 	C:\WINDOWS\System32\sechost.dll
0x00007ff88a090000 - 0x00007ff88a1a6000 	C:\WINDOWS\System32\RPCRT4.dll
0x00007ff88a790000 - 0x00007ff88a958000 	C:\WINDOWS\System32\USER32.dll
0x00007ff888620000 - 0x00007ff888647000 	C:\WINDOWS\System32\win32u.dll
0x00007ff88a760000 - 0x00007ff88a78a000 	C:\WINDOWS\System32\GDI32.dll
0x00007ff888710000 - 0x00007ff88883b000 	C:\WINDOWS\System32\gdi32full.dll
0x00007ff8889c0000 - 0x00007ff888a63000 	C:\WINDOWS\System32\msvcp_win.dll
0x00007ff870390000 - 0x00007ff870620000 	C:\WINDOWS\WinSxS\amd64_microsoft.windows.common-controls_6595b64144ccf1df_6.0.26100.2454_none_3e0b68a2e331ad60\COMCTL32.dll
0x00007ff8804b0000 - 0x00007ff8804bb000 	C:\WINDOWS\SYSTEM32\VERSION.dll
0x00007ff889f60000 - 0x00007ff889f8f000 	C:\WINDOWS\System32\IMM32.DLL
0x00007ff884190000 - 0x00007ff88419c000 	C:\Program Files\Java\jdk-17\bin\vcruntime140_1.dll
0x00007ff85fa30000 - 0x00007ff85fabe000 	C:\Program Files\Java\jdk-17\bin\msvcp140.dll
0x00007fffe15c0000 - 0x00007fffe219f000 	C:\Program Files\Java\jdk-17\bin\server\jvm.dll
0x00007ff88a080000 - 0x00007ff88a088000 	C:\WINDOWS\System32\PSAPI.DLL
0x00007ff87d4d0000 - 0x00007ff87d506000 	C:\WINDOWS\SYSTEM32\WINMM.dll
0x00007ff86e8f0000 - 0x00007ff86e8fa000 	C:\WINDOWS\SYSTEM32\WSOCK32.dll
0x00007ff888d00000 - 0x00007ff888d74000 	C:\WINDOWS\System32\WS2_32.dll
0x00007ff886e70000 - 0x00007ff886e8a000 	C:\WINDOWS\SYSTEM32\kernel.appcore.dll
0x00007ff8840a0000 - 0x00007ff8840aa000 	C:\Program Files\Java\jdk-17\bin\jimage.dll
0x00007ff885ae0000 - 0x00007ff885d21000 	C:\WINDOWS\SYSTEM32\DBGHELP.DLL
0x00007ff889880000 - 0x00007ff889bfe000 	C:\WINDOWS\System32\combase.dll
0x00007ff88aaf0000 - 0x00007ff88abc6000 	C:\WINDOWS\System32\OLEAUT32.dll
0x00007ff86d630000 - 0x00007ff86d669000 	C:\WINDOWS\SYSTEM32\dbgcore.DLL
0x00007ff8881c0000 - 0x00007ff888259000 	C:\WINDOWS\System32\bcryptPrimitives.dll
0x00007ff8729b0000 - 0x00007ff8729d5000 	C:\Program Files\Java\jdk-17\bin\java.dll
0x00007ff848e90000 - 0x00007ff848f67000 	C:\Program Files\Java\jdk-17\bin\jsvml.dll
0x00007ff888fd0000 - 0x00007ff8896d0000 	C:\WINDOWS\System32\SHELL32.dll
0x00007ff885d60000 - 0x00007ff886591000 	C:\WINDOWS\SYSTEM32\windows.storage.dll
0x00007ff8896e0000 - 0x00007ff8897ba000 	C:\WINDOWS\System32\SHCORE.dll
0x00007ff88a270000 - 0x00007ff88a2cd000 	C:\WINDOWS\System32\shlwapi.dll
0x00007ff887f80000 - 0x00007ff887fae000 	C:\WINDOWS\SYSTEM32\profapi.dll
0x00007ff8836e0000 - 0x00007ff8836f9000 	C:\Program Files\Java\jdk-17\bin\net.dll
0x00007ff881790000 - 0x00007ff8818b6000 	C:\WINDOWS\SYSTEM32\WINHTTP.dll
0x00007ff887350000 - 0x00007ff8873b8000 	C:\WINDOWS\system32\mswsock.dll
0x00007ff882910000 - 0x00007ff882926000 	C:\Program Files\Java\jdk-17\bin\nio.dll
0x00007ff880d40000 - 0x00007ff880d58000 	C:\Program Files\Java\jdk-17\bin\zip.dll
0x00007ff877640000 - 0x00007ff87764a000 	C:\Program Files\Java\jdk-17\bin\management.dll
0x00007ff874110000 - 0x00007ff87411b000 	C:\Program Files\Java\jdk-17\bin\management_ext.dll
0x00007ff887700000 - 0x00007ff88771c000 	C:\WINDOWS\SYSTEM32\CRYPTSP.dll
0x00007ff886dd0000 - 0x00007ff886e08000 	C:\WINDOWS\system32\rsaenh.dll
0x00007ff8873f0000 - 0x00007ff88741b000 	C:\WINDOWS\SYSTEM32\USERENV.dll
0x00007ff8879a0000 - 0x00007ff8879c6000 	C:\WINDOWS\SYSTEM32\bcrypt.dll
0x00007ff887580000 - 0x00007ff88758c000 	C:\WINDOWS\SYSTEM32\CRYPTBASE.dll
0x00007ff886890000 - 0x00007ff8868c2000 	C:\WINDOWS\SYSTEM32\IPHLPAPI.DLL
0x00007ff889c30000 - 0x00007ff889c3a000 	C:\WINDOWS\System32\NSI.dll
0x00007ff880fd0000 - 0x00007ff880fee000 	C:\WINDOWS\SYSTEM32\dhcpcsvc6.DLL
0x00007ff880f70000 - 0x00007ff880f95000 	C:\WINDOWS\SYSTEM32\dhcpcsvc.DLL
0x00007ff8868d0000 - 0x00007ff8869f5000 	C:\WINDOWS\SYSTEM32\DNSAPI.dll
0x00007ff874090000 - 0x00007ff87409e000 	C:\Program Files\Java\jdk-17\bin\sunmscapi.dll
0x00007ff888840000 - 0x00007ff8889b6000 	C:\WINDOWS\System32\CRYPT32.dll
0x00007ff887960000 - 0x00007ff887990000 	C:\WINDOWS\SYSTEM32\ncrypt.dll
0x00007ff887910000 - 0x00007ff88794f000 	C:\WINDOWS\SYSTEM32\NTASN1.dll
0x00007ff87d330000 - 0x00007ff87d33b000 	C:\Windows\System32\rasadhlp.dll
0x00007ff8806d0000 - 0x00007ff880755000 	C:\WINDOWS\System32\fwpuclnt.dll
0x00007ff883710000 - 0x00007ff883720000 	C:\Program Files\Java\jdk-17\bin\verify.dll
0x00007ff8514f0000 - 0x00007ff8514f8000 	C:\WINDOWS\system32\wshunix.dll

dbghelp: loaded successfully - version: 4.0.5 - missing functions: none
symbol engine: initialized successfully - sym options: 0x614 - pdb path: .;C:\Program Files\Java\jdk-17\bin;C:\WINDOWS\SYSTEM32;C:\WINDOWS\WinSxS\amd64_microsoft.windows.common-controls_6595b64144ccf1df_6.0.26100.2454_none_3e0b68a2e331ad60;C:\Program Files\Java\jdk-17\bin\server

VM Arguments:
jvm_args: -XX:TieredStopAtLevel=1 
java_command: site.easy.to.build.crm.CrmApplication
java_class_path (initial): D:\IT UNIVERSITY\WorkSpace\S6\Eval\crm-java-repository\crm-master\target\classes;C:\Users\mixan\.m2\repository\org\aspectj\aspectjweaver\1.9.19\aspectjweaver-1.9.19.jar;C:\Users\mixan\.m2\repository\com\zaxxer\HikariCP\5.0.1\HikariCP-5.0.1.jar;C:\Users\mixan\.m2\repository\org\springframework\spring-jdbc\6.0.9\spring-jdbc-6.0.9.jar;C:\Users\mixan\.m2\repository\org\hibernate\orm\hibernate-core\6.2.2.Final\hibernate-core-6.2.2.Final.jar;C:\Users\mixan\.m2\repository\jakarta\persistence\jakarta.persistence-api\3.1.0\jakarta.persistence-api-3.1.0.jar;C:\Users\mixan\.m2\repository\jakarta\transaction\jakarta.transaction-api\2.0.1\jakarta.transaction-api-2.0.1.jar;C:\Users\mixan\.m2\repository\org\jboss\logging\jboss-logging\3.5.0.Final\jboss-logging-3.5.0.Final.jar;C:\Users\mixan\.m2\repository\org\hibernate\common\hibernate-commons-annotations\6.0.6.Final\hibernate-commons-annotations-6.0.6.Final.jar;C:\Users\mixan\.m2\repository\io\smallrye\jandex\3.0.5\jandex-3.0.5.jar;C:\Users\mixan\.m2\repository\com\fasterxml\classmate\1.5.1\classmate-1.5.1.jar;C:\Users\mixan\.m2\repository\net\bytebuddy\byte-buddy\1.14.4\byte-buddy-1.14.4.jar;C:\Users\mixan\.m2\repository\org\glassfish\jaxb\jaxb-runtime\4.0.2\jaxb-runtime-4.0.2.jar;C:\Users\mixan\.m2\repository\org\glassfish\jaxb\jaxb-core\4.0.2\jaxb-core-4.0.2.jar;C:\Users\mixan\.m2\repository\org\glassfish\jaxb\txw2\4.0.2\txw2-4.0.2.jar;C:\Users\mixan\.m2\repository\com\sun\istack\istack-commons-runtime\4.1.1\istack-commons-runtime-4.1.1.jar;C:\Users\mixan\.m2\repository\jakarta\inject\jakarta.inject-api\2.0.1\jakarta.inject-api-2.0.1.jar;C:\Users\mixan\.m2\repository\org\antlr\antlr4-runtime\4.10.1\antlr4-runtime-4.10.1.jar;C:\Users\mixan\.m2\repository\org\springframework\data\spring-data-jpa\3.1.0\spring-data-jpa-3.1.0.jar;C:\Users\mixan\.m2\repository\org\springframework\data\spring-data-commons\3.1.0\spring-data-commons-3.1.0.jar;C:\Users\mixan\.m2\repository\org\springframework\spring-orm\6.0.
Launcher Type: SUN_STANDARD

[Global flags]
     intx CICompilerCount                          = 12                                        {product} {ergonomic}
     uint ConcGCThreads                            = 3                                         {product} {ergonomic}
     uint G1ConcRefinementThreads                  = 13                                        {product} {ergonomic}
   size_t G1HeapRegionSize                         = 2097152                                   {product} {ergonomic}
    uintx GCDrainStackTargetSize                   = 64                                        {product} {ergonomic}
   size_t InitialHeapSize                          = 197132288                                 {product} {ergonomic}
   size_t MarkStackSize                            = 4194304                                   {product} {ergonomic}
   size_t MaxHeapSize                              = 3145728000                                {product} {ergonomic}
   size_t MaxNewSize                               = 1887436800                                {product} {ergonomic}
   size_t MinHeapDeltaBytes                        = 2097152                                   {product} {ergonomic}
   size_t MinHeapSize                              = 8388608                                   {product} {ergonomic}
    uintx NonProfiledCodeHeapSize                  = 0                                      {pd product} {ergonomic}
     bool ProfileInterpreter                       = false                                  {pd product} {command line}
    uintx ProfiledCodeHeapSize                     = 0                                      {pd product} {ergonomic}
   size_t SoftMaxHeapSize                          = 3145728000                             {manageable} {ergonomic}
     intx TieredStopAtLevel                        = 1                                         {product} {command line}
     bool UseCompressedClassPointers               = true                           {product lp64_product} {ergonomic}
     bool UseCompressedOops                        = true                           {product lp64_product} {ergonomic}
     bool UseG1GC                                  = true                                      {product} {ergonomic}
     bool UseLargePagesIndividualAllocation        = false                                  {pd product} {ergonomic}

Logging:
Log output configuration:
 #0: stdout all=warning uptime,level,tags
 #1: stderr all=off uptime,level,tags

Environment Variables:
JAVA_HOME=C:\Program Files\Java\jdk-17
CLASSPATH=D:\IT UNIVERSITY\JAR\jakarta.servlet-api-6.1.0-M2.jar;D:\IT UNIVERSITY\JAR\mysql-connector-java-8.0.19.jar;D:\IT UNIVERSITY\JAR\ojdbc6.jar;D:\IT UNIVERSITY\JAR\postgresql-42.6.0.jar;D:\IT UNIVERSITY\JAR\javax.ejb.jar;D:\IT UNIVERSITY\JAR\jakarta.ws.rs-api-3.0.0.jar;D:\IT UNIVERSITY\JAR\jakarta.ejb-api-4.0.0.jar;D:\IT UNIVERSITY\JAR\gson-2.10.1.jar;D:\IT UNIVERSITY\JAR\javax.servlet-api-3.1.0.jar;D:\IT UNIVERSITY\JAR\jakarta.mail-1.6.7.jar;
PATH=C:\xampp\php;C:\Program Files\Git\bin;D:\app\mixan\product\11.2.0\dbhome_1\bin;C:\Program Files (x86)\Common Files\Oracle\Java\java8path;C:\Program Files (x86)\Common Files\Oracle\Java\javapath;C:\Program Files (x86)\Common Files\Intel\Shared Libraries\redist\intel64\compiler;C:\WINDOWS\system32;C:\WINDOWS;C:\WINDOWS\System32\Wbem;C:\WINDOWS\System32\WindowsPowerShell\v1.0\;C:\WINDOWS\System32\OpenSSH\;C:\Program Files (x86)\NVIDIA Corporation\PhysX\Common;C:\Program Files\nodejs\;C:\Ant\apache-ant-1.10.15\bin;C:\Program Files\Java\jdk1.8.0_152\;C:\Program Files\Java\jdk-17\bin;C:\Program Files\PostgreSQL\16\bin;C:\Program Files\Git\cmd;C:\Program Files\NVIDIA Corporation\NVIDIA app\NvDLISR;C:\Program Files\dotnet\;D:\Logiciel\toolbox\Android\Sdk\platform-tools;D:\Logiciel;D:\Logiciel\7-Zip;C:\Users\mixan\AppData\Local\Programs\Python\Python313;C:\Users\mixan\AppData\Local\Programs\Python\Python313\Scripts;C:\ProgramData\ComposerSetup\bin;C:\xampp\php;C:\Program Files\Git\bin;D:\app\mixan\product\11.2.0\dbhome_1\bin;C:\Program Files (x86)\Common Files\Oracle\Java\java8path;C:\Program Files (x86)\Common Files\Oracle\Java\javapath;C:\Program Files (x86)\Common Files\Intel\Shared Libraries\redist\intel64\compiler;C:\WINDOWS\system32;C:\WINDOWS;C:\WINDOWS\System32\Wbem;C:\WINDOWS\System32\WindowsPowerShell\v1.0\;C:\WINDOWS\System32\OpenSSH\;C:\Program Files (x86)\NVIDIA Corporation\PhysX\Common;C:\Program Files\nodejs\;C:\Ant\apache-ant-1.10.15\bin;C:\Program Files\Java\jdk1.8.0_152\;C:\Program Files\Java\jdk-17\bin;C:\Program Files\PostgreSQL\16\bin;C:\Program Files\Git\cmd;C:\Program Files\NVIDIA Corporation\NVIDIA app\NvDLISR;C:\Program Files\dotnet\;D:\Logiciel\toolbox\Android\Sdk\platform-tools;D:\Logiciel;D:\Logiciel\7-Zip;C:\Users\mixan\AppData\Local\Programs\Python\Launcher\;C:\Users\mixan\scoop\shims;C:\Users\mixan\AppData\Local\Microsoft\WindowsApps;C:\Users\mixan\AppData\Local\Programs\Microsoft VS Code\bin;C:\Users\mixan\AppData\Local\GitHubDesktop\bin;C:\
USERNAME=mixan
LANG=en_US.UTF-8
OS=Windows_NT
PROCESSOR_IDENTIFIER=Intel64 Family 6 Model 154 Stepping 3, GenuineIntel



---------------  S Y S T E M  ---------------

OS:
 Windows 11 , 64 bit Build 26100 (10.0.26100.2454)
OS uptime: 0 days 4:21 hours
Hyper-V role detected

CPU: total 16 (initial active 16) (8 cores per cpu, 2 threads per core) family 6 model 154 stepping 3 microcode 0x421, cx8, cmov, fxsr, ht, mmx, 3dnowpref, sse, sse2, sse3, ssse3, sse4.1, sse4.2, popcnt, lzcnt, tsc, tscinvbit, avx, avx2, aes, erms, clmul, bmi1, bmi2, adx, sha, fma, vzeroupper, clflush, clflushopt, clwb, hv

Memory: 4k page, system-wide physical 11992M (1155M free)
TotalPageFile size 30689M (AvailPageFile size 1M)
current process WorkingSet (physical memory assigned to process): 431M, peak: 432M
current process commit charge ("private bytes"): 488M, peak: 598M

vm_info: Java HotSpot(TM) 64-Bit Server VM (17.0.10+11-LTS-240) for windows-amd64 JRE (17.0.10+11-LTS-240), built on Dec 19 2023 21:47:25 by "mach5one" with MS VC++ 17.1 (VS2022)

END.
