#
# There is insufficient memory for the Java Runtime Environment to continue.
# Native memory allocation (malloc) failed to allocate 1048576 bytes for AllocateHeap
# Possible reasons:
#   The system is out of physical RAM or swap space
#   The process is running with CompressedOops enabled, and the Java Heap may be blocking the growth of the native heap
# Possible solutions:
#   Reduce memory load on the system
#   Increase physical memory or swap space
#   Check if swap backing store is full
#   Decrease Java heap size (-Xmx/-Xms)
#   Decrease number of Java threads
#   Decrease Java thread stack sizes (-Xss)
#   Set larger code cache with -XX:ReservedCodeCacheSize=
#   JVM is running with Zero Based Compressed Oops mode in which the Java heap is
#     placed in the first 32GB address space. The Java Heap base address is the
#     maximum limit for the native heap growth. Please use -XX:HeapBaseMinAddress
#     to set the Java Heap base and to place the Java Heap above 32GB virtual address.
# This output file may be truncated or incomplete.
#
#  Out of Memory Error (allocation.cpp:44), pid=4484, tid=19724
#
# JRE version:  (17.0.10+11) (build )
# Java VM: Java HotSpot(TM) 64-Bit Server VM (17.0.10+11-LTS-240, mixed mode, sharing, tiered, compressed oops, compressed class ptrs, g1 gc, windows-amd64)
# No core dump will be written. Minidumps are not enabled by default on client versions of Windows
#

---------------  S U M M A R Y ------------

Command Line: -Dmaven.multiModuleProjectDirectory=D:\IT UNIVERSITY\WorkSpace\S6\Eval\crm-java-repository\crm-master org.apache.maven.wrapper.MavenWrapperMain spring-boot:run

Host: 12th Gen Intel(R) Core(TM) i5-12500H, 16 cores, 11G,  Windows 11 , 64 bit Build 26100 (10.0.26100.2454)
Time: Tue Mar 25 18:07:44 2025 Afrique de l, 64 bit Build 26100 (10.0.26100.2454) elapsed time: 0.089162 seconds (0d 0h 0m 0s)

---------------  T H R E A D  ---------------

Current thread (0x000002347dbde920):  JavaThread "Unknown thread" [_thread_in_vm, id=19724, stack(0x000000e6b8700000,0x000000e6b8800000)]

Stack: [0x000000e6b8700000,0x000000e6b8800000]
Native frames: (J=compiled Java code, j=interpreted, Vv=VM code, C=native code)
V  [jvm.dll+0x677a5a]
V  [jvm.dll+0x7d8b2d]
V  [jvm.dll+0x7da48e]
V  [jvm.dll+0x7daaf3]
V  [jvm.dll+0x2455ff]
V  [jvm.dll+0xa5173]
V  [jvm.dll+0x2e30ae]
V  [jvm.dll+0x2dadcb]
V  [jvm.dll+0x7aa551]
V  [jvm.dll+0x367911]
V  [jvm.dll+0x789639]
V  [jvm.dll+0x3eb30f]
V  [jvm.dll+0x3ecd91]
C  [jli.dll+0x5297]
C  [ucrtbase.dll+0x14ea0]
C  [KERNEL32.DLL+0x2e8d7]
C  [ntdll.dll+0xdfbcc]


---------------  P R O C E S S  ---------------

Threads class SMR info:
_java_thread_list=0x00007ff94a7d6a18, length=0, elements={
}

Java Threads: ( => current thread )

Other Threads:
  0x000002347dd3d1e0 GCTaskThread "GC Thread#0" [stack: 0x000000e6b8800000,0x000000e6b8900000] [id=21496]

[error occurred during error reporting (printing all threads), id 0xc0000005, EXCEPTION_ACCESS_VIOLATION (0xc0000005) at pc=0x00007ff94a008020]

VM state: not at safepoint (not fully initialized)

VM Mutex/Monitor currently owned by a thread:  ([mutex/lock_event])
[0x000002347dcdfed0] Heap_lock - owner thread: 0x000002347dbde920

Heap address: 0x0000000744800000, size: 3000 MB, Compressed Oops mode: Zero based, Oop shift amount: 3

CDS archive(s) mapped at: [0x0000000000000000-0x0000000000000000-0x0000000000000000), size 0, SharedBaseAddress: 0x0000000800000000, ArchiveRelocationMode: 1.
Narrow klass base: 0x0000000000000000, Narrow klass shift: 0, Narrow klass range: 0x0

GC Precious Log:
<Empty>

Heap:
 garbage-first heap   total 0K, used 0K [0x0000000744800000, 0x0000000800000000)
  region size 2048K, 0 young (0K), 0 survivors (0K)

[error occurred during error reporting (printing heap information), id 0xc0000005, EXCEPTION_ACCESS_VIOLATION (0xc0000005) at pc=0x00007ff94a3f1249]

GC Heap History (0 events):
No events

Deoptimization events (0 events):
No events

Classes unloaded (0 events):
No events

Classes redefined (0 events):
No events

Internal exceptions (0 events):
No events

VM Operations (0 events):
No events

Events (1 events):
Event: 0.004 Loaded shared library C:\Program Files\Java\jdk-17\bin\java.dll


Dynamic libraries:
0x00007ff67d2e0000 - 0x00007ff67d2f0000 	C:\Program Files\Java\jdk-17\bin\java.exe
0x00007ff9ff7c0000 - 0x00007ff9ffa23000 	C:\WINDOWS\SYSTEM32\ntdll.dll
0x00007ff9ff580000 - 0x00007ff9ff648000 	C:\WINDOWS\System32\KERNEL32.DLL
0x00007ff9fce60000 - 0x00007ff9fd212000 	C:\WINDOWS\System32\KERNELBASE.dll
0x00007ff9fd220000 - 0x00007ff9fd36b000 	C:\WINDOWS\System32\ucrtbase.dll
0x00007ff95e8c0000 - 0x00007ff95e8db000 	C:\Program Files\Java\jdk-17\bin\VCRUNTIME140.dll
0x00007ff95e8e0000 - 0x00007ff95e8f9000 	C:\Program Files\Java\jdk-17\bin\jli.dll
0x00007ff9ff650000 - 0x00007ff9ff704000 	C:\WINDOWS\System32\ADVAPI32.dll
0x00007ff9fd620000 - 0x00007ff9fd6c9000 	C:\WINDOWS\System32\msvcrt.dll
0x00007ff9fdec0000 - 0x00007ff9fdf66000 	C:\WINDOWS\System32\sechost.dll
0x00007ff9fdf70000 - 0x00007ff9fe086000 	C:\WINDOWS\System32\RPCRT4.dll
0x00007ff9fefb0000 - 0x00007ff9ff178000 	C:\WINDOWS\System32\USER32.dll
0x00007ff9fcd70000 - 0x00007ff9fcd97000 	C:\WINDOWS\System32\win32u.dll
0x00007ff9e5a30000 - 0x00007ff9e5cc0000 	C:\WINDOWS\WinSxS\amd64_microsoft.windows.common-controls_6595b64144ccf1df_6.0.26100.2454_none_3e0b68a2e331ad60\COMCTL32.dll
0x00007ff9ff710000 - 0x00007ff9ff73a000 	C:\WINDOWS\System32\GDI32.dll
0x00007ff9fcb90000 - 0x00007ff9fccbb000 	C:\WINDOWS\System32\gdi32full.dll
0x00007ff9fccc0000 - 0x00007ff9fcd63000 	C:\WINDOWS\System32\msvcp_win.dll
0x00007ff9f7cf0000 - 0x00007ff9f7cfb000 	C:\WINDOWS\SYSTEM32\VERSION.dll
0x00007ff9ff740000 - 0x00007ff9ff76f000 	C:\WINDOWS\System32\IMM32.DLL
0x00007ff960100000 - 0x00007ff96010c000 	C:\Program Files\Java\jdk-17\bin\vcruntime140_1.dll
0x00007ff95e830000 - 0x00007ff95e8be000 	C:\Program Files\Java\jdk-17\bin\msvcp140.dll
0x00007ff949d20000 - 0x00007ff94a8ff000 	C:\Program Files\Java\jdk-17\bin\server\jvm.dll
0x00007ff9ff370000 - 0x00007ff9ff378000 	C:\WINDOWS\System32\PSAPI.DLL
0x00007ff9f15b0000 - 0x00007ff9f15e6000 	C:\WINDOWS\SYSTEM32\WINMM.dll
0x00007ff9e04a0000 - 0x00007ff9e04aa000 	C:\WINDOWS\SYSTEM32\WSOCK32.dll
0x00007ff9ff2f0000 - 0x00007ff9ff364000 	C:\WINDOWS\System32\WS2_32.dll
0x00007ff9fb990000 - 0x00007ff9fb9aa000 	C:\WINDOWS\SYSTEM32\kernel.appcore.dll
0x00007ff95e820000 - 0x00007ff95e82a000 	C:\Program Files\Java\jdk-17\bin\jimage.dll
0x00007ff9fa600000 - 0x00007ff9fa841000 	C:\WINDOWS\SYSTEM32\DBGHELP.DLL
0x00007ff9fe0a0000 - 0x00007ff9fe41e000 	C:\WINDOWS\System32\combase.dll
0x00007ff9ff1f0000 - 0x00007ff9ff2c6000 	C:\WINDOWS\System32\OLEAUT32.dll
0x00007ff9e40b0000 - 0x00007ff9e40e9000 	C:\WINDOWS\SYSTEM32\dbgcore.DLL
0x00007ff9fd370000 - 0x00007ff9fd409000 	C:\WINDOWS\System32\bcryptPrimitives.dll
0x00007ff95cbd0000 - 0x00007ff95cbf5000 	C:\Program Files\Java\jdk-17\bin\java.dll

dbghelp: loaded successfully - version: 4.0.5 - missing functions: none
symbol engine: initialized successfully - sym options: 0x614 - pdb path: .;C:\Program Files\Java\jdk-17\bin;C:\WINDOWS\SYSTEM32;C:\WINDOWS\WinSxS\amd64_microsoft.windows.common-controls_6595b64144ccf1df_6.0.26100.2454_none_3e0b68a2e331ad60;C:\Program Files\Java\jdk-17\bin\server

VM Arguments:
jvm_args: -Dmaven.multiModuleProjectDirectory=D:\IT UNIVERSITY\WorkSpace\S6\Eval\crm-java-repository\crm-master 
java_command: org.apache.maven.wrapper.MavenWrapperMain spring-boot:run
java_class_path (initial): D:\IT UNIVERSITY\WorkSpace\S6\Eval\crm-java-repository\crm-master\.mvn\wrapper\maven-wrapper.jar
Launcher Type: SUN_STANDARD

[Global flags]
     intx CICompilerCount                          = 12                                        {product} {ergonomic}
     uint ConcGCThreads                            = 3                                         {product} {ergonomic}
     uint G1ConcRefinementThreads                  = 13                                        {product} {ergonomic}
   size_t G1HeapRegionSize                         = 2097152                                   {product} {ergonomic}
    uintx GCDrainStackTargetSize                   = 64                                        {product} {ergonomic}
   size_t InitialHeapSize                          = 197132288                                 {product} {ergonomic}
   size_t MarkStackSize                            = 4194304                                   {product} {ergonomic}
   size_t MaxHeapSize                              = 3145728000                                {product} {ergonomic}
   size_t MinHeapDeltaBytes                        = 2097152                                   {product} {ergonomic}
   size_t MinHeapSize                              = 8388608                                   {product} {ergonomic}
    uintx NonNMethodCodeHeapSize                   = 7602480                                {pd product} {ergonomic}
    uintx NonProfiledCodeHeapSize                  = 122027880                              {pd product} {ergonomic}
    uintx ProfiledCodeHeapSize                     = 122027880                              {pd product} {ergonomic}
    uintx ReservedCodeCacheSize                    = 251658240                              {pd product} {ergonomic}
     bool SegmentedCodeCache                       = true                                      {product} {ergonomic}
   size_t SoftMaxHeapSize                          = 3145728000                             {manageable} {ergonomic}
     bool UseCompressedClassPointers               = true                           {product lp64_product} {ergonomic}
     bool UseCompressedOops                        = true                           {product lp64_product} {ergonomic}
     bool UseG1GC                                  = true                                      {product} {ergonomic}
     bool UseLargePagesIndividualAllocation        = false                                  {pd product} {ergonomic}

Logging:
Log output configuration:
 #0: stdout all=warning uptime,level,tags
 #1: stderr all=off uptime,level,tags

Environment Variables:
JAVA_HOME=C:\Program Files\Java\jdk-17
CLASSPATH=D:\IT UNIVERSITY\JAR\jakarta.servlet-api-6.1.0-M2.jar;D:\IT UNIVERSITY\JAR\mysql-connector-java-8.0.19.jar;D:\IT UNIVERSITY\JAR\ojdbc6.jar;D:\IT UNIVERSITY\JAR\postgresql-42.6.0.jar;D:\IT UNIVERSITY\JAR\javax.ejb.jar;D:\IT UNIVERSITY\JAR\jakarta.ws.rs-api-3.0.0.jar;D:\IT UNIVERSITY\JAR\jakarta.ejb-api-4.0.0.jar;D:\IT UNIVERSITY\JAR\gson-2.10.1.jar;D:\IT UNIVERSITY\JAR\javax.servlet-api-3.1.0.jar;D:\IT UNIVERSITY\JAR\jakarta.mail-1.6.7.jar;
PATH=C:\xampp\php;C:\Program Files\Git\bin;D:\app\mixan\product\11.2.0\dbhome_1\bin;C:\Program Files (x86)\Common Files\Oracle\Java\java8path;C:\Program Files (x86)\Common Files\Oracle\Java\javapath;C:\Program Files (x86)\Common Files\Intel\Shared Libraries\redist\intel64\compiler;C:\WINDOWS\system32;C:\WINDOWS;C:\WINDOWS\System32\Wbem;C:\WINDOWS\System32\WindowsPowerShell\v1.0\;C:\WINDOWS\System32\OpenSSH\;C:\Program Files (x86)\NVIDIA Corporation\PhysX\Common;C:\Program Files\nodejs\;C:\Ant\apache-ant-1.10.15\bin;C:\Program Files\Java\jdk1.8.0_152\;C:\Program Files\Java\jdk-17\bin;C:\Program Files\PostgreSQL\16\bin;C:\Program Files\Git\cmd;C:\Program Files\NVIDIA Corporation\NVIDIA app\NvDLISR;C:\Program Files\dotnet\;D:\Logiciel\toolbox\Android\Sdk\platform-tools;D:\Logiciel;D:\Logiciel\7-Zip;C:\Users\mixan\AppData\Local\Programs\Python\Python313;C:\Users\mixan\AppData\Local\Programs\Python\Python313\Scripts;C:\ProgramData\ComposerSetup\bin;C:\Program Files\IIS Express;C:\Program Files (x86)\IIS Express;C:\xampp\php;C:\Program Files\Git\bin;D:\app\mixan\product\11.2.0\dbhome_1\bin;C:\Program Files (x86)\Common Files\Oracle\Java\java8path;C:\Program Files (x86)\Common Files\Oracle\Java\javapath;C:\Program Files (x86)\Common Files\Intel\Shared Libraries\redist\intel64\compiler;C:\WINDOWS\system32;C:\WINDOWS;C:\WINDOWS\System32\Wbem;C:\WINDOWS\System32\WindowsPowerShell\v1.0\;C:\WINDOWS\System32\OpenSSH\;C:\Program Files (x86)\NVIDIA Corporation\PhysX\Common;C:\Program Files\nodejs\;C:\Ant\apache-ant-1.10.15\bin;C:\Program Files\Java\jdk1.8.0_152\;C:\Program Files\Java\jdk-17\bin;C:\Program Files\PostgreSQL\16\bin;C:\Program Files\Git\cmd;C:\Program Files\NVIDIA Corporation\NVIDIA app\NvDLISR;C:\Program Files\dotnet\;D:\Logiciel\toolbox\Android\Sdk\platform-tools;D:\Logiciel;D:\Logiciel\7-Zip;C:\Users\mixan\AppData\Local\Programs\Python\Launcher\;C:\Users\mixan\scoop\shims;C:\Users\mixan\AppData\Local\Microsoft\WindowsApps;C:\Users\mixan\AppData\Local\Programs\Microsof
USERNAME=mixan
LANG=en_US.UTF-8
OS=Windows_NT
PROCESSOR_IDENTIFIER=Intel64 Family 6 Model 154 Stepping 3, GenuineIntel



---------------  S Y S T E M  ---------------

OS:
 Windows 11 , 64 bit Build 26100 (10.0.26100.2454)
OS uptime: 0 days 0:30 hours
Hyper-V role detected

CPU: total 16 (initial active 16) (8 cores per cpu, 2 threads per core) family 6 model 154 stepping 3 microcode 0x421, cx8, cmov, fxsr, ht, mmx, 3dnowpref, sse, sse2, sse3, ssse3, sse4.1, sse4.2, popcnt, lzcnt, tsc, tscinvbit, avx, avx2, aes, erms, clmul, bmi1, bmi2, adx, sha, fma, vzeroupper, clflush, clflushopt, clwb, hv

Memory: 4k page, system-wide physical 11992M (816M free)
TotalPageFile size 30689M (AvailPageFile size 98M)
current process WorkingSet (physical memory assigned to process): 12M, peak: 12M
current process commit charge ("private bytes"): 62M, peak: 63M

vm_info: Java HotSpot(TM) 64-Bit Server VM (17.0.10+11-LTS-240) for windows-amd64 JRE (17.0.10+11-LTS-240), built on Dec 19 2023 21:47:25 by "mach5one" with MS VC++ 17.1 (VS2022)

END.
