#
# There is insufficient memory for the Java Runtime Environment to continue.
# Native memory allocation (mmap) failed to map 56623104 bytes for G1 virtual space
# Possible reasons:
#   The system is out of physical RAM or swap space
#   The process is running with CompressedOops enabled, and the Java Heap may be blocking the growth of the native heap
# Possible solutions:
#   Reduce memory load on the system
#   Increase physical memory or swap space
#   Check if swap backing store is full
#   Decrease Java heap size (-Xmx/-Xms)
#   Decrease number of Java threads
#   Decrease Java thread stack sizes (-Xss)
#   Set larger code cache with -XX:ReservedCodeCacheSize=
#   JVM is running with Zero Based Compressed Oops mode in which the Java heap is
#     placed in the first 32GB address space. The Java Heap base address is the
#     maximum limit for the native heap growth. Please use -XX:HeapBaseMinAddress
#     to set the Java Heap base and to place the Java Heap above 32GB virtual address.
# This output file may be truncated or incomplete.
#
#  Out of Memory Error (os_windows.cpp:3548), pid=5964, tid=9360
#
# JRE version: Java(TM) SE Runtime Environment (17.0.10+11) (build 17.0.10+11-LTS-240)
# Java VM: Java HotSpot(TM) 64-Bit Server VM (17.0.10+11-LTS-240, mixed mode, emulated-client, sharing, tiered, compressed oops, compressed class ptrs, g1 gc, windows-amd64)
# No core dump will be written. Minidumps are not enabled by default on client versions of Windows
#

---------------  S U M M A R Y ------------

Command Line: -XX:TieredStopAtLevel=1 site.easy.to.build.crm.CrmApplication

Host: 12th Gen Intel(R) Core(TM) i5-12500H, 16 cores, 11G,  Windows 11 , 64 bit Build 26100 (10.0.26100.2454)
Time: Tue Mar 25 10:50:17 2025 Afrique de l, 64 bit Build 26100 (10.0.26100.2454) elapsed time: 432.293208 seconds (0d 0h 7m 12s)

---------------  T H R E A D  ---------------

Current thread (0x00000181ad19d260):  VMThread "VM Thread" [stack: 0x0000006f4f100000,0x0000006f4f200000] [id=9360]

Stack: [0x0000006f4f100000,0x0000006f4f200000]
Native frames: (J=compiled Java code, j=interpreted, Vv=VM code, C=native code)
V  [jvm.dll+0x677a5a]
V  [jvm.dll+0x7d8b2d]
V  [jvm.dll+0x7da48e]
V  [jvm.dll+0x7daaf3]
V  [jvm.dll+0x2455ff]
V  [jvm.dll+0x6749b9]
V  [jvm.dll+0x669382]
V  [jvm.dll+0x302e96]
V  [jvm.dll+0x30a416]
V  [jvm.dll+0x359cbe]
V  [jvm.dll+0x359eef]
V  [jvm.dll+0x2d9e88]
V  [jvm.dll+0x2d8295]
V  [jvm.dll+0x2d789c]
V  [jvm.dll+0x31b18b]
V  [jvm.dll+0x7df30b]
V  [jvm.dll+0x7e0044]
V  [jvm.dll+0x7e055d]
V  [jvm.dll+0x7e0934]
V  [jvm.dll+0x7e0a00]
V  [jvm.dll+0x78888a]
V  [jvm.dll+0x676935]
C  [ucrtbase.dll+0x14ea0]
C  [KERNEL32.DLL+0x2e8d7]
C  [ntdll.dll+0xdfbcc]

VM_Operation (0x0000006f505fc130): G1CollectForAllocation, mode: safepoint, requested by thread 0x00000181f5a63e00


---------------  P R O C E S S  ---------------

Threads class SMR info:
_java_thread_list=0x00000181f5cfb320, length=23, elements={
0x00000181ad1a0c10, 0x00000181ad1a16e0, 0x00000181ad1b8210, 0x00000181ad1b8ae0,
0x00000181ad1b93b0, 0x00000181ad1b9c80, 0x00000181ad1ba550, 0x00000181ad1bd480,
0x00000181ad49ca90, 0x00000181ad49e130, 0x00000181f3608ab0, 0x00000181f41e7d30,
0x00000181f41eb4e0, 0x00000181f41e7820, 0x00000181f41e8750, 0x00000181f41e4fa0,
0x00000181f41e8c60, 0x00000181f41eb9f0, 0x00000181f41ea0a0, 0x00000181f41eaac0,
0x00000181f41eafd0, 0x00000181f5a624b0, 0x00000181f5a63e00
}

Java Threads: ( => current thread )
  0x00000181ad1a0c10 JavaThread "Reference Handler" daemon [_thread_blocked, id=25740, stack(0x0000006f4f200000,0x0000006f4f300000)]
  0x00000181ad1a16e0 JavaThread "Finalizer" daemon [_thread_blocked, id=7732, stack(0x0000006f4f300000,0x0000006f4f400000)]
  0x00000181ad1b8210 JavaThread "Signal Dispatcher" daemon [_thread_blocked, id=22764, stack(0x0000006f4f400000,0x0000006f4f500000)]
  0x00000181ad1b8ae0 JavaThread "Attach Listener" daemon [_thread_blocked, id=1084, stack(0x0000006f4f500000,0x0000006f4f600000)]
  0x00000181ad1b93b0 JavaThread "Service Thread" daemon [_thread_blocked, id=12004, stack(0x0000006f4f600000,0x0000006f4f700000)]
  0x00000181ad1b9c80 JavaThread "Monitor Deflation Thread" daemon [_thread_blocked, id=14436, stack(0x0000006f4f700000,0x0000006f4f800000)]
  0x00000181ad1ba550 JavaThread "C1 CompilerThread0" daemon [_thread_blocked, id=18404, stack(0x0000006f4f800000,0x0000006f4f900000)]
  0x00000181ad1bd480 JavaThread "Sweeper thread" daemon [_thread_blocked, id=7480, stack(0x0000006f4f900000,0x0000006f4fa00000)]
  0x00000181ad49ca90 JavaThread "Notification Thread" daemon [_thread_blocked, id=7088, stack(0x0000006f4fd00000,0x0000006f4fe00000)]
  0x00000181ad49e130 JavaThread "Common-Cleaner" daemon [_thread_blocked, id=8916, stack(0x0000006f4ff00000,0x0000006f50000000)]
  0x00000181f3608ab0 JavaThread "mysql-cj-abandoned-connection-cleanup" daemon [_thread_blocked, id=5520, stack(0x0000006f51e00000,0x0000006f51f00000)]
  0x00000181f41e7d30 JavaThread "Live Reload Server" daemon [_thread_in_native, id=18560, stack(0x0000006f52300000,0x0000006f52400000)]
  0x00000181f41eb4e0 JavaThread "DestroyJavaVM" [_thread_blocked, id=12784, stack(0x0000006f4eb00000,0x0000006f4ec00000)]
  0x00000181f41e7820 JavaThread "Thread-63" [_thread_blocked, id=22684, stack(0x0000006f4fa00000,0x0000006f4fb00000)]
  0x00000181f41e8750 JavaThread "Catalina-utility-1" [_thread_blocked, id=29284, stack(0x0000006f4ea00000,0x0000006f4eb00000)]
  0x00000181f41e4fa0 JavaThread "Catalina-utility-2" [_thread_blocked, id=16772, stack(0x0000006f4fc00000,0x0000006f4fd00000)]
  0x00000181f41e8c60 JavaThread "container-0" [_thread_blocked, id=24404, stack(0x0000006f50400000,0x0000006f50500000)]
  0x00000181f41eb9f0 JavaThread "http-nio-8080-exec-1" daemon [_thread_blocked, id=9840, stack(0x0000006f50e00000,0x0000006f50f00000)]
  0x00000181f41ea0a0 JavaThread "http-nio-8080-exec-2" daemon [_thread_blocked, id=8452, stack(0x0000006f50f00000,0x0000006f51000000)]
  0x00000181f41eaac0 JavaThread "http-nio-8080-exec-3" daemon [_thread_blocked, id=23240, stack(0x0000006f51000000,0x0000006f51100000)]
  0x00000181f41eafd0 JavaThread "http-nio-8080-exec-4" daemon [_thread_blocked, id=23376, stack(0x0000006f51100000,0x0000006f51200000)]
  0x00000181f5a624b0 JavaThread "File Watcher" daemon [_thread_blocked, id=28448, stack(0x0000006f4fb00000,0x0000006f4fc00000)]
  0x00000181f5a63e00 JavaThread "restartedMain" [_thread_blocked, id=26032, stack(0x0000006f50500000,0x0000006f50600000)]

Other Threads:
=>0x00000181ad19d260 VMThread "VM Thread" [stack: 0x0000006f4f100000,0x0000006f4f200000] [id=9360]
  0x00000181983b5120 WatcherThread [stack: 0x0000006f4fe00000,0x0000006f4ff00000] [id=17896]
  0x000001819836ef20 GCTaskThread "GC Thread#0" [stack: 0x0000006f4ec00000,0x0000006f4ed00000] [id=29032]
  0x00000181adca7120 GCTaskThread "GC Thread#1" [stack: 0x0000006f50000000,0x0000006f50100000] [id=27332]
  0x00000181adca73e0 GCTaskThread "GC Thread#2" [stack: 0x0000006f50100000,0x0000006f50200000] [id=19360]
  0x00000181adca76a0 GCTaskThread "GC Thread#3" [stack: 0x0000006f50200000,0x0000006f50300000] [id=18652]
  0x00000181adcf68c0 GCTaskThread "GC Thread#4" [stack: 0x0000006f50300000,0x0000006f50400000] [id=22200]
  0x00000181ade90870 GCTaskThread "GC Thread#5" [stack: 0x0000006f50700000,0x0000006f50800000] [id=11480]
  0x00000181adf00c40 GCTaskThread "GC Thread#6" [stack: 0x0000006f50800000,0x0000006f50900000] [id=28128]
  0x00000181adefe450 GCTaskThread "GC Thread#7" [stack: 0x0000006f50900000,0x0000006f50a00000] [id=18608]
  0x00000181f39481e0 GCTaskThread "GC Thread#8" [stack: 0x0000006f50600000,0x0000006f50700000] [id=17764]
  0x00000181f3947c60 GCTaskThread "GC Thread#9" [stack: 0x0000006f51200000,0x0000006f51300000] [id=26884]
  0x00000181f3948a20 GCTaskThread "GC Thread#10" [stack: 0x0000006f51300000,0x0000006f51400000] [id=24888]
  0x00000181f39484a0 GCTaskThread "GC Thread#11" [stack: 0x0000006f51400000,0x0000006f51500000] [id=13416]
  0x00000181f3948760 GCTaskThread "GC Thread#12" [stack: 0x0000006f51500000,0x0000006f51600000] [id=24496]
  0x000001819837b900 ConcurrentGCThread "G1 Main Marker" [stack: 0x0000006f4ed00000,0x0000006f4ee00000] [id=24220]
  0x000001819837c230 ConcurrentGCThread "G1 Conc#0" [stack: 0x0000006f4ee00000,0x0000006f4ef00000] [id=8688]
  0x00000181f3947f20 ConcurrentGCThread "G1 Conc#1" [stack: 0x0000006f51600000,0x0000006f51700000] [id=23352]
  0x00000181f3948ce0 ConcurrentGCThread "G1 Conc#2" [stack: 0x0000006f51700000,0x0000006f51800000] [id=22208]
  0x00000181ad05c220 ConcurrentGCThread "G1 Refine#0" [stack: 0x0000006f4ef00000,0x0000006f4f000000] [id=14116]
  0x00000181f3c68870 ConcurrentGCThread "G1 Refine#1" [stack: 0x0000006f51800000,0x0000006f51900000] [id=9032]
  0x00000181f3c68b60 ConcurrentGCThread "G1 Refine#2" [stack: 0x0000006f51900000,0x0000006f51a00000] [id=25120]
  0x00000181f3c6ae80 ConcurrentGCThread "G1 Refine#3" [stack: 0x0000006f51a00000,0x0000006f51b00000] [id=10008]
  0x00000181ad05ca00 ConcurrentGCThread "G1 Service" [stack: 0x0000006f4f000000,0x0000006f4f100000] [id=29440]

Threads with active compile tasks:

VM state: at safepoint (normal execution)

VM Mutex/Monitor currently owned by a thread:  ([mutex/lock_event])
[0x0000018198317180] Threads_lock - owner thread: 0x00000181ad19d260
[0x0000018198317720] Heap_lock - owner thread: 0x00000181f5a63e00

OutOfMemory and StackOverflow Exception counts:
OutOfMemoryError java_heap_errors=1
LinkageErrors=238

Heap address: 0x0000000744800000, size: 3000 MB, Compressed Oops mode: Zero based, Oop shift amount: 3

CDS archive(s) mapped at: [0x00000181ae000000-0x00000181aebd0000-0x00000181aebd0000), size 12386304, SharedBaseAddress: 0x00000181ae000000, ArchiveRelocationMode: 1.
Compressed class space mapped at: 0x00000181af000000-0x00000181ef000000, reserved size: 1073741824
Narrow klass base: 0x00000181ae000000, Narrow klass shift: 0, Narrow klass range: 0x100000000

GC Precious Log:
 CPUs: 16 total, 16 available
 Memory: 11992M
 Large Page Support: Disabled
 NUMA Support: Disabled
 Compressed Oops: Enabled (Zero based)
 Heap Region Size: 2M
 Heap Min Capacity: 8M
 Heap Initial Capacity: 188M
 Heap Max Capacity: 3000M
 Pre-touch: Disabled
 Parallel Workers: 13
 Concurrent Workers: 3
 Concurrent Refinement Workers: 13
 Periodic GC: Disabled

Heap:
 garbage-first heap   total 178176K, used 64293K [0x0000000744800000, 0x0000000800000000)
  region size 2048K, 5 young (10240K), 5 survivors (10240K)
 Metaspace       used 110570K, committed 111936K, reserved 1179648K
  class space    used 14594K, committed 15296K, reserved 1048576K

Heap Regions: E=young(eden), S=young(survivor), O=old, HS=humongous(starts), HC=humongous(continues), CS=collection set, F=free, OA=open archive, CA=closed archive, TAMS=top-at-mark-start (previous, next)
|   0|0x0000000744800000, 0x0000000744a00000, 0x0000000744a00000|100%| O|  |TAMS 0x0000000744a00000, 0x0000000744800000| Untracked 
|   1|0x0000000744a00000, 0x0000000744bf9ba8, 0x0000000744c00000| 98%| O|  |TAMS 0x0000000744bf9ba8, 0x0000000744a00000| Untracked 
|   2|0x0000000744c00000, 0x0000000744dfffd0, 0x0000000744e00000| 99%| O|  |TAMS 0x0000000744dfffd0, 0x0000000744c00000| Untracked 
|   3|0x0000000744e00000, 0x0000000744ffffe0, 0x0000000745000000| 99%| O|  |TAMS 0x0000000744ffffe0, 0x0000000744e00000| Untracked 
|   4|0x0000000745000000, 0x00000007451ffff8, 0x0000000745200000| 99%| O|  |TAMS 0x00000007451ffff8, 0x0000000745000000| Untracked 
|   5|0x0000000745200000, 0x00000007453fffd0, 0x0000000745400000| 99%| O|  |TAMS 0x00000007453fffd0, 0x0000000745200000| Untracked 
|   6|0x0000000745400000, 0x00000007455ffff8, 0x0000000745600000| 99%| O|  |TAMS 0x00000007455ffff8, 0x0000000745400000| Untracked 
|   7|0x0000000745600000, 0x00000007457ffff0, 0x0000000745800000| 99%| O|  |TAMS 0x00000007457ffff0, 0x0000000745600000| Untracked 
|   8|0x0000000745800000, 0x0000000745a00000, 0x0000000745a00000|100%| O|  |TAMS 0x0000000745a00000, 0x0000000745800000| Untracked 
|   9|0x0000000745a00000, 0x0000000745bffff0, 0x0000000745c00000| 99%| O|  |TAMS 0x0000000745bffff0, 0x0000000745a00000| Untracked 
|  10|0x0000000745c00000, 0x0000000745dffff0, 0x0000000745e00000| 99%| O|  |TAMS 0x0000000745c00000, 0x0000000745c00000| Untracked 
|  11|0x0000000745e00000, 0x0000000746000000, 0x0000000746000000|100%| O|  |TAMS 0x0000000746000000, 0x0000000745e00000| Untracked 
|  12|0x0000000746000000, 0x0000000746200000, 0x0000000746200000|100%| O|  |TAMS 0x0000000746000000, 0x0000000746000000| Untracked 
|  13|0x0000000746200000, 0x00000007463fffe8, 0x0000000746400000| 99%| O|  |TAMS 0x0000000746200000, 0x0000000746200000| Untracked 
|  14|0x0000000746400000, 0x00000007465ffff0, 0x0000000746600000| 99%| O|  |TAMS 0x0000000746400000, 0x0000000746400000| Untracked 
|  15|0x0000000746600000, 0x00000007467ffff0, 0x0000000746800000| 99%| O|  |TAMS 0x0000000746600000, 0x0000000746600000| Untracked 
|  16|0x0000000746800000, 0x00000007469fffe0, 0x0000000746a00000| 99%| O|  |TAMS 0x00000007469fffe0, 0x0000000746800000| Untracked 
|  17|0x0000000746a00000, 0x0000000746bfffe0, 0x0000000746c00000| 99%| O|  |TAMS 0x0000000746a00000, 0x0000000746a00000| Untracked 
|  18|0x0000000746c00000, 0x0000000746dfffe0, 0x0000000746e00000| 99%| O|  |TAMS 0x0000000746c00000, 0x0000000746c00000| Untracked 
|  19|0x0000000746e00000, 0x0000000746fffff0, 0x0000000747000000| 99%| O|  |TAMS 0x0000000746e00000, 0x0000000746e00000| Untracked 
|  20|0x0000000747000000, 0x0000000747196740, 0x0000000747200000| 79%| O|  |TAMS 0x0000000747000000, 0x0000000747000000| Untracked 
|  21|0x0000000747200000, 0x00000007473c6798, 0x0000000747400000| 88%| O|  |TAMS 0x0000000747200000, 0x0000000747200000| Untracked 
|  22|0x0000000747400000, 0x00000007475357f0, 0x0000000747600000| 60%| O|  |TAMS 0x0000000747400000, 0x0000000747400000| Untracked 
|  23|0x0000000747600000, 0x0000000747795268, 0x0000000747800000| 79%| O|  |TAMS 0x0000000747600000, 0x0000000747600000| Untracked 
|  24|0x0000000747800000, 0x00000007479155d0, 0x0000000747a00000| 54%| O|  |TAMS 0x0000000747800000, 0x0000000747800000| Untracked 
|  25|0x0000000747a00000, 0x0000000747c00000, 0x0000000747c00000|100%| O|  |TAMS 0x0000000747a00000, 0x0000000747a00000| Untracked 
|  26|0x0000000747c00000, 0x0000000747c41208, 0x0000000747e00000| 12%| O|  |TAMS 0x0000000747c00000, 0x0000000747c00000| Untracked 
|  27|0x0000000747e00000, 0x0000000748000000, 0x0000000748000000|100%| O|  |TAMS 0x0000000747e00000, 0x0000000747e00000| Untracked 
|  28|0x0000000748000000, 0x00000007481a1200, 0x0000000748200000| 81%| O|  |TAMS 0x0000000748000000, 0x0000000748000000| Untracked 
|  29|0x0000000748200000, 0x0000000748200000, 0x0000000748400000|  0%| F|  |TAMS 0x0000000748200000, 0x0000000748200000| Untracked 
|  30|0x0000000748400000, 0x0000000748400000, 0x0000000748600000|  0%| F|  |TAMS 0x0000000748400000, 0x0000000748400000| Untracked 
|  31|0x0000000748600000, 0x0000000748600000, 0x0000000748800000|  0%| F|  |TAMS 0x0000000748600000, 0x0000000748600000| Untracked 
|  32|0x0000000748800000, 0x0000000748800000, 0x0000000748a00000|  0%| F|  |TAMS 0x0000000748800000, 0x0000000748800000| Untracked 
|  33|0x0000000748a00000, 0x0000000748a00000, 0x0000000748c00000|  0%| F|  |TAMS 0x0000000748a00000, 0x0000000748a00000| Untracked 
|  34|0x0000000748c00000, 0x0000000748c00000, 0x0000000748e00000|  0%| F|  |TAMS 0x0000000748c00000, 0x0000000748c00000| Untracked 
|  35|0x0000000748e00000, 0x0000000748e00000, 0x0000000749000000|  0%| F|  |TAMS 0x0000000748e00000, 0x0000000748e00000| Untracked 
|  36|0x0000000749000000, 0x0000000749000000, 0x0000000749200000|  0%| F|  |TAMS 0x0000000749000000, 0x0000000749000000| Untracked 
|  37|0x0000000749200000, 0x0000000749225bb8, 0x0000000749400000|  7%| O|  |TAMS 0x0000000749200000, 0x0000000749200000| Untracked 
|  38|0x0000000749400000, 0x0000000749400000, 0x0000000749600000|  0%| F|  |TAMS 0x0000000749400000, 0x0000000749400000| Untracked 
|  39|0x0000000749600000, 0x0000000749600000, 0x0000000749800000|  0%| F|  |TAMS 0x0000000749600000, 0x0000000749600000| Untracked 
|  40|0x0000000749800000, 0x0000000749989f70, 0x0000000749a00000| 76%| S|CS|TAMS 0x0000000749800000, 0x0000000749800000| Complete 
|  41|0x0000000749a00000, 0x0000000749c00000, 0x0000000749c00000|100%| S|CS|TAMS 0x0000000749a00000, 0x0000000749a00000| Complete 
|  42|0x0000000749c00000, 0x0000000749c00000, 0x0000000749e00000|  0%| F|  |TAMS 0x0000000749c00000, 0x0000000749c00000| Untracked 
|  43|0x0000000749e00000, 0x0000000749e00000, 0x000000074a000000|  0%| F|  |TAMS 0x0000000749e00000, 0x0000000749e00000| Untracked 
|  44|0x000000074a000000, 0x000000074a200000, 0x000000074a200000|100%| S|CS|TAMS 0x000000074a000000, 0x000000074a000000| Complete 
|  45|0x000000074a200000, 0x000000074a400000, 0x000000074a400000|100%| S|CS|TAMS 0x000000074a200000, 0x000000074a200000| Complete 
|  46|0x000000074a400000, 0x000000074a400c18, 0x000000074a600000|  0%| O|  |TAMS 0x000000074a400000, 0x000000074a400000| Untracked 
|  47|0x000000074a600000, 0x000000074a600000, 0x000000074a800000|  0%| F|  |TAMS 0x000000074a600000, 0x000000074a600000| Untracked 
|  48|0x000000074a800000, 0x000000074aa00000, 0x000000074aa00000|100%| S|CS|TAMS 0x000000074a800000, 0x000000074a800000| Complete 
|  49|0x000000074aa00000, 0x000000074aa00000, 0x000000074ac00000|  0%| F|  |TAMS 0x000000074aa00000, 0x000000074aa00000| Untracked 
|  50|0x000000074ac00000, 0x000000074ac00000, 0x000000074ae00000|  0%| F|  |TAMS 0x000000074ac00000, 0x000000074ac00000| Untracked 
|  51|0x000000074ae00000, 0x000000074ae00000, 0x000000074b000000|  0%| F|  |TAMS 0x000000074ae00000, 0x000000074ae00000| Untracked 
|  52|0x000000074b000000, 0x000000074b000000, 0x000000074b200000|  0%| F|  |TAMS 0x000000074b000000, 0x000000074b000000| Untracked 
|  53|0x000000074b200000, 0x000000074b200000, 0x000000074b400000|  0%| F|  |TAMS 0x000000074b200000, 0x000000074b200000| Untracked 
|  54|0x000000074b400000, 0x000000074b400000, 0x000000074b600000|  0%| F|  |TAMS 0x000000074b400000, 0x000000074b400000| Untracked 
|  55|0x000000074b600000, 0x000000074b600000, 0x000000074b800000|  0%| F|  |TAMS 0x000000074b600000, 0x000000074b600000| Untracked 
|  56|0x000000074b800000, 0x000000074b800000, 0x000000074ba00000|  0%| F|  |TAMS 0x000000074b800000, 0x000000074b800000| Untracked 
|  57|0x000000074ba00000, 0x000000074ba00000, 0x000000074bc00000|  0%| F|  |TAMS 0x000000074ba00000, 0x000000074ba00000| Untracked 
|  58|0x000000074bc00000, 0x000000074bc00000, 0x000000074be00000|  0%| F|  |TAMS 0x000000074bc00000, 0x000000074bc00000| Untracked 
|  59|0x000000074be00000, 0x000000074be00000, 0x000000074c000000|  0%| F|  |TAMS 0x000000074be00000, 0x000000074be00000| Untracked 
|  60|0x000000074c000000, 0x000000074c000000, 0x000000074c200000|  0%| F|  |TAMS 0x000000074c000000, 0x000000074c000000| Untracked 
|  61|0x000000074c200000, 0x000000074c200000, 0x000000074c400000|  0%| F|  |TAMS 0x000000074c200000, 0x000000074c200000| Untracked 
|  62|0x000000074c400000, 0x000000074c400000, 0x000000074c600000|  0%| F|  |TAMS 0x000000074c400000, 0x000000074c400000| Untracked 
|  63|0x000000074c600000, 0x000000074c600000, 0x000000074c800000|  0%| F|  |TAMS 0x000000074c600000, 0x000000074c600000| Untracked 
|  64|0x000000074c800000, 0x000000074c800000, 0x000000074ca00000|  0%| F|  |TAMS 0x000000074c800000, 0x000000074c800000| Untracked 
|  65|0x000000074ca00000, 0x000000074ca00000, 0x000000074cc00000|  0%| F|  |TAMS 0x000000074ca00000, 0x000000074ca00000| Untracked 
|  66|0x000000074cc00000, 0x000000074cc00000, 0x000000074ce00000|  0%| F|  |TAMS 0x000000074cc00000, 0x000000074cc00000| Untracked 
|  67|0x000000074ce00000, 0x000000074ce00000, 0x000000074d000000|  0%| F|  |TAMS 0x000000074ce00000, 0x000000074ce00000| Untracked 
|  68|0x000000074d000000, 0x000000074d000000, 0x000000074d200000|  0%| F|  |TAMS 0x000000074d000000, 0x000000074d000000| Untracked 
|  69|0x000000074d200000, 0x000000074d200000, 0x000000074d400000|  0%| F|  |TAMS 0x000000074d200000, 0x000000074d200000| Untracked 
|  70|0x000000074d400000, 0x000000074d400000, 0x000000074d600000|  0%| F|  |TAMS 0x000000074d400000, 0x000000074d400000| Untracked 
|  71|0x000000074d600000, 0x000000074d600000, 0x000000074d800000|  0%| F|  |TAMS 0x000000074d600000, 0x000000074d600000| Untracked 
|  72|0x000000074d800000, 0x000000074d800000, 0x000000074da00000|  0%| F|  |TAMS 0x000000074d800000, 0x000000074d800000| Untracked 
|  73|0x000000074da00000, 0x000000074da00000, 0x000000074dc00000|  0%| F|  |TAMS 0x000000074da00000, 0x000000074da00000| Untracked 
|  74|0x000000074dc00000, 0x000000074dc00000, 0x000000074de00000|  0%| F|  |TAMS 0x000000074dc00000, 0x000000074dc00000| Untracked 
|  75|0x000000074de00000, 0x000000074de00000, 0x000000074e000000|  0%| F|  |TAMS 0x000000074de00000, 0x000000074de00000| Untracked 
|  76|0x000000074e000000, 0x000000074e000000, 0x000000074e200000|  0%| F|  |TAMS 0x000000074e000000, 0x000000074e000000| Untracked 
|  77|0x000000074e200000, 0x000000074e200000, 0x000000074e400000|  0%| F|  |TAMS 0x000000074e200000, 0x000000074e200000| Untracked 
|  78|0x000000074e400000, 0x000000074e400000, 0x000000074e600000|  0%| F|  |TAMS 0x000000074e400000, 0x000000074e400000| Untracked 
|  79|0x000000074e600000, 0x000000074e600000, 0x000000074e800000|  0%| F|  |TAMS 0x000000074e600000, 0x000000074e600000| Untracked 
|  80|0x000000074e800000, 0x000000074e800000, 0x000000074ea00000|  0%| F|  |TAMS 0x000000074e800000, 0x000000074e800000| Untracked 
|  81|0x000000074ea00000, 0x000000074ea00000, 0x000000074ec00000|  0%| F|  |TAMS 0x000000074ea00000, 0x000000074ea00000| Untracked 
|  82|0x000000074ec00000, 0x000000074ec00000, 0x000000074ee00000|  0%| F|  |TAMS 0x000000074ec00000, 0x000000074ec00000| Untracked 
|  83|0x000000074ee00000, 0x000000074ee00000, 0x000000074f000000|  0%| F|  |TAMS 0x000000074ee00000, 0x000000074ee00000| Untracked 
|  84|0x000000074f000000, 0x000000074f000000, 0x000000074f200000|  0%| F|  |TAMS 0x000000074f000000, 0x000000074f000000| Untracked 
|  85|0x000000074f200000, 0x000000074f200000, 0x000000074f400000|  0%| F|  |TAMS 0x000000074f200000, 0x000000074f200000| Untracked 
|  86|0x000000074f400000, 0x000000074f400000, 0x000000074f600000|  0%| F|  |TAMS 0x000000074f400000, 0x000000074f400000| Untracked 

Card table byte_map: [0x00000181a37f0000,0x00000181a3dd0000] _byte_map_base: 0x000001819fdcc000

Marking Bits (Prev, Next): (CMBitMap*) 0x000001819836f490, (CMBitMap*) 0x000001819836f450
 Prev Bits: [0x00000181a7290000, 0x00000181aa170000)
 Next Bits: [0x00000181a43b0000, 0x00000181a7290000)

Polling page: 0x0000018196200000

Metaspace:

Usage:
  Non-class:     93.73 MB used.
      Class:     14.25 MB used.
       Both:    107.98 MB used.

Virtual space:
  Non-class space:      128.00 MB reserved,      94.38 MB ( 74%) committed,  2 nodes.
      Class space:        1.00 GB reserved,      14.94 MB (  1%) committed,  1 nodes.
             Both:        1.12 GB reserved,     109.31 MB (  9%) committed. 

Chunk freelists:
   Non-Class:  1.33 MB
       Class:  1.05 MB
        Both:  2.38 MB

MaxMetaspaceSize: unlimited
CompressedClassSpaceSize: 1.00 GB
Initial GC threshold: 21.00 MB
Current GC threshold: 175.62 MB
CDS: on
MetaspaceReclaimPolicy: balanced
 - commit_granule_bytes: 65536.
 - commit_granule_words: 8192.
 - virtual_space_node_default_size: 8388608.
 - enlarge_chunks_in_place: 1.
 - new_chunks_are_fully_committed: 0.
 - uncommit_free_chunks: 1.
 - use_allocation_guard: 0.
 - handle_deallocations: 1.


Internal statistics:

num_allocs_failed_limit: 9.
num_arena_births: 2532.
num_arena_deaths: 508.
num_vsnodes_births: 3.
num_vsnodes_deaths: 0.
num_space_committed: 1749.
num_space_uncommitted: 0.
num_chunks_returned_to_freelist: 668.
num_chunks_taken_from_freelist: 7864.
num_chunk_merges: 183.
num_chunk_splits: 4775.
num_chunks_enlarged: 2965.
num_inconsistent_stats: 0.

CodeCache: size=49152Kb used=30741Kb max_used=33838Kb free=18410Kb
 bounds [0x000001819fbb0000, 0x00000181a1cc0000, 0x00000181a2bb0000]
 total_blobs=18429 nmethods=17697 adapters=658
 compilation: enabled
              stopped_count=0, restarted_count=0
 full_count=0

Compilation events (20 events):
Event: 430.079 Thread 0x00000181ad1ba550 17864       1       org.springframework.boot.context.config.StandardConfigDataLocationResolver::getReferencesForConfigName (130 bytes)
Event: 430.080 Thread 0x00000181ad1ba550 nmethod 17864 0x00000181a1c14b90 code [0x00000181a1c14e20, 0x00000181a1c156c8]
Event: 430.080 Thread 0x00000181ad1ba550 17863       1       org.springframework.boot.context.config.StandardConfigDataLocationResolver::getReferencesForDirectory (67 bytes)
Event: 430.081 Thread 0x00000181ad1ba550 nmethod 17863 0x00000181a1c14410 code [0x00000181a1c14600, 0x00000181a1c14968]
Event: 430.081 Thread 0x00000181ad1ba550 17859       1       org.springframework.boot.context.config.ConfigDataLocation::withOrigin (17 bytes)
Event: 430.081 Thread 0x00000181ad1ba550 nmethod 17859 0x00000181a1c14010 code [0x00000181a1c141a0, 0x00000181a1c14398]
Event: 430.081 Thread 0x00000181ad1ba550 17860       1       org.springframework.boot.context.config.StandardConfigDataLocationResolver::getResourceLocation (104 bytes)
Event: 430.082 Thread 0x00000181ad1ba550 nmethod 17860 0x00000181a1c13510 code [0x00000181a1c13740, 0x00000181a1c13bb8]
Event: 430.082 Thread 0x00000181ad1ba550 17861       1       org.springframework.boot.context.config.ConfigDataLocation::getNonPrefixedValue (25 bytes)
Event: 430.082 Thread 0x00000181ad1ba550 nmethod 17861 0x00000181a1c13010 code [0x00000181a1c131c0, 0x00000181a1c13398]
Event: 430.082 Thread 0x00000181ad1ba550 17862       1       org.springframework.boot.context.config.StandardConfigDataLocationResolver::isDirectory (25 bytes)
Event: 430.082 Thread 0x00000181ad1ba550 nmethod 17862 0x00000181a1c12b10 code [0x00000181a1c12cc0, 0x00000181a1c12e58]
Event: 430.082 Thread 0x00000181ad1ba550 17865       1       org.springframework.boot.env.PropertiesPropertySourceLoader::getFileExtensions (15 bytes)
Event: 430.082 Thread 0x00000181ad1ba550 nmethod 17865 0x00000181a1c12510 code [0x00000181a1c126c0, 0x00000181a1c129d8]
Event: 430.082 Thread 0x00000181ad1ba550 17866       1       org.springframework.boot.env.YamlPropertySourceLoader::getFileExtensions (15 bytes)
Event: 430.083 Thread 0x00000181ad1ba550 nmethod 17866 0x00000181a1c11f10 code [0x00000181a1c120c0, 0x00000181a1c123d8]
Event: 430.093 Thread 0x00000181ad1ba550 17867       1       ch.qos.logback.core.spi.ContextAwareBase::<init> (15 bytes)
Event: 430.093 Thread 0x00000181ad1ba550 nmethod 17867 0x00000181a1c11c10 code [0x00000181a1c11da0, 0x00000181a1c11eb8]
Event: 430.096 Thread 0x00000181ad1ba550 17868       1       java.util.concurrent.atomic.AtomicBoolean::<init> (5 bytes)
Event: 430.096 Thread 0x00000181ad1ba550 nmethod 17868 0x00000181a1c11910 code [0x00000181a1c11aa0, 0x00000181a1c11b58]

GC Heap History (20 events):
Event: 415.829 GC heap after
{Heap after GC invocations=88 (full 14):
 garbage-first heap   total 215040K, used 53182K [0x0000000744800000, 0x0000000800000000)
  region size 2048K, 3 young (6144K), 3 survivors (6144K)
 Metaspace       used 103979K, committed 104896K, reserved 1179648K
  class space    used 13817K, committed 14272K, reserved 1048576K
}
Event: 416.052 GC heap before
{Heap before GC invocations=88 (full 14):
 garbage-first heap   total 215040K, used 163774K [0x0000000744800000, 0x0000000800000000)
  region size 2048K, 57 young (116736K), 3 survivors (6144K)
 Metaspace       used 104479K, committed 105344K, reserved 1179648K
  class space    used 13856K, committed 14272K, reserved 1048576K
}
Event: 416.057 GC heap after
{Heap after GC invocations=89 (full 14):
 garbage-first heap   total 215040K, used 57094K [0x0000000744800000, 0x0000000800000000)
  region size 2048K, 5 young (10240K), 5 survivors (10240K)
 Metaspace       used 104479K, committed 105344K, reserved 1179648K
  class space    used 13856K, committed 14272K, reserved 1048576K
}
Event: 422.193 GC heap before
{Heap before GC invocations=89 (full 14):
 garbage-first heap   total 215040K, used 161542K [0x0000000744800000, 0x0000000800000000)
  region size 2048K, 57 young (116736K), 5 survivors (10240K)
 Metaspace       used 105001K, committed 105920K, reserved 1179648K
  class space    used 13897K, committed 14336K, reserved 1048576K
}
Event: 422.250 GC heap after
{Heap after GC invocations=90 (full 15):
 garbage-first heap   total 178176K, used 48302K [0x0000000744800000, 0x0000000800000000)
  region size 2048K, 0 young (0K), 0 survivors (0K)
 Metaspace       used 104979K, committed 105920K, reserved 1179648K
  class space    used 13893K, committed 14336K, reserved 1048576K
}
Event: 422.691 GC heap before
{Heap before GC invocations=90 (full 15):
 garbage-first heap   total 178176K, used 140462K [0x0000000744800000, 0x0000000800000000)
  region size 2048K, 45 young (92160K), 0 survivors (0K)
 Metaspace       used 105885K, committed 106816K, reserved 1179648K
  class space    used 14009K, committed 14464K, reserved 1048576K
}
Event: 422.693 GC heap after
{Heap after GC invocations=91 (full 15):
 garbage-first heap   total 178176K, used 54879K [0x0000000744800000, 0x0000000800000000)
  region size 2048K, 4 young (8192K), 4 survivors (8192K)
 Metaspace       used 105885K, committed 106816K, reserved 1179648K
  class space    used 14009K, committed 14464K, reserved 1048576K
}
Event: 422.901 GC heap before
{Heap before GC invocations=91 (full 15):
 garbage-first heap   total 178176K, used 138847K [0x0000000744800000, 0x0000000800000000)
  region size 2048K, 45 young (92160K), 4 survivors (8192K)
 Metaspace       used 106361K, committed 107328K, reserved 1179648K
  class space    used 14048K, committed 14528K, reserved 1048576K
}
Event: 422.905 GC heap after
{Heap after GC invocations=92 (full 15):
 garbage-first heap   total 178176K, used 58031K [0x0000000744800000, 0x0000000800000000)
  region size 2048K, 5 young (10240K), 5 survivors (10240K)
 Metaspace       used 106361K, committed 107328K, reserved 1179648K
  class space    used 14048K, committed 14528K, reserved 1048576K
}
Event: 423.110 GC heap before
{Heap before GC invocations=92 (full 15):
 garbage-first heap   total 178176K, used 139951K [0x0000000744800000, 0x0000000800000000)
  region size 2048K, 45 young (92160K), 5 survivors (10240K)
 Metaspace       used 106717K, committed 107648K, reserved 1179648K
  class space    used 14070K, committed 14528K, reserved 1048576K
}
Event: 423.116 GC heap after
{Heap after GC invocations=93 (full 15):
 garbage-first heap   total 178176K, used 59619K [0x0000000744800000, 0x0000000800000000)
  region size 2048K, 3 young (6144K), 3 survivors (6144K)
 Metaspace       used 106717K, committed 107648K, reserved 1179648K
  class space    used 14070K, committed 14528K, reserved 1048576K
}
Event: 425.076 GC heap before
{Heap before GC invocations=93 (full 15):
 garbage-first heap   total 178176K, used 102627K [0x0000000744800000, 0x0000000800000000)
  region size 2048K, 25 young (51200K), 3 survivors (6144K)
 Metaspace       used 106932K, committed 107904K, reserved 1179648K
  class space    used 14092K, committed 14592K, reserved 1048576K
}
Event: 425.191 GC heap after
{Heap after GC invocations=94 (full 16):
 garbage-first heap   total 178176K, used 48760K [0x0000000744800000, 0x0000000800000000)
  region size 2048K, 0 young (0K), 0 survivors (0K)
 Metaspace       used 106909K, committed 107904K, reserved 1179648K
  class space    used 14089K, committed 14592K, reserved 1048576K
}
Event: 426.997 GC heap before
{Heap before GC invocations=94 (full 16):
 garbage-first heap   total 178176K, used 138872K [0x0000000744800000, 0x0000000800000000)
  region size 2048K, 44 young (90112K), 0 survivors (0K)
 Metaspace       used 108331K, committed 109440K, reserved 1179648K
  class space    used 14299K, committed 14848K, reserved 1048576K
}
Event: 427.001 GC heap after
{Heap after GC invocations=95 (full 16):
 garbage-first heap   total 178176K, used 55583K [0x0000000744800000, 0x0000000800000000)
  region size 2048K, 4 young (8192K), 4 survivors (8192K)
 Metaspace       used 108331K, committed 109440K, reserved 1179648K
  class space    used 14299K, committed 14848K, reserved 1048576K
}
Event: 427.171 GC heap before
{Heap before GC invocations=95 (full 16):
 garbage-first heap   total 178176K, used 137503K [0x0000000744800000, 0x0000000800000000)
  region size 2048K, 44 young (90112K), 4 survivors (8192K)
 Metaspace       used 108867K, committed 110016K, reserved 1179648K
  class space    used 14347K, committed 14912K, reserved 1048576K
}
Event: 427.175 GC heap after
{Heap after GC invocations=96 (full 16):
 garbage-first heap   total 178176K, used 58504K [0x0000000744800000, 0x0000000800000000)
  region size 2048K, 2 young (4096K), 2 survivors (4096K)
 Metaspace       used 108867K, committed 110016K, reserved 1179648K
  class space    used 14347K, committed 14912K, reserved 1048576K
}
Event: 427.284 GC heap before
{Heap before GC invocations=96 (full 16):
 garbage-first heap   total 178176K, used 138376K [0x0000000744800000, 0x0000000800000000)
  region size 2048K, 41 young (83968K), 2 survivors (4096K)
 Metaspace       used 109110K, committed 110272K, reserved 1179648K
  class space    used 14362K, committed 14912K, reserved 1048576K
}
Event: 427.288 GC heap after
{Heap after GC invocations=97 (full 16):
 garbage-first heap   total 178176K, used 59477K [0x0000000744800000, 0x0000000800000000)
  region size 2048K, 3 young (6144K), 3 survivors (6144K)
 Metaspace       used 109110K, committed 110272K, reserved 1179648K
  class space    used 14362K, committed 14912K, reserved 1048576K
}
Event: 430.251 GC heap before
{Heap before GC invocations=97 (full 16):
 garbage-first heap   total 178176K, used 137301K [0x0000000744800000, 0x0000000800000000)
  region size 2048K, 41 young (83968K), 3 survivors (6144K)
 Metaspace       used 110570K, committed 111936K, reserved 1179648K
  class space    used 14594K, committed 15296K, reserved 1048576K
}

Deoptimization events (18 events):
Event: 1.780 Thread 0x00000181f3608090 DEOPT PACKING pc=0x00000181a0101b9f sp=0x0000006f51cfefb0
Event: 1.780 Thread 0x00000181f36094d0 DEOPT PACKING pc=0x00000181a010fb89 sp=0x0000006f51bfef40
Event: 1.780 Thread 0x00000181f3608090 DEOPT UNPACKING pc=0x000001819fc02b43 sp=0x0000006f51cfe408 mode 3
Event: 1.780 Thread 0x00000181f36094d0 DEOPT UNPACKING pc=0x000001819fc02b43 sp=0x0000006f51bfe3d0 mode 3
Event: 2.977 Thread 0x00000181ad99c760 DEOPT PACKING pc=0x00000181a0b0f074 sp=0x0000006f505fbed0
Event: 2.977 Thread 0x00000181ad99c760 DEOPT UNPACKING pc=0x000001819fc02b43 sp=0x0000006f505fb358 mode 0
Event: 3.321 Thread 0x00000181ad99c760 DEOPT PACKING pc=0x00000181a0c79a04 sp=0x0000006f505fca10
Event: 3.321 Thread 0x00000181ad99c760 DEOPT UNPACKING pc=0x000001819fc02b43 sp=0x0000006f505fbfb8 mode 0
Event: 3.454 Thread 0x00000181ad99c760 DEOPT PACKING pc=0x00000181a01686d4 sp=0x0000006f505fc770
Event: 3.454 Thread 0x00000181ad99c760 DEOPT UNPACKING pc=0x000001819fc02b43 sp=0x0000006f505fbcc8 mode 0
Event: 4.254 Thread 0x00000181ad99c760 DEOPT PACKING pc=0x00000181a0674452 sp=0x0000006f505fae80
Event: 4.254 Thread 0x00000181ad99c760 DEOPT UNPACKING pc=0x000001819fc02b43 sp=0x0000006f505fa388 mode 3
Event: 4.254 Thread 0x00000181ad99c760 DEOPT PACKING pc=0x00000181a065be55 sp=0x0000006f505fae40
Event: 4.254 Thread 0x00000181ad99c760 DEOPT UNPACKING pc=0x000001819fc02b43 sp=0x0000006f505fa388 mode 3
Event: 4.324 Thread 0x00000181ad99c760 DEOPT PACKING pc=0x00000181a0e6c0fc sp=0x0000006f505fd820
Event: 4.324 Thread 0x00000181ad99c760 DEOPT UNPACKING pc=0x000001819fc02b43 sp=0x0000006f505fcdd8 mode 0
Event: 5.797 Thread 0x00000181f41e8240 DEOPT PACKING pc=0x00000181a0e986ce sp=0x0000006f524fb3f0
Event: 5.797 Thread 0x00000181f41e8240 DEOPT UNPACKING pc=0x000001819fc02b43 sp=0x0000006f524fa828 mode 0

Classes unloaded (20 events):
Event: 415.413 Thread 0x00000181ad19d260 Unloading class 0x00000181afdd4c00 'jdk/internal/reflect/GeneratedSerializationConstructorAccessor116'
Event: 415.413 Thread 0x00000181ad19d260 Unloading class 0x00000181afdd4800 'jdk/internal/reflect/GeneratedSerializationConstructorAccessor115'
Event: 415.413 Thread 0x00000181ad19d260 Unloading class 0x00000181afdd4400 'jdk/internal/reflect/GeneratedSerializationConstructorAccessor114'
Event: 415.413 Thread 0x00000181ad19d260 Unloading class 0x00000181afdd4000 'jdk/internal/reflect/GeneratedSerializationConstructorAccessor113'
Event: 415.413 Thread 0x00000181ad19d260 Unloading class 0x00000181afdcc800 'jdk/internal/reflect/GeneratedSerializationConstructorAccessor112'
Event: 415.413 Thread 0x00000181ad19d260 Unloading class 0x00000181afdac000 'org/apache/catalina/loader/JdbcLeakPrevention'
Event: 422.207 Thread 0x00000181ad19d260 Unloading class 0x00000181afe04c00 'jdk/internal/reflect/GeneratedSerializationConstructorAccessor123'
Event: 422.207 Thread 0x00000181ad19d260 Unloading class 0x00000181afe04800 'jdk/internal/reflect/GeneratedSerializationConstructorAccessor122'
Event: 422.207 Thread 0x00000181ad19d260 Unloading class 0x00000181afe04400 'jdk/internal/reflect/GeneratedSerializationConstructorAccessor121'
Event: 422.207 Thread 0x00000181ad19d260 Unloading class 0x00000181afe04000 'jdk/internal/reflect/GeneratedSerializationConstructorAccessor120'
Event: 422.207 Thread 0x00000181ad19d260 Unloading class 0x00000181afdfcc00 'jdk/internal/reflect/GeneratedSerializationConstructorAccessor119'
Event: 422.207 Thread 0x00000181ad19d260 Unloading class 0x00000181afdfc400 'jdk/internal/reflect/GeneratedSerializationConstructorAccessor118'
Event: 422.207 Thread 0x00000181ad19d260 Unloading class 0x00000181afddc000 'org/apache/catalina/loader/JdbcLeakPrevention'
Event: 425.099 Thread 0x00000181ad19d260 Unloading class 0x00000181afe38c00 'jdk/internal/reflect/GeneratedSerializationConstructorAccessor129'
Event: 425.099 Thread 0x00000181ad19d260 Unloading class 0x00000181afe38800 'jdk/internal/reflect/GeneratedSerializationConstructorAccessor128'
Event: 425.099 Thread 0x00000181ad19d260 Unloading class 0x00000181afe38400 'jdk/internal/reflect/GeneratedSerializationConstructorAccessor127'
Event: 425.099 Thread 0x00000181ad19d260 Unloading class 0x00000181afe38000 'jdk/internal/reflect/GeneratedSerializationConstructorAccessor126'
Event: 425.099 Thread 0x00000181ad19d260 Unloading class 0x00000181afe31c00 'jdk/internal/reflect/GeneratedSerializationConstructorAccessor125'
Event: 425.099 Thread 0x00000181ad19d260 Unloading class 0x00000181afe31000 'jdk/internal/reflect/GeneratedSerializationConstructorAccessor124'
Event: 425.099 Thread 0x00000181ad19d260 Unloading class 0x00000181afe0c000 'org/apache/catalina/loader/JdbcLeakPrevention'

Classes redefined (0 events):
No events

Internal exceptions (20 events):
Event: 422.558 Thread 0x00000181f5a63e00 Exception <a 'sun/nio/fs/WindowsException'{0x000000074b818850}> (0x000000074b818850) 
thrown [s\open\src\hotspot\share\prims\jni.cpp, line 516]
Event: 422.558 Thread 0x00000181f5a63e00 Exception <a 'sun/nio/fs/WindowsException'{0x000000074b818f28}> (0x000000074b818f28) 
thrown [s\open\src\hotspot\share\prims\jni.cpp, line 516]
Event: 422.565 Thread 0x00000181f5a63e00 Exception <a 'java/io/FileNotFoundException'{0x000000074b860a48}> (0x000000074b860a48) 
thrown [s\open\src\hotspot\share\prims\jni.cpp, line 516]
Event: 425.053 Thread 0x00000181f5a61a90 Exception <a 'java/lang/InterruptedException'{0x000000074ccf66a8}: sleep interrupted> (0x000000074ccf66a8) 
thrown [s\open\src\hotspot\share\prims\jvm.cpp, line 3064]
Event: 425.218 Thread 0x00000181f41e63e0 Exception <a 'sun/nio/fs/WindowsException'{0x000000074f4fc960}> (0x000000074f4fc960) 
thrown [s\open\src\hotspot\share\prims\jni.cpp, line 516]
Event: 426.768 Thread 0x00000181f41e63e0 Exception <a 'java/lang/NoClassDefFoundError'{0x000000074c2d88b0}: org/flywaydb/core/Flyway> (0x000000074c2d88b0) 
thrown [s\open\src\hotspot\share\oops\constantPool.cpp, line 835]
Event: 426.768 Thread 0x00000181f41e63e0 Exception <a 'java/lang/NoClassDefFoundError'{0x000000074c2d8f00}: liquibase/integration/spring/SpringLiquibase> (0x000000074c2d8f00) 
thrown [s\open\src\hotspot\share\oops\constantPool.cpp, line 835]
Event: 426.773 Thread 0x00000181f41e63e0 Exception <a 'java/lang/NoClassDefFoundError'{0x000000074c3a6cd8}: org/jooq/DSLContext> (0x000000074c3a6cd8) 
thrown [s\open\src\hotspot\share\oops\constantPool.cpp, line 835]
Event: 426.773 Thread 0x00000181f41e63e0 Exception <a 'java/lang/NoClassDefFoundError'{0x000000074c3c7520}: org/springframework/batch/core/repository/JobRepository> (0x000000074c3c7520) 
thrown [s\open\src\hotspot\share\oops\constantPool.cpp, line 835]
Event: 426.773 Thread 0x00000181f41e63e0 Exception <a 'java/lang/NoClassDefFoundError'{0x000000074c3c7b68}: org/quartz/Scheduler> (0x000000074c3c7b68) 
thrown [s\open\src\hotspot\share\oops\constantPool.cpp, line 835]
Event: 426.773 Thread 0x00000181f41e63e0 Exception <a 'java/lang/NoClassDefFoundError'{0x000000074c3c81d8}: org/springframework/session/jdbc/JdbcIndexedSessionRepository> (0x000000074c3c81d8) 
thrown [s\open\src\hotspot\share\oops\constantPool.cpp, line 835]
Event: 426.832 Thread 0x00000181f41e63e0 Exception <a 'sun/nio/fs/WindowsException'{0x000000074b91bbf8}> (0x000000074b91bbf8) 
thrown [s\open\src\hotspot\share\prims\jni.cpp, line 516]
Event: 426.833 Thread 0x00000181f41e63e0 Exception <a 'sun/nio/fs/WindowsException'{0x000000074b91c250}> (0x000000074b91c250) 
thrown [s\open\src\hotspot\share\prims\jni.cpp, line 516]
Event: 426.833 Thread 0x00000181f41e63e0 Exception <a 'sun/nio/fs/WindowsException'{0x000000074b91c928}> (0x000000074b91c928) 
thrown [s\open\src\hotspot\share\prims\jni.cpp, line 516]
Event: 426.841 Thread 0x00000181f41e63e0 Exception <a 'java/io/FileNotFoundException'{0x000000074b968c28}> (0x000000074b968c28) 
thrown [s\open\src\hotspot\share\prims\jni.cpp, line 516]
Event: 428.455 Thread 0x00000181f41e63e0 Exception <a 'java/lang/OutOfMemoryError'{0x000000074c95e750}: unable to create native thread: possibly out of memory or process/resource limits reached> (0x000000074c95e750) 
thrown [s\open\src\hotspot\share\prims\jvm.cpp, line 2923]
Event: 428.457 Thread 0x00000181f41e9b90 Exception <a 'java/lang/InterruptedException'{0x000000074c7325b8}: sleep interrupted> (0x000000074c7325b8) 
thrown [s\open\src\hotspot\share\prims\jvm.cpp, line 3064]
Event: 428.479 Thread 0x00000181f41e63e0 Exception <a 'java/lang/NoClassDefFoundError'{0x000000074c4e5b08}: liquibase/exception/ChangeLogParseException> (0x000000074c4e5b08) 
thrown [s\open\src\hotspot\share\classfile\systemDictionary.cpp, line 245]
Event: 428.490 Thread 0x00000181f41e63e0 Exception <a 'java/lang/reflect/InvocationTargetException'{0x000000074c2a7bf8}> (0x000000074c2a7bf8) 
thrown [s\open\src\hotspot\share\runtime\reflection.cpp, line 1121]
Event: 430.076 Thread 0x00000181f5a63e00 Exception <a 'sun/nio/fs/WindowsException'{0x000000074c197db8}> (0x000000074c197db8) 
thrown [s\open\src\hotspot\share\prims\jni.cpp, line 516]

VM Operations (20 events):
Event: 422.905 Executing VM operation: G1CollectForAllocation done
Event: 423.110 Executing VM operation: G1CollectForAllocation
Event: 423.116 Executing VM operation: G1CollectForAllocation done
Event: 424.129 Executing VM operation: Cleanup
Event: 424.129 Executing VM operation: Cleanup done
Event: 425.076 Executing VM operation: G1CollectFull
Event: 425.191 Executing VM operation: G1CollectFull done
Event: 426.205 Executing VM operation: Cleanup
Event: 426.454 Executing VM operation: Cleanup done
Event: 426.997 Executing VM operation: G1CollectForAllocation
Event: 427.001 Executing VM operation: G1CollectForAllocation done
Event: 427.171 Executing VM operation: G1CollectForAllocation
Event: 427.175 Executing VM operation: G1CollectForAllocation done
Event: 427.284 Executing VM operation: G1CollectForAllocation
Event: 427.288 Executing VM operation: G1CollectForAllocation done
Event: 428.292 Executing VM operation: Cleanup
Event: 428.455 Executing VM operation: Cleanup done
Event: 429.460 Executing VM operation: Cleanup
Event: 429.460 Executing VM operation: Cleanup done
Event: 430.251 Executing VM operation: G1CollectForAllocation

Events (20 events):
Event: 426.863 Thread 0x00000181f41e8c60 Thread added: 0x00000181f41e8c60
Event: 426.880 Thread 0x00000181f41e54b0 Thread added: 0x00000181f41e54b0
Event: 426.983 Thread 0x00000181f41e9680 Thread added: 0x00000181f41e9680
Event: 427.428 Thread 0x00000181f41e9b90 Thread added: 0x00000181f41e9b90
Event: 427.434 Thread 0x00000181f41eb9f0 Thread added: 0x00000181f41eb9f0
Event: 427.434 Thread 0x00000181f41ea0a0 Thread added: 0x00000181f41ea0a0
Event: 427.434 Thread 0x00000181f41eaac0 Thread added: 0x00000181f41eaac0
Event: 427.434 Thread 0x00000181f41eafd0 Thread added: 0x00000181f41eafd0
Event: 428.455 Thread 0x00000181f56835c0 Thread exited: 0x00000181f56835c0
Event: 428.457 Thread 0x00000181f41e9b90 Thread exited: 0x00000181f41e9b90
Event: 428.458 Thread 0x00000181f5a61580 Thread added: 0x00000181f5a61580
Event: 428.459 Thread 0x00000181f41e9680 Thread exited: 0x00000181f41e9680
Event: 428.459 Thread 0x00000181f41e54b0 Thread exited: 0x00000181f41e54b0
Event: 428.460 Thread 0x00000181f5a61580 Thread exited: 0x00000181f5a61580
Event: 428.490 Thread 0x00000181f41e63e0 Thread exited: 0x00000181f41e63e0
Event: 428.491 Thread 0x00000181f5a624b0 Thread added: 0x00000181f5a624b0
Event: 430.056 Thread 0x00000181f5a63e00 Thread added: 0x00000181f5a63e00
Event: 430.071 Thread 0x00000181f56825d0 Thread exited: 0x00000181f56825d0
Event: 430.210 Thread 0x00000181f5a629c0 Thread added: 0x00000181f5a629c0
Event: 430.216 Thread 0x00000181f5a629c0 Thread exited: 0x00000181f5a629c0


Dynamic libraries:
0x00007ff6faab0000 - 0x00007ff6faac0000 	C:\Program Files\Java\jdk-17\bin\java.exe
0x00007ffe91240000 - 0x00007ffe914a3000 	C:\WINDOWS\SYSTEM32\ntdll.dll
0x00007ffe8fae0000 - 0x00007ffe8fba8000 	C:\WINDOWS\System32\KERNEL32.DLL
0x00007ffe8ec50000 - 0x00007ffe8f002000 	C:\WINDOWS\System32\KERNELBASE.dll
0x00007ffe8e610000 - 0x00007ffe8e75b000 	C:\WINDOWS\System32\ucrtbase.dll
0x00007ffe86320000 - 0x00007ffe8633b000 	C:\Program Files\Java\jdk-17\bin\VCRUNTIME140.dll
0x00007ffe899c0000 - 0x00007ffe899d9000 	C:\Program Files\Java\jdk-17\bin\jli.dll
0x00007ffe8ff90000 - 0x00007ffe90044000 	C:\WINDOWS\System32\ADVAPI32.dll
0x00007ffe8f280000 - 0x00007ffe8f329000 	C:\WINDOWS\System32\msvcrt.dll
0x00007ffe90f80000 - 0x00007ffe91026000 	C:\WINDOWS\System32\sechost.dll
0x00007ffe8fc10000 - 0x00007ffe8fd26000 	C:\WINDOWS\System32\RPCRT4.dll
0x00007ffe90870000 - 0x00007ffe90a38000 	C:\WINDOWS\System32\USER32.dll
0x00007ffe75900000 - 0x00007ffe75b90000 	C:\WINDOWS\WinSxS\amd64_microsoft.windows.common-controls_6595b64144ccf1df_6.0.26100.2454_none_3e0b68a2e331ad60\COMCTL32.dll
0x00007ffe8e8e0000 - 0x00007ffe8e907000 	C:\WINDOWS\System32\win32u.dll
0x00007ffe910f0000 - 0x00007ffe9111a000 	C:\WINDOWS\System32\GDI32.dll
0x00007ffe8eb20000 - 0x00007ffe8ec4b000 	C:\WINDOWS\System32\gdi32full.dll
0x00007ffe8e9b0000 - 0x00007ffe8ea53000 	C:\WINDOWS\System32\msvcp_win.dll
0x00007ffe89c60000 - 0x00007ffe89c6b000 	C:\WINDOWS\SYSTEM32\VERSION.dll
0x00007ffe8fd30000 - 0x00007ffe8fd5f000 	C:\WINDOWS\System32\IMM32.DLL
0x00007ffe8aa30000 - 0x00007ffe8aa3c000 	C:\Program Files\Java\jdk-17\bin\vcruntime140_1.dll
0x00007ffe54390000 - 0x00007ffe5441e000 	C:\Program Files\Java\jdk-17\bin\msvcp140.dll
0x00007ffe09f90000 - 0x00007ffe0ab6f000 	C:\Program Files\Java\jdk-17\bin\server\jvm.dll
0x00007ffe8f330000 - 0x00007ffe8f338000 	C:\WINDOWS\System32\PSAPI.DLL
0x00007ffe73ee0000 - 0x00007ffe73eea000 	C:\WINDOWS\SYSTEM32\WSOCK32.dll
0x00007ffe856c0000 - 0x00007ffe856f6000 	C:\WINDOWS\SYSTEM32\WINMM.dll
0x00007ffe90140000 - 0x00007ffe901b4000 	C:\WINDOWS\System32\WS2_32.dll
0x00007ffe8d410000 - 0x00007ffe8d42a000 	C:\WINDOWS\SYSTEM32\kernel.appcore.dll
0x00007ffe8a2c0000 - 0x00007ffe8a2ca000 	C:\Program Files\Java\jdk-17\bin\jimage.dll
0x00007ffe8c080000 - 0x00007ffe8c2c1000 	C:\WINDOWS\SYSTEM32\DBGHELP.DLL
0x00007ffe90ba0000 - 0x00007ffe90f1e000 	C:\WINDOWS\System32\combase.dll
0x00007ffe91120000 - 0x00007ffe911f6000 	C:\WINDOWS\System32\OLEAUT32.dll
0x00007ffe528a0000 - 0x00007ffe528d9000 	C:\WINDOWS\SYSTEM32\dbgcore.DLL
0x00007ffe8e910000 - 0x00007ffe8e9a9000 	C:\WINDOWS\System32\bcryptPrimitives.dll
0x00007ffe76ec0000 - 0x00007ffe76ee5000 	C:\Program Files\Java\jdk-17\bin\java.dll
0x00007ffe535b0000 - 0x00007ffe53687000 	C:\Program Files\Java\jdk-17\bin\jsvml.dll
0x00007ffe8f3d0000 - 0x00007ffe8fad0000 	C:\WINDOWS\System32\SHELL32.dll
0x00007ffe8c300000 - 0x00007ffe8cb31000 	C:\WINDOWS\SYSTEM32\windows.storage.dll
0x00007ffe8f190000 - 0x00007ffe8f26a000 	C:\WINDOWS\System32\SHCORE.dll
0x00007ffe8fbb0000 - 0x00007ffe8fc0d000 	C:\WINDOWS\System32\shlwapi.dll
0x00007ffe8e520000 - 0x00007ffe8e54e000 	C:\WINDOWS\SYSTEM32\profapi.dll
0x00007ffe7a070000 - 0x00007ffe7a089000 	C:\Program Files\Java\jdk-17\bin\net.dll
0x00007ffe88f90000 - 0x00007ffe890b6000 	C:\WINDOWS\SYSTEM32\WINHTTP.dll
0x00007ffe8d8f0000 - 0x00007ffe8d958000 	C:\WINDOWS\system32\mswsock.dll
0x00007ffe79f00000 - 0x00007ffe79f16000 	C:\Program Files\Java\jdk-17\bin\nio.dll
0x00007ffe77210000 - 0x00007ffe77228000 	C:\Program Files\Java\jdk-17\bin\zip.dll
0x00007ffe7e350000 - 0x00007ffe7e35a000 	C:\Program Files\Java\jdk-17\bin\management.dll
0x00007ffe7ae90000 - 0x00007ffe7ae9b000 	C:\Program Files\Java\jdk-17\bin\management_ext.dll
0x00007ffe8dca0000 - 0x00007ffe8dcbc000 	C:\WINDOWS\SYSTEM32\CRYPTSP.dll
0x00007ffe8d370000 - 0x00007ffe8d3a8000 	C:\WINDOWS\system32\rsaenh.dll
0x00007ffe8d990000 - 0x00007ffe8d9bb000 	C:\WINDOWS\SYSTEM32\USERENV.dll
0x00007ffe8df40000 - 0x00007ffe8df66000 	C:\WINDOWS\SYSTEM32\bcrypt.dll
0x00007ffe8db20000 - 0x00007ffe8db2c000 	C:\WINDOWS\SYSTEM32\CRYPTBASE.dll
0x00007ffe8ce30000 - 0x00007ffe8ce62000 	C:\WINDOWS\SYSTEM32\IPHLPAPI.DLL
0x00007ffe8f3c0000 - 0x00007ffe8f3ca000 	C:\WINDOWS\System32\NSI.dll
0x00007ffe89b20000 - 0x00007ffe89b3e000 	C:\WINDOWS\SYSTEM32\dhcpcsvc6.DLL
0x00007ffe87790000 - 0x00007ffe877b5000 	C:\WINDOWS\SYSTEM32\dhcpcsvc.DLL
0x00007ffe8ce70000 - 0x00007ffe8cf95000 	C:\WINDOWS\SYSTEM32\DNSAPI.dll
0x00007ffe773c0000 - 0x00007ffe773ce000 	C:\Program Files\Java\jdk-17\bin\sunmscapi.dll
0x00007ffe8e760000 - 0x00007ffe8e8d6000 	C:\WINDOWS\System32\CRYPT32.dll
0x00007ffe8df00000 - 0x00007ffe8df30000 	C:\WINDOWS\SYSTEM32\ncrypt.dll
0x00007ffe8deb0000 - 0x00007ffe8deef000 	C:\WINDOWS\SYSTEM32\NTASN1.dll
0x00007ffe83440000 - 0x00007ffe8344b000 	C:\Windows\System32\rasadhlp.dll
0x00007ffe87010000 - 0x00007ffe87095000 	C:\WINDOWS\System32\fwpuclnt.dll
0x00007ffe86420000 - 0x00007ffe86430000 	C:\Program Files\Java\jdk-17\bin\verify.dll
0x00007ffe65220000 - 0x00007ffe65228000 	C:\WINDOWS\system32\wshunix.dll

dbghelp: loaded successfully - version: 4.0.5 - missing functions: none
symbol engine: initialized successfully - sym options: 0x614 - pdb path: .;C:\Program Files\Java\jdk-17\bin;C:\WINDOWS\SYSTEM32;C:\WINDOWS\WinSxS\amd64_microsoft.windows.common-controls_6595b64144ccf1df_6.0.26100.2454_none_3e0b68a2e331ad60;C:\Program Files\Java\jdk-17\bin\server

VM Arguments:
jvm_args: -XX:TieredStopAtLevel=1 
java_command: site.easy.to.build.crm.CrmApplication
java_class_path (initial): D:\IT UNIVERSITY\WorkSpace\S6\Eval\crm-java-repository\crm-master\target\classes;C:\Users\mixan\.m2\repository\org\aspectj\aspectjweaver\1.9.19\aspectjweaver-1.9.19.jar;C:\Users\mixan\.m2\repository\com\zaxxer\HikariCP\5.0.1\HikariCP-5.0.1.jar;C:\Users\mixan\.m2\repository\org\springframework\spring-jdbc\6.0.9\spring-jdbc-6.0.9.jar;C:\Users\mixan\.m2\repository\org\hibernate\orm\hibernate-core\6.2.2.Final\hibernate-core-6.2.2.Final.jar;C:\Users\mixan\.m2\repository\jakarta\persistence\jakarta.persistence-api\3.1.0\jakarta.persistence-api-3.1.0.jar;C:\Users\mixan\.m2\repository\jakarta\transaction\jakarta.transaction-api\2.0.1\jakarta.transaction-api-2.0.1.jar;C:\Users\mixan\.m2\repository\org\jboss\logging\jboss-logging\3.5.0.Final\jboss-logging-3.5.0.Final.jar;C:\Users\mixan\.m2\repository\org\hibernate\common\hibernate-commons-annotations\6.0.6.Final\hibernate-commons-annotations-6.0.6.Final.jar;C:\Users\mixan\.m2\repository\io\smallrye\jandex\3.0.5\jandex-3.0.5.jar;C:\Users\mixan\.m2\repository\com\fasterxml\classmate\1.5.1\classmate-1.5.1.jar;C:\Users\mixan\.m2\repository\net\bytebuddy\byte-buddy\1.14.4\byte-buddy-1.14.4.jar;C:\Users\mixan\.m2\repository\org\glassfish\jaxb\jaxb-runtime\4.0.2\jaxb-runtime-4.0.2.jar;C:\Users\mixan\.m2\repository\org\glassfish\jaxb\jaxb-core\4.0.2\jaxb-core-4.0.2.jar;C:\Users\mixan\.m2\repository\org\glassfish\jaxb\txw2\4.0.2\txw2-4.0.2.jar;C:\Users\mixan\.m2\repository\com\sun\istack\istack-commons-runtime\4.1.1\istack-commons-runtime-4.1.1.jar;C:\Users\mixan\.m2\repository\jakarta\inject\jakarta.inject-api\2.0.1\jakarta.inject-api-2.0.1.jar;C:\Users\mixan\.m2\repository\org\antlr\antlr4-runtime\4.10.1\antlr4-runtime-4.10.1.jar;C:\Users\mixan\.m2\repository\org\springframework\data\spring-data-jpa\3.1.0\spring-data-jpa-3.1.0.jar;C:\Users\mixan\.m2\repository\org\springframework\data\spring-data-commons\3.1.0\spring-data-commons-3.1.0.jar;C:\Users\mixan\.m2\repository\org\springframework\spring-orm\6.0.
Launcher Type: SUN_STANDARD

[Global flags]
     intx CICompilerCount                          = 12                                        {product} {ergonomic}
     uint ConcGCThreads                            = 3                                         {product} {ergonomic}
     uint G1ConcRefinementThreads                  = 13                                        {product} {ergonomic}
   size_t G1HeapRegionSize                         = 2097152                                   {product} {ergonomic}
    uintx GCDrainStackTargetSize                   = 64                                        {product} {ergonomic}
   size_t InitialHeapSize                          = 197132288                                 {product} {ergonomic}
   size_t MarkStackSize                            = 4194304                                   {product} {ergonomic}
   size_t MaxHeapSize                              = 3145728000                                {product} {ergonomic}
   size_t MaxNewSize                               = 1887436800                                {product} {ergonomic}
   size_t MinHeapDeltaBytes                        = 2097152                                   {product} {ergonomic}
   size_t MinHeapSize                              = 8388608                                   {product} {ergonomic}
    uintx NonProfiledCodeHeapSize                  = 0                                      {pd product} {ergonomic}
     bool ProfileInterpreter                       = false                                  {pd product} {command line}
    uintx ProfiledCodeHeapSize                     = 0                                      {pd product} {ergonomic}
   size_t SoftMaxHeapSize                          = 3145728000                             {manageable} {ergonomic}
     intx TieredStopAtLevel                        = 1                                         {product} {command line}
     bool UseCompressedClassPointers               = true                           {product lp64_product} {ergonomic}
     bool UseCompressedOops                        = true                           {product lp64_product} {ergonomic}
     bool UseG1GC                                  = true                                      {product} {ergonomic}
     bool UseLargePagesIndividualAllocation        = false                                  {pd product} {ergonomic}

Logging:
Log output configuration:
 #0: stdout all=warning uptime,level,tags
 #1: stderr all=off uptime,level,tags

Environment Variables:
JAVA_HOME=C:\Program Files\Java\jdk-17
CLASSPATH=D:\IT UNIVERSITY\JAR\jakarta.servlet-api-6.1.0-M2.jar;D:\IT UNIVERSITY\JAR\mysql-connector-java-8.0.19.jar;D:\IT UNIVERSITY\JAR\ojdbc6.jar;D:\IT UNIVERSITY\JAR\postgresql-42.6.0.jar;D:\IT UNIVERSITY\JAR\javax.ejb.jar;D:\IT UNIVERSITY\JAR\jakarta.ws.rs-api-3.0.0.jar;D:\IT UNIVERSITY\JAR\jakarta.ejb-api-4.0.0.jar;D:\IT UNIVERSITY\JAR\gson-2.10.1.jar;D:\IT UNIVERSITY\JAR\javax.servlet-api-3.1.0.jar;D:\IT UNIVERSITY\JAR\jakarta.mail-1.6.7.jar;
PATH=C:\xampp\php;C:\Program Files\Git\bin;D:\app\mixan\product\11.2.0\dbhome_1\bin;C:\Program Files (x86)\Common Files\Oracle\Java\java8path;C:\Program Files (x86)\Common Files\Oracle\Java\javapath;C:\Program Files (x86)\Common Files\Intel\Shared Libraries\redist\intel64\compiler;C:\WINDOWS\system32;C:\WINDOWS;C:\WINDOWS\System32\Wbem;C:\WINDOWS\System32\WindowsPowerShell\v1.0\;C:\WINDOWS\System32\OpenSSH\;C:\Program Files (x86)\NVIDIA Corporation\PhysX\Common;C:\Program Files\nodejs\;C:\Ant\apache-ant-1.10.15\bin;C:\Program Files\Java\jdk1.8.0_152\;C:\Program Files\Java\jdk-17\bin;C:\Program Files\PostgreSQL\16\bin;C:\Program Files\Git\cmd;C:\Program Files\NVIDIA Corporation\NVIDIA app\NvDLISR;C:\Program Files\dotnet\;D:\Logiciel\toolbox\Android\Sdk\platform-tools;D:\Logiciel;D:\Logiciel\7-Zip;C:\Users\mixan\AppData\Local\Programs\Python\Python313;C:\Users\mixan\AppData\Local\Programs\Python\Python313\Scripts;C:\ProgramData\ComposerSetup\bin;C:\Program Files\IIS Express;C:\Program Files (x86)\IIS Express;C:\xampp\php;C:\Program Files\Git\bin;D:\app\mixan\product\11.2.0\dbhome_1\bin;C:\Program Files (x86)\Common Files\Oracle\Java\java8path;C:\Program Files (x86)\Common Files\Oracle\Java\javapath;C:\Program Files (x86)\Common Files\Intel\Shared Libraries\redist\intel64\compiler;C:\WINDOWS\system32;C:\WINDOWS;C:\WINDOWS\System32\Wbem;C:\WINDOWS\System32\WindowsPowerShell\v1.0\;C:\WINDOWS\System32\OpenSSH\;C:\Program Files (x86)\NVIDIA Corporation\PhysX\Common;C:\Program Files\nodejs\;C:\Ant\apache-ant-1.10.15\bin;C:\Program Files\Java\jdk1.8.0_152\;C:\Program Files\Java\jdk-17\bin;C:\Program Files\PostgreSQL\16\bin;C:\Program Files\Git\cmd;C:\Program Files\NVIDIA Corporation\NVIDIA app\NvDLISR;C:\Program Files\dotnet\;D:\Logiciel\toolbox\Android\Sdk\platform-tools;D:\Logiciel;D:\Logiciel\7-Zip;C:\Users\mixan\AppData\Local\Programs\Python\Launcher\;C:\Users\mixan\scoop\shims;C:\Users\mixan\AppData\Local\Microsoft\WindowsApps;C:\Users\mixan\AppData\Local\Programs\Microsof
USERNAME=mixan
LANG=en_US.UTF-8
OS=Windows_NT
PROCESSOR_IDENTIFIER=Intel64 Family 6 Model 154 Stepping 3, GenuineIntel



---------------  S Y S T E M  ---------------

OS:
 Windows 11 , 64 bit Build 26100 (10.0.26100.2454)
OS uptime: 0 days 22:34 hours
Hyper-V role detected

CPU: total 16 (initial active 16) (8 cores per cpu, 2 threads per core) family 6 model 154 stepping 3 microcode 0x421, cx8, cmov, fxsr, ht, mmx, 3dnowpref, sse, sse2, sse3, ssse3, sse4.1, sse4.2, popcnt, lzcnt, tsc, tscinvbit, avx, avx2, aes, erms, clmul, bmi1, bmi2, adx, sha, fma, vzeroupper, clflush, clflushopt, clwb, hv

Memory: 4k page, system-wide physical 11992M (1483M free)
TotalPageFile size 30689M (AvailPageFile size 0M)
current process WorkingSet (physical memory assigned to process): 400M, peak: 460M
current process commit charge ("private bytes"): 458M, peak: 672M

vm_info: Java HotSpot(TM) 64-Bit Server VM (17.0.10+11-LTS-240) for windows-amd64 JRE (17.0.10+11-LTS-240), built on Dec 19 2023 21:47:25 by "mach5one" with MS VC++ 17.1 (VS2022)

END.
