#
# There is insufficient memory for the Java Runtime Environment to continue.
# Native memory allocation (mmap) failed to map 400556032 bytes for G1 virtual space
# Possible reasons:
#   The system is out of physical RAM or swap space
#   The process is running with CompressedOops enabled, and the Java Heap may be blocking the growth of the native heap
# Possible solutions:
#   Reduce memory load on the system
#   Increase physical memory or swap space
#   Check if swap backing store is full
#   Decrease Java heap size (-Xmx/-Xms)
#   Decrease number of Java threads
#   Decrease Java thread stack sizes (-Xss)
#   Set larger code cache with -XX:ReservedCodeCacheSize=
#   JVM is running with Zero Based Compressed Oops mode in which the Java heap is
#     placed in the first 32GB address space. The Java Heap base address is the
#     maximum limit for the native heap growth. Please use -XX:HeapBaseMinAddress
#     to set the Java Heap base and to place the Java Heap above 32GB virtual address.
# This output file may be truncated or incomplete.
#
#  Out of Memory Error (os_windows.cpp:3548), pid=5224, tid=2260
#
# JRE version: Java(TM) SE Runtime Environment (17.0.10+11) (build 17.0.10+11-LTS-240)
# Java VM: Java HotSpot(TM) 64-Bit Server VM (17.0.10+11-LTS-240, mixed mode, emulated-client, sharing, tiered, compressed oops, compressed class ptrs, g1 gc, windows-amd64)
# No core dump will be written. Minidumps are not enabled by default on client versions of Windows
#

---------------  S U M M A R Y ------------

Command Line: -XX:TieredStopAtLevel=1 site.easy.to.build.crm.CrmApplication

Host: 12th Gen Intel(R) Core(TM) i5-12500H, 16 cores, 11G,  Windows 11 , 64 bit Build 26100 (10.0.26100.2454)
Time: Mon Mar 24 08:20:18 2025 Afrique de l, 64 bit Build 26100 (10.0.26100.2454) elapsed time: 6015.096780 seconds (0d 1h 40m 15s)

---------------  T H R E A D  ---------------

Current thread (0x0000029b350e4bd0):  VMThread "VM Thread" [stack: 0x000000b38be00000,0x000000b38bf00000] [id=2260]

Stack: [0x000000b38be00000,0x000000b38bf00000]
Native frames: (J=compiled Java code, j=interpreted, Vv=VM code, C=native code)
V  [jvm.dll+0x677a5a]
V  [jvm.dll+0x7d8b2d]
V  [jvm.dll+0x7da48e]
V  [jvm.dll+0x7daaf3]
V  [jvm.dll+0x2455ff]
V  [jvm.dll+0x6749b9]
V  [jvm.dll+0x669382]
V  [jvm.dll+0x302e96]
V  [jvm.dll+0x30a416]
V  [jvm.dll+0x359cbe]
V  [jvm.dll+0x359eef]
V  [jvm.dll+0x2d9e88]
V  [jvm.dll+0x2d8295]
V  [jvm.dll+0x2d789c]
V  [jvm.dll+0x31b18b]
V  [jvm.dll+0x7df30b]
V  [jvm.dll+0x7e0044]
V  [jvm.dll+0x7e055d]
V  [jvm.dll+0x7e0934]
V  [jvm.dll+0x7e0a00]
V  [jvm.dll+0x78888a]
V  [jvm.dll+0x676935]
C  [ucrtbase.dll+0x14ea0]
C  [KERNEL32.DLL+0x2e8d7]
C  [ntdll.dll+0xdfbcc]

VM_Operation (0x000000b38e3fc330): G1CollectForAllocation, mode: safepoint, requested by thread 0x0000029b7b55e200


---------------  P R O C E S S  ---------------

Threads class SMR info:
_java_thread_list=0x0000029b7da5ecb0, length=29, elements={
0x0000029b350e8670, 0x0000029b350e9230, 0x0000029b352445f0, 0x0000029b35244ec0,
0x0000029b35245880, 0x0000029b35246240, 0x0000029b35247b20, 0x0000029b35248430,
0x0000029b3543a770, 0x0000029b3543d740, 0x0000029b7b55cdc0, 0x0000029b7cbf6a60,
0x0000029b7cbfb140, 0x0000029b7d5dc4e0, 0x0000029b7d5dd410, 0x0000029b7d5dcf00,
0x0000029b7d5ded60, 0x0000029b7cbf7480, 0x0000029b7cbf6f70, 0x0000029b7cbf83b0,
0x0000029b7d938620, 0x0000029b7d938110, 0x0000029b7cbf7990, 0x0000029b7b55c8b0,
0x0000029b7b55e200, 0x0000029b7b55d2d0, 0x0000029b7b55d7e0, 0x0000029b7b55dcf0,
0x0000029b7cbf6550
}

Java Threads: ( => current thread )
  0x0000029b350e8670 JavaThread "Reference Handler" daemon [_thread_blocked, id=12596, stack(0x000000b38bf00000,0x000000b38c000000)]
  0x0000029b350e9230 JavaThread "Finalizer" daemon [_thread_blocked, id=6552, stack(0x000000b38c000000,0x000000b38c100000)]
  0x0000029b352445f0 JavaThread "Signal Dispatcher" daemon [_thread_blocked, id=3356, stack(0x000000b38c100000,0x000000b38c200000)]
  0x0000029b35244ec0 JavaThread "Attach Listener" daemon [_thread_blocked, id=9232, stack(0x000000b38c200000,0x000000b38c300000)]
  0x0000029b35245880 JavaThread "Service Thread" daemon [_thread_blocked, id=5760, stack(0x000000b38c300000,0x000000b38c400000)]
  0x0000029b35246240 JavaThread "Monitor Deflation Thread" daemon [_thread_blocked, id=6028, stack(0x000000b38c400000,0x000000b38c500000)]
  0x0000029b35247b20 JavaThread "C1 CompilerThread0" daemon [_thread_blocked, id=5612, stack(0x000000b38c500000,0x000000b38c600000)]
  0x0000029b35248430 JavaThread "Sweeper thread" daemon [_thread_blocked, id=864, stack(0x000000b38c600000,0x000000b38c700000)]
  0x0000029b3543a770 JavaThread "Notification Thread" daemon [_thread_blocked, id=21500, stack(0x000000b38cb00000,0x000000b38cc00000)]
  0x0000029b3543d740 JavaThread "Common-Cleaner" daemon [_thread_blocked, id=7248, stack(0x000000b38ce00000,0x000000b38cf00000)]
  0x0000029b7b55cdc0 JavaThread "mysql-cj-abandoned-connection-cleanup" daemon [_thread_blocked, id=20476, stack(0x000000b38e600000,0x000000b38e700000)]
  0x0000029b7cbf6a60 JavaThread "Live Reload Server" daemon [_thread_in_native, id=15476, stack(0x000000b38ee00000,0x000000b38ef00000)]
  0x0000029b7cbfb140 JavaThread "DestroyJavaVM" [_thread_blocked, id=18340, stack(0x000000b38b800000,0x000000b38b900000)]
  0x0000029b7d5dc4e0 JavaThread "File Watcher" daemon [_thread_blocked, id=2648, stack(0x000000b38b700000,0x000000b38b800000)]
  0x0000029b7d5dd410 JavaThread "File Watcher" daemon [_thread_blocked, id=7108, stack(0x000000b38c800000,0x000000b38c900000)]
  0x0000029b7d5dcf00 JavaThread "File Watcher" daemon [_thread_blocked, id=21032, stack(0x000000b38c900000,0x000000b38ca00000)]
  0x0000029b7d5ded60 JavaThread "File Watcher" daemon [_thread_blocked, id=20528, stack(0x000000b38ca00000,0x000000b38cb00000)]
  0x0000029b7cbf7480 JavaThread "File Watcher" daemon [_thread_blocked, id=24560, stack(0x000000b38d300000,0x000000b38d400000)]
  0x0000029b7cbf6f70 JavaThread "File Watcher" daemon [_thread_blocked, id=23084, stack(0x000000b38d400000,0x000000b38d500000)]
  0x0000029b7cbf83b0 JavaThread "File Watcher" daemon [_thread_blocked, id=24276, stack(0x000000b38d900000,0x000000b38da00000)]
  0x0000029b7d938620 JavaThread "File Watcher" daemon [_thread_blocked, id=12500, stack(0x000000b38c700000,0x000000b38c800000)]
  0x0000029b7d938110 JavaThread "File Watcher" daemon [_thread_blocked, id=22148, stack(0x000000b38da00000,0x000000b38db00000)]
  0x0000029b7cbf7990 JavaThread "File Watcher" daemon [_thread_blocked, id=20840, stack(0x000000b38dc00000,0x000000b38dd00000)]
  0x0000029b7b55c8b0 JavaThread "Thread-405" [_thread_blocked, id=9680, stack(0x000000b38db00000,0x000000b38dc00000)]
  0x0000029b7b55e200 JavaThread "restartedMain" [_thread_blocked, id=18440, stack(0x000000b38e300000,0x000000b38e400000)]
  0x0000029b7b55d2d0 JavaThread "Catalina-utility-1" [_thread_blocked, id=20900, stack(0x000000b38e400000,0x000000b38e500000)]
  0x0000029b7b55d7e0 JavaThread "Catalina-utility-2" [_thread_blocked, id=3240, stack(0x000000b38e500000,0x000000b38e600000)]
  0x0000029b7b55dcf0 JavaThread "container-10" [_thread_blocked, id=22892, stack(0x000000b38e700000,0x000000b38e800000)]
  0x0000029b7cbf6550 JavaThread "HikariPool-105 housekeeper" daemon [_thread_blocked, id=23180, stack(0x000000b38e800000,0x000000b38e900000)]

Other Threads:
=>0x0000029b350e4bd0 VMThread "VM Thread" [stack: 0x000000b38be00000,0x000000b38bf00000] [id=2260]
  0x0000029b35427ee0 WatcherThread [stack: 0x000000b38cc00000,0x000000b38cd00000] [id=17556]
  0x0000029b2028cb50 GCTaskThread "GC Thread#0" [stack: 0x000000b38b900000,0x000000b38ba00000] [id=13116]
  0x0000029b35c077e0 GCTaskThread "GC Thread#1" [stack: 0x000000b38cf00000,0x000000b38d000000] [id=21380]
  0x0000029b35bc1e90 GCTaskThread "GC Thread#2" [stack: 0x000000b38d000000,0x000000b38d100000] [id=11500]
  0x0000029b35bc2150 GCTaskThread "GC Thread#3" [stack: 0x000000b38d100000,0x000000b38d200000] [id=16800]
  0x0000029b35c2e8b0 GCTaskThread "GC Thread#4" [stack: 0x000000b38d200000,0x000000b38d300000] [id=21180]
  0x0000029b35e027f0 GCTaskThread "GC Thread#5" [stack: 0x000000b38d600000,0x000000b38d700000] [id=9948]
  0x0000029b35e01aa0 GCTaskThread "GC Thread#6" [stack: 0x000000b38d700000,0x000000b38d800000] [id=17652]
  0x0000029b35e2ec30 GCTaskThread "GC Thread#7" [stack: 0x000000b38d800000,0x000000b38d900000] [id=18924]
  0x0000029b7b59a710 GCTaskThread "GC Thread#8" [stack: 0x000000b38d500000,0x000000b38d600000] [id=11716]
  0x0000029b7b55b450 GCTaskThread "GC Thread#9" [stack: 0x000000b38dd00000,0x000000b38de00000] [id=12476]
  0x0000029b7b5d9690 GCTaskThread "GC Thread#10" [stack: 0x000000b38de00000,0x000000b38df00000] [id=17372]
  0x0000029b7b5ea970 GCTaskThread "GC Thread#11" [stack: 0x000000b38df00000,0x000000b38e000000] [id=3020]
  0x0000029b7b73ab70 GCTaskThread "GC Thread#12" [stack: 0x000000b38e000000,0x000000b38e100000] [id=20464]
  0x0000029b20299620 ConcurrentGCThread "G1 Main Marker" [stack: 0x000000b38ba00000,0x000000b38bb00000] [id=9464]
  0x0000029b2029a030 ConcurrentGCThread "G1 Conc#0" [stack: 0x000000b38bb00000,0x000000b38bc00000] [id=2812]
  0x0000029b7b73b0f0 ConcurrentGCThread "G1 Conc#1" [stack: 0x000000b38e100000,0x000000b38e200000] [id=1452]
  0x0000029b7b73bbf0 ConcurrentGCThread "G1 Conc#2" [stack: 0x000000b38e200000,0x000000b38e300000] [id=20544]
  0x0000029b34f91aa0 ConcurrentGCThread "G1 Refine#0" [stack: 0x000000b38bc00000,0x000000b38bd00000] [id=1448]
  0x0000029b34f93380 ConcurrentGCThread "G1 Service" [stack: 0x000000b38bd00000,0x000000b38be00000] [id=12128]

Threads with active compile tasks:

VM state: at safepoint (normal execution)

VM Mutex/Monitor currently owned by a thread:  ([mutex/lock_event])
[0x0000029b20231330] Threads_lock - owner thread: 0x0000029b350e4bd0
[0x0000029b20230c70] Heap_lock - owner thread: 0x0000029b7b55e200

Heap address: 0x0000000744800000, size: 3000 MB, Compressed Oops mode: Zero based, Oop shift amount: 3

CDS archive(s) mapped at: [0x0000029b36000000-0x0000029b36bd0000-0x0000029b36bd0000), size 12386304, SharedBaseAddress: 0x0000029b36000000, ArchiveRelocationMode: 1.
Compressed class space mapped at: 0x0000029b37000000-0x0000029b77000000, reserved size: 1073741824
Narrow klass base: 0x0000029b36000000, Narrow klass shift: 0, Narrow klass range: 0x100000000

GC Precious Log:
 CPUs: 16 total, 16 available
 Memory: 11992M
 Large Page Support: Disabled
 NUMA Support: Disabled
 Compressed Oops: Enabled (Zero based)
 Heap Region Size: 2M
 Heap Min Capacity: 8M
 Heap Initial Capacity: 188M
 Heap Max Capacity: 3000M
 Pre-touch: Disabled
 Parallel Workers: 13
 Concurrent Workers: 3
 Concurrent Refinement Workers: 13
 Periodic GC: Disabled

Heap:
 garbage-first heap   total 219136K, used 71771K [0x0000000744800000, 0x0000000800000000)
  region size 2048K, 4 young (8192K), 4 survivors (8192K)
 Metaspace       used 132935K, committed 134656K, reserved 1245184K
  class space    used 16887K, committed 17728K, reserved 1048576K

Heap Regions: E=young(eden), S=young(survivor), O=old, HS=humongous(starts), HC=humongous(continues), CS=collection set, F=free, OA=open archive, CA=closed archive, TAMS=top-at-mark-start (previous, next)
|   0|0x0000000744800000, 0x0000000744a00000, 0x0000000744a00000|100%| O|  |TAMS 0x0000000744a00000, 0x0000000744800000| Untracked 
|   1|0x0000000744a00000, 0x0000000744bfffe0, 0x0000000744c00000| 99%| O|  |TAMS 0x0000000744bfffe0, 0x0000000744a00000| Untracked 
|   2|0x0000000744c00000, 0x0000000744e00000, 0x0000000744e00000|100%| O|  |TAMS 0x0000000744e00000, 0x0000000744c00000| Untracked 
|   3|0x0000000744e00000, 0x0000000744fffff8, 0x0000000745000000| 99%| O|  |TAMS 0x0000000744fffff8, 0x0000000744e00000| Untracked 
|   4|0x0000000745000000, 0x00000007451fffd0, 0x0000000745200000| 99%| O|  |TAMS 0x00000007451fffd0, 0x0000000745000000| Untracked 
|   5|0x0000000745200000, 0x00000007453fffe0, 0x0000000745400000| 99%| O|  |TAMS 0x00000007453fffe0, 0x0000000745200000| Untracked 
|   6|0x0000000745400000, 0x00000007455fef40, 0x0000000745600000| 99%| O|  |TAMS 0x00000007455fef40, 0x0000000745400000| Untracked 
|   7|0x0000000745600000, 0x0000000745800000, 0x0000000745800000|100%| O|  |TAMS 0x0000000745800000, 0x0000000745600000| Untracked 
|   8|0x0000000745800000, 0x0000000745a00000, 0x0000000745a00000|100%| O|  |TAMS 0x0000000745a00000, 0x0000000745800000| Untracked 
|   9|0x0000000745a00000, 0x0000000745bfcc70, 0x0000000745c00000| 99%| O|  |TAMS 0x0000000745bfcc70, 0x0000000745a00000| Untracked 
|  10|0x0000000745c00000, 0x0000000745dfffe0, 0x0000000745e00000| 99%| O|  |TAMS 0x0000000745dfffe0, 0x0000000745c00000| Untracked 
|  11|0x0000000745e00000, 0x0000000745fffff0, 0x0000000746000000| 99%| O|  |TAMS 0x0000000745fffff0, 0x0000000745e00000| Untracked 
|  12|0x0000000746000000, 0x00000007461fffc8, 0x0000000746200000| 99%| O|  |TAMS 0x00000007461fffc8, 0x0000000746000000| Untracked 
|  13|0x0000000746200000, 0x00000007463ffff0, 0x0000000746400000| 99%| O|  |TAMS 0x00000007463ffff0, 0x0000000746200000| Untracked 
|  14|0x0000000746400000, 0x00000007465ffff8, 0x0000000746600000| 99%| O|  |TAMS 0x00000007465ffff8, 0x0000000746400000| Untracked 
|  15|0x0000000746600000, 0x00000007467ffff8, 0x0000000746800000| 99%| O|  |TAMS 0x00000007467ffff8, 0x0000000746600000| Untracked 
|  16|0x0000000746800000, 0x00000007469fffc8, 0x0000000746a00000| 99%| O|  |TAMS 0x00000007469fffc8, 0x0000000746800000| Untracked 
|  17|0x0000000746a00000, 0x0000000746bfffd8, 0x0000000746c00000| 99%| O|  |TAMS 0x0000000746bfffd8, 0x0000000746a00000| Untracked 
|  18|0x0000000746c00000, 0x0000000746dfffe0, 0x0000000746e00000| 99%| O|  |TAMS 0x0000000746c00000, 0x0000000746c00000| Untracked 
|  19|0x0000000746e00000, 0x0000000746fffff0, 0x0000000747000000| 99%| O|  |TAMS 0x0000000746e00000, 0x0000000746e00000| Untracked 
|  20|0x0000000747000000, 0x00000007471ffff0, 0x0000000747200000| 99%| O|  |TAMS 0x00000007471ffff0, 0x0000000747000000| Untracked 
|  21|0x0000000747200000, 0x00000007473fffc0, 0x0000000747400000| 99%| O|  |TAMS 0x00000007473fffc0, 0x0000000747200000| Untracked 
|  22|0x0000000747400000, 0x00000007475fffc8, 0x0000000747600000| 99%| O|  |TAMS 0x00000007475fffc8, 0x0000000747400000| Untracked 
|  23|0x0000000747600000, 0x00000007477fffd0, 0x0000000747800000| 99%| O|  |TAMS 0x00000007477fffd0, 0x0000000747600000| Untracked 
|  24|0x0000000747800000, 0x00000007479fffb8, 0x0000000747a00000| 99%| O|  |TAMS 0x0000000747800000, 0x0000000747800000| Untracked 
|  25|0x0000000747a00000, 0x0000000747bffff8, 0x0000000747c00000| 99%| O|  |TAMS 0x0000000747a00000, 0x0000000747a00000| Untracked 
|  26|0x0000000747c00000, 0x0000000747dffff8, 0x0000000747e00000| 99%| O|  |TAMS 0x0000000747c00000, 0x0000000747c00000| Untracked 
|  27|0x0000000747e00000, 0x0000000747ffffe0, 0x0000000748000000| 99%| O|  |TAMS 0x0000000747e00000, 0x0000000747e00000| Untracked 
|  28|0x0000000748000000, 0x0000000748078ee0, 0x0000000748200000| 23%| O|  |TAMS 0x0000000748000000, 0x0000000748000000| Untracked 
|  29|0x0000000748200000, 0x00000007482fc830, 0x0000000748400000| 49%| O|  |TAMS 0x0000000748200000, 0x0000000748200000| Untracked 
|  30|0x0000000748400000, 0x0000000748509308, 0x0000000748600000| 51%| O|  |TAMS 0x0000000748400000, 0x0000000748400000| Untracked 
|  31|0x0000000748600000, 0x0000000748755a40, 0x0000000748800000| 66%| O|  |TAMS 0x0000000748600000, 0x0000000748600000| Untracked 
|  32|0x0000000748800000, 0x0000000748800000, 0x0000000748a00000|  0%| F|  |TAMS 0x0000000748800000, 0x0000000748800000| Untracked 
|  33|0x0000000748a00000, 0x0000000748b22da0, 0x0000000748c00000| 56%| O|  |TAMS 0x0000000748a00000, 0x0000000748a00000| Untracked 
|  34|0x0000000748c00000, 0x0000000748c00000, 0x0000000748e00000|  0%| F|  |TAMS 0x0000000748c00000, 0x0000000748c00000| Untracked 
|  35|0x0000000748e00000, 0x0000000748e00000, 0x0000000749000000|  0%| F|  |TAMS 0x0000000748e00000, 0x0000000748e00000| Untracked 
|  36|0x0000000749000000, 0x0000000749000000, 0x0000000749200000|  0%| F|  |TAMS 0x0000000749000000, 0x0000000749000000| Untracked 
|  37|0x0000000749200000, 0x0000000749200000, 0x0000000749400000|  0%| F|  |TAMS 0x0000000749200000, 0x0000000749200000| Untracked 
|  38|0x0000000749400000, 0x0000000749400000, 0x0000000749600000|  0%| F|  |TAMS 0x0000000749400000, 0x0000000749400000| Untracked 
|  39|0x0000000749600000, 0x0000000749600000, 0x0000000749800000|  0%| F|  |TAMS 0x0000000749600000, 0x0000000749600000| Untracked 
|  40|0x0000000749800000, 0x0000000749800000, 0x0000000749a00000|  0%| F|  |TAMS 0x0000000749800000, 0x0000000749800000| Untracked 
|  41|0x0000000749a00000, 0x0000000749a00000, 0x0000000749c00000|  0%| F|  |TAMS 0x0000000749a00000, 0x0000000749a00000| Untracked 
|  42|0x0000000749c00000, 0x0000000749c00000, 0x0000000749e00000|  0%| F|  |TAMS 0x0000000749c00000, 0x0000000749c00000| Untracked 
|  43|0x0000000749e00000, 0x0000000749e00000, 0x000000074a000000|  0%| F|  |TAMS 0x0000000749e00000, 0x0000000749e00000| Untracked 
|  44|0x000000074a000000, 0x000000074a000000, 0x000000074a200000|  0%| F|  |TAMS 0x000000074a000000, 0x000000074a000000| Untracked 
|  45|0x000000074a200000, 0x000000074a200000, 0x000000074a400000|  0%| F|  |TAMS 0x000000074a200000, 0x000000074a200000| Untracked 
|  46|0x000000074a400000, 0x000000074a400000, 0x000000074a600000|  0%| F|  |TAMS 0x000000074a400000, 0x000000074a400000| Untracked 
|  47|0x000000074a600000, 0x000000074a600000, 0x000000074a800000|  0%| F|  |TAMS 0x000000074a600000, 0x000000074a600000| Untracked 
|  48|0x000000074a800000, 0x000000074a800000, 0x000000074aa00000|  0%| F|  |TAMS 0x000000074a800000, 0x000000074a800000| Untracked 
|  49|0x000000074aa00000, 0x000000074ab733a8, 0x000000074ac00000| 72%| S|CS|TAMS 0x000000074aa00000, 0x000000074aa00000| Complete 
|  50|0x000000074ac00000, 0x000000074ae00000, 0x000000074ae00000|100%| S|CS|TAMS 0x000000074ac00000, 0x000000074ac00000| Complete 
|  51|0x000000074ae00000, 0x000000074b000000, 0x000000074b000000|100%| S|CS|TAMS 0x000000074ae00000, 0x000000074ae00000| Complete 
|  52|0x000000074b000000, 0x000000074b200000, 0x000000074b200000|100%| S|CS|TAMS 0x000000074b000000, 0x000000074b000000| Complete 
|  53|0x000000074b200000, 0x000000074b200000, 0x000000074b400000|  0%| F|  |TAMS 0x000000074b200000, 0x000000074b200000| Untracked 
|  54|0x000000074b400000, 0x000000074b400000, 0x000000074b600000|  0%| F|  |TAMS 0x000000074b400000, 0x000000074b400000| Untracked 
|  55|0x000000074b600000, 0x000000074b600000, 0x000000074b800000|  0%| F|  |TAMS 0x000000074b600000, 0x000000074b600000| Untracked 
|  56|0x000000074b800000, 0x000000074b800000, 0x000000074ba00000|  0%| F|  |TAMS 0x000000074b800000, 0x000000074b800000| Untracked 
|  57|0x000000074ba00000, 0x000000074bb45628, 0x000000074bc00000| 63%| O|  |TAMS 0x000000074ba00000, 0x000000074ba00000| Untracked 
|  58|0x000000074bc00000, 0x000000074bc6bac8, 0x000000074be00000| 21%| O|  |TAMS 0x000000074bc00000, 0x000000074bc00000| Untracked 
|  59|0x000000074be00000, 0x000000074be00000, 0x000000074c000000|  0%| F|  |TAMS 0x000000074be00000, 0x000000074be00000| Untracked 
|  60|0x000000074c000000, 0x000000074c000000, 0x000000074c200000|  0%| F|  |TAMS 0x000000074c000000, 0x000000074c000000| Untracked 
|  61|0x000000074c200000, 0x000000074c200000, 0x000000074c400000|  0%| F|  |TAMS 0x000000074c200000, 0x000000074c200000| Untracked 
|  62|0x000000074c400000, 0x000000074c400000, 0x000000074c600000|  0%| F|  |TAMS 0x000000074c400000, 0x000000074c400000| Untracked 
|  63|0x000000074c600000, 0x000000074c600000, 0x000000074c800000|  0%| F|  |TAMS 0x000000074c600000, 0x000000074c600000| Untracked 
|  64|0x000000074c800000, 0x000000074c800000, 0x000000074ca00000|  0%| F|  |TAMS 0x000000074c800000, 0x000000074c800000| Untracked 
|  65|0x000000074ca00000, 0x000000074ca00000, 0x000000074cc00000|  0%| F|  |TAMS 0x000000074ca00000, 0x000000074ca00000| Untracked 
|  66|0x000000074cc00000, 0x000000074cc00000, 0x000000074ce00000|  0%| F|  |TAMS 0x000000074cc00000, 0x000000074cc00000| Untracked 
|  67|0x000000074ce00000, 0x000000074ce00000, 0x000000074d000000|  0%| F|  |TAMS 0x000000074ce00000, 0x000000074ce00000| Untracked 
|  68|0x000000074d000000, 0x000000074d000000, 0x000000074d200000|  0%| F|  |TAMS 0x000000074d000000, 0x000000074d000000| Untracked 
|  69|0x000000074d200000, 0x000000074d200000, 0x000000074d400000|  0%| F|  |TAMS 0x000000074d200000, 0x000000074d200000| Untracked 
|  70|0x000000074d400000, 0x000000074d400000, 0x000000074d600000|  0%| F|  |TAMS 0x000000074d400000, 0x000000074d400000| Untracked 
|  71|0x000000074d600000, 0x000000074d600000, 0x000000074d800000|  0%| F|  |TAMS 0x000000074d600000, 0x000000074d600000| Untracked 
|  72|0x000000074d800000, 0x000000074d800000, 0x000000074da00000|  0%| F|  |TAMS 0x000000074d800000, 0x000000074d800000| Untracked 
|  73|0x000000074da00000, 0x000000074da00000, 0x000000074dc00000|  0%| F|  |TAMS 0x000000074da00000, 0x000000074da00000| Untracked 
|  74|0x000000074dc00000, 0x000000074dc00000, 0x000000074de00000|  0%| F|  |TAMS 0x000000074dc00000, 0x000000074dc00000| Untracked 
|  75|0x000000074de00000, 0x000000074de00000, 0x000000074e000000|  0%| F|  |TAMS 0x000000074de00000, 0x000000074de00000| Untracked 
|  76|0x000000074e000000, 0x000000074e000000, 0x000000074e200000|  0%| F|  |TAMS 0x000000074e000000, 0x000000074e000000| Untracked 
|  77|0x000000074e200000, 0x000000074e200000, 0x000000074e400000|  0%| F|  |TAMS 0x000000074e200000, 0x000000074e200000| Untracked 
|  78|0x000000074e400000, 0x000000074e400000, 0x000000074e600000|  0%| F|  |TAMS 0x000000074e400000, 0x000000074e400000| Untracked 
|  79|0x000000074e600000, 0x000000074e600000, 0x000000074e800000|  0%| F|  |TAMS 0x000000074e600000, 0x000000074e600000| Untracked 
|  80|0x000000074e800000, 0x000000074e800000, 0x000000074ea00000|  0%| F|  |TAMS 0x000000074e800000, 0x000000074e800000| Untracked 
|  81|0x000000074ea00000, 0x000000074ea00000, 0x000000074ec00000|  0%| F|  |TAMS 0x000000074ea00000, 0x000000074ea00000| Untracked 
|  82|0x000000074ec00000, 0x000000074ec00000, 0x000000074ee00000|  0%| F|  |TAMS 0x000000074ec00000, 0x000000074ec00000| Untracked 
|  83|0x000000074ee00000, 0x000000074ee00000, 0x000000074f000000|  0%| F|  |TAMS 0x000000074ee00000, 0x000000074ee00000| Untracked 
|  84|0x000000074f000000, 0x000000074f000000, 0x000000074f200000|  0%| F|  |TAMS 0x000000074f000000, 0x000000074f000000| Untracked 
|  85|0x000000074f200000, 0x000000074f200000, 0x000000074f400000|  0%| F|  |TAMS 0x000000074f200000, 0x000000074f200000| Untracked 
|  86|0x000000074f400000, 0x000000074f400000, 0x000000074f600000|  0%| F|  |TAMS 0x000000074f400000, 0x000000074f400000| Untracked 
|  87|0x000000074f600000, 0x000000074f600000, 0x000000074f800000|  0%| F|  |TAMS 0x000000074f600000, 0x000000074f600000| Untracked 
|  88|0x000000074f800000, 0x000000074f800000, 0x000000074fa00000|  0%| F|  |TAMS 0x000000074f800000, 0x000000074f800000| Untracked 
|  89|0x000000074fa00000, 0x000000074fa00000, 0x000000074fc00000|  0%| F|  |TAMS 0x000000074fa00000, 0x000000074fa00000| Untracked 
|  90|0x000000074fc00000, 0x000000074fc00000, 0x000000074fe00000|  0%| F|  |TAMS 0x000000074fc00000, 0x000000074fc00000| Untracked 
|  91|0x000000074fe00000, 0x000000074fe00000, 0x0000000750000000|  0%| F|  |TAMS 0x000000074fe00000, 0x000000074fe00000| Untracked 
|  92|0x0000000750000000, 0x0000000750000000, 0x0000000750200000|  0%| F|  |TAMS 0x0000000750000000, 0x0000000750000000| Untracked 
|  93|0x0000000750200000, 0x0000000750200000, 0x0000000750400000|  0%| F|  |TAMS 0x0000000750200000, 0x0000000750200000| Untracked 
|  94|0x0000000750400000, 0x0000000750400000, 0x0000000750600000|  0%| F|  |TAMS 0x0000000750400000, 0x0000000750400000| Untracked 
|  95|0x0000000750600000, 0x0000000750600000, 0x0000000750800000|  0%| F|  |TAMS 0x0000000750600000, 0x0000000750600000| Untracked 
|  96|0x0000000750800000, 0x0000000750800000, 0x0000000750a00000|  0%| F|  |TAMS 0x0000000750800000, 0x0000000750800000| Untracked 
|  97|0x0000000750a00000, 0x0000000750a00000, 0x0000000750c00000|  0%| F|  |TAMS 0x0000000750a00000, 0x0000000750a00000| Untracked 
|  98|0x0000000750c00000, 0x0000000750c00000, 0x0000000750e00000|  0%| F|  |TAMS 0x0000000750c00000, 0x0000000750c00000| Untracked 
|  99|0x0000000750e00000, 0x0000000750e00000, 0x0000000751000000|  0%| F|  |TAMS 0x0000000750e00000, 0x0000000750e00000| Untracked 
| 100|0x0000000751000000, 0x0000000751000000, 0x0000000751200000|  0%| F|  |TAMS 0x0000000751000000, 0x0000000751000000| Untracked 
| 101|0x0000000751200000, 0x0000000751200000, 0x0000000751400000|  0%| F|  |TAMS 0x0000000751200000, 0x0000000751200000| Untracked 
| 102|0x0000000751400000, 0x0000000751400000, 0x0000000751600000|  0%| F|  |TAMS 0x0000000751400000, 0x0000000751400000| Untracked 
| 103|0x0000000751600000, 0x0000000751600000, 0x0000000751800000|  0%| F|  |TAMS 0x0000000751600000, 0x0000000751600000| Untracked 
| 104|0x0000000751800000, 0x0000000751800000, 0x0000000751a00000|  0%| F|  |TAMS 0x0000000751800000, 0x0000000751800000| Untracked 
| 105|0x0000000751a00000, 0x0000000751a00000, 0x0000000751c00000|  0%| F|  |TAMS 0x0000000751a00000, 0x0000000751a00000| Untracked 
| 106|0x0000000751c00000, 0x0000000751c00000, 0x0000000751e00000|  0%| F|  |TAMS 0x0000000751c00000, 0x0000000751c00000| Untracked 

Card table byte_map: [0x0000029b2b720000,0x0000029b2bd00000] _byte_map_base: 0x0000029b27cfc000

Marking Bits (Prev, Next): (CMBitMap*) 0x0000029b2028d1b0, (CMBitMap*) 0x0000029b2028d170
 Prev Bits: [0x0000029b2f1c0000, 0x0000029b320a0000)
 Next Bits: [0x0000029b2c2e0000, 0x0000029b2f1c0000)

Polling page: 0x0000029b1e1c0000

Metaspace:

Usage:
  Non-class:    113.33 MB used.
      Class:     16.49 MB used.
       Both:    129.82 MB used.

Virtual space:
  Non-class space:      192.00 MB reserved,     114.19 MB ( 59%) committed,  3 nodes.
      Class space:        1.00 GB reserved,      17.31 MB (  2%) committed,  1 nodes.
             Both:        1.19 GB reserved,     131.50 MB ( 11%) committed. 

Chunk freelists:
   Non-Class:  29.61 MB
       Class:  14.62 MB
        Both:  44.23 MB

MaxMetaspaceSize: unlimited
CompressedClassSpaceSize: 1.00 GB
Initial GC threshold: 21.00 MB
Current GC threshold: 248.75 MB
CDS: on
MetaspaceReclaimPolicy: balanced
 - commit_granule_bytes: 65536.
 - commit_granule_words: 8192.
 - virtual_space_node_default_size: 8388608.
 - enlarge_chunks_in_place: 1.
 - new_chunks_are_fully_committed: 0.
 - uncommit_free_chunks: 1.
 - use_allocation_guard: 0.
 - handle_deallocations: 1.


Internal statistics:

num_allocs_failed_limit: 9.
num_arena_births: 7344.
num_arena_deaths: 4760.
num_vsnodes_births: 4.
num_vsnodes_deaths: 0.
num_space_committed: 3893.
num_space_uncommitted: 1789.
num_chunks_returned_to_freelist: 14633.
num_chunks_taken_from_freelist: 23841.
num_chunk_merges: 4076.
num_chunk_splits: 12032.
num_chunks_enlarged: 7160.
num_inconsistent_stats: 0.

CodeCache: size=49152Kb used=42676Kb max_used=49152Kb free=6475Kb
 bounds [0x0000029b27ad0000, 0x0000029b2aad0000, 0x0000029b2aad0000]
 total_blobs=23502 nmethods=22749 adapters=679
 compilation: enabled
              stopped_count=1, restarted_count=1
 full_count=8

Compilation events (20 events):
Event: 6013.599 Thread 0x0000029b35247b20 47663       1       com.zaxxer.hikari.util.ConcurrentBag::lambda$new$1 (12 bytes)
Event: 6013.599 Thread 0x0000029b35247b20 nmethod 47663 0x0000029b28cc1e90 code [0x0000029b28cc2040, 0x0000029b28cc2288]
Event: 6013.674 Thread 0x0000029b35247b20 47664       1       org.springframework.boot.env.OriginTrackedPropertiesLoader$CharacterReader::skipComment (37 bytes)
Event: 6013.674 Thread 0x0000029b35247b20 nmethod 47664 0x0000029b28cc1b10 code [0x0000029b28cc1ca0, 0x0000029b28cc1dc8]
Event: 6013.679 Thread 0x0000029b35247b20 47665       1       ch.qos.logback.core.pattern.parser.TokenStream::tokenize (257 bytes)
Event: 6013.680 Thread 0x0000029b35247b20 nmethod 47665 0x0000029b28cbfe10 code [0x0000029b28cc0100, 0x0000029b28cc1238]
Event: 6013.684 Thread 0x0000029b35247b20 47666       1       org.springframework.boot.context.event.ApplicationPreparedEvent::getApplicationContext (5 bytes)
Event: 6013.684 Thread 0x0000029b35247b20 nmethod 47666 0x0000029b28cbfb10 code [0x0000029b28cbfca0, 0x0000029b28cbfd78]
Event: 6013.905 Thread 0x0000029b35247b20 47667       1       org.apache.coyote.AbstractProtocol::getName (8 bytes)
Event: 6013.905 Thread 0x0000029b35247b20 nmethod 47667 0x0000029b28cbf790 code [0x0000029b28cbf940, 0x0000029b28cbfa38]
Event: 6013.905 Thread 0x0000029b35247b20 47668       1       org.apache.coyote.AbstractProtocol::getNameInternal (125 bytes)
Event: 6013.906 Thread 0x0000029b35247b20 nmethod 47668 0x0000029b28cbe790 code [0x0000029b28cbea00, 0x0000029b28cbf178]
Event: 6013.906 Thread 0x0000029b35247b20 47669       1       org.apache.coyote.http11.Http11NioProtocol::getNamePrefix (20 bytes)
Event: 6013.906 Thread 0x0000029b35247b20 nmethod 47669 0x0000029b28cbe290 code [0x0000029b28cbe440, 0x0000029b28cbe5f8]
Event: 6013.912 Thread 0x0000029b35247b20 47670       1       org.springframework.boot.web.servlet.server.StaticResourceJars::getUrlsFrom (45 bytes)
Event: 6013.913 Thread 0x0000029b35247b20 nmethod 47670 0x0000029b28cbdd90 code [0x0000029b28cbdf40, 0x0000029b28cbe168]
Event: 6013.923 Thread 0x0000029b35247b20 47671   !   1       jdk.internal.reflect.GeneratedMethodAccessor213::invoke (66 bytes)
Event: 6013.924 Thread 0x0000029b35247b20 nmethod 47671 0x0000029b28cbd490 code [0x0000029b28cbd680, 0x0000029b28cbdad8]
Event: 6013.982 Thread 0x0000029b35247b20 47672   !   1       java.lang.reflect.Executable::privateGetParameters (63 bytes)
Event: 6013.982 Thread 0x0000029b35247b20 nmethod 47672 0x0000029b28cbce90 code [0x0000029b28cbd060, 0x0000029b28cbd318]

GC Heap History (20 events):
Event: 5989.961 GC heap after
{Heap after GC invocations=714 (full 91):
 garbage-first heap   total 337920K, used 72041K [0x0000000744800000, 0x0000000800000000)
  region size 2048K, 5 young (10240K), 5 survivors (10240K)
 Metaspace       used 127912K, committed 129408K, reserved 1245184K
  class space    used 16339K, committed 17088K, reserved 1048576K
}
Event: 6004.289 GC heap before
{Heap before GC invocations=714 (full 91):
 garbage-first heap   total 337920K, used 221545K [0x0000000744800000, 0x0000000800000000)
  region size 2048K, 79 young (161792K), 5 survivors (10240K)
 Metaspace       used 127915K, committed 129472K, reserved 1245184K
  class space    used 16339K, committed 17088K, reserved 1048576K
}
Event: 6004.356 GC heap after
{Heap after GC invocations=715 (full 92):
 garbage-first heap   total 245760K, used 61009K [0x0000000744800000, 0x0000000800000000)
  region size 2048K, 0 young (0K), 0 survivors (0K)
 Metaspace       used 127893K, committed 129472K, reserved 1245184K
  class space    used 16335K, committed 17088K, reserved 1048576K
}
Event: 6004.761 GC heap before
{Heap before GC invocations=715 (full 92):
 garbage-first heap   total 245760K, used 185937K [0x0000000744800000, 0x0000000800000000)
  region size 2048K, 61 young (124928K), 0 survivors (0K)
 Metaspace       used 128977K, committed 130496K, reserved 1245184K
  class space    used 16458K, committed 17216K, reserved 1048576K
}
Event: 6004.766 GC heap after
{Heap after GC invocations=716 (full 92):
 garbage-first heap   total 245760K, used 69741K [0x0000000744800000, 0x0000000800000000)
  region size 2048K, 5 young (10240K), 5 survivors (10240K)
 Metaspace       used 128977K, committed 130496K, reserved 1245184K
  class space    used 16458K, committed 17216K, reserved 1048576K
}
Event: 6004.950 GC heap before
{Heap before GC invocations=716 (full 92):
 garbage-first heap   total 245760K, used 186477K [0x0000000744800000, 0x0000000800000000)
  region size 2048K, 62 young (126976K), 5 survivors (10240K)
 Metaspace       used 129383K, committed 130944K, reserved 1245184K
  class space    used 16484K, committed 17280K, reserved 1048576K
}
Event: 6004.954 GC heap after
{Heap after GC invocations=717 (full 92):
 garbage-first heap   total 245760K, used 72997K [0x0000000744800000, 0x0000000800000000)
  region size 2048K, 6 young (12288K), 6 survivors (12288K)
 Metaspace       used 129383K, committed 130944K, reserved 1245184K
  class space    used 16484K, committed 17280K, reserved 1048576K
}
Event: 6009.909 GC heap before
{Heap before GC invocations=717 (full 92):
 garbage-first heap   total 245760K, used 189733K [0x0000000744800000, 0x0000000800000000)
  region size 2048K, 63 young (129024K), 6 survivors (12288K)
 Metaspace       used 130205K, committed 131904K, reserved 1245184K
  class space    used 16609K, committed 17472K, reserved 1048576K
}
Event: 6009.915 GC heap after
{Heap after GC invocations=718 (full 92):
 garbage-first heap   total 245760K, used 77124K [0x0000000744800000, 0x0000000800000000)
  region size 2048K, 5 young (10240K), 5 survivors (10240K)
 Metaspace       used 130205K, committed 131904K, reserved 1245184K
  class space    used 16609K, committed 17472K, reserved 1048576K
}
Event: 6009.921 GC heap before
{Heap before GC invocations=718 (full 92):
 garbage-first heap   total 245760K, used 77124K [0x0000000744800000, 0x0000000800000000)
  region size 2048K, 6 young (12288K), 5 survivors (10240K)
 Metaspace       used 130205K, committed 131904K, reserved 1245184K
  class space    used 16609K, committed 17472K, reserved 1048576K
}
Event: 6009.981 GC heap after
{Heap after GC invocations=719 (full 93):
 garbage-first heap   total 219136K, used 63796K [0x0000000744800000, 0x0000000800000000)
  region size 2048K, 0 young (0K), 0 survivors (0K)
 Metaspace       used 130183K, committed 131904K, reserved 1245184K
  class space    used 16605K, committed 17472K, reserved 1048576K
}
Event: 6010.426 GC heap before
{Heap before GC invocations=719 (full 93):
 garbage-first heap   total 219136K, used 174388K [0x0000000744800000, 0x0000000800000000)
  region size 2048K, 54 young (110592K), 0 survivors (0K)
 Metaspace       used 131121K, committed 132864K, reserved 1245184K
  class space    used 16715K, committed 17600K, reserved 1048576K
}
Event: 6010.429 GC heap after
{Heap after GC invocations=720 (full 93):
 garbage-first heap   total 219136K, used 71167K [0x0000000744800000, 0x0000000800000000)
  region size 2048K, 4 young (8192K), 4 survivors (8192K)
 Metaspace       used 131121K, committed 132864K, reserved 1245184K
  class space    used 16715K, committed 17600K, reserved 1048576K
}
Event: 6010.669 GC heap before
{Heap before GC invocations=720 (full 93):
 garbage-first heap   total 219136K, used 175615K [0x0000000744800000, 0x0000000800000000)
  region size 2048K, 55 young (112640K), 4 survivors (8192K)
 Metaspace       used 131583K, committed 133312K, reserved 1245184K
  class space    used 16746K, committed 17600K, reserved 1048576K
}
Event: 6010.672 GC heap after
{Heap after GC invocations=721 (full 93):
 garbage-first heap   total 219136K, used 74646K [0x0000000744800000, 0x0000000800000000)
  region size 2048K, 6 young (12288K), 6 survivors (12288K)
 Metaspace       used 131583K, committed 133312K, reserved 1245184K
  class space    used 16746K, committed 17600K, reserved 1048576K
}
Event: 6011.943 GC heap before
{Heap before GC invocations=721 (full 93):
 garbage-first heap   total 219136K, used 174998K [0x0000000744800000, 0x0000000800000000)
  region size 2048K, 55 young (112640K), 6 survivors (12288K)
 Metaspace       used 132039K, committed 133760K, reserved 1245184K
  class space    used 16781K, committed 17664K, reserved 1048576K
}
Event: 6011.952 GC heap after
{Heap after GC invocations=722 (full 93):
 garbage-first heap   total 219136K, used 76878K [0x0000000744800000, 0x0000000800000000)
  region size 2048K, 5 young (10240K), 5 survivors (10240K)
 Metaspace       used 132039K, committed 133760K, reserved 1245184K
  class space    used 16781K, committed 17664K, reserved 1048576K
}
Event: 6013.601 GC heap before
{Heap before GC invocations=722 (full 93):
 garbage-first heap   total 219136K, used 99406K [0x0000000744800000, 0x0000000800000000)
  region size 2048K, 17 young (34816K), 5 survivors (10240K)
 Metaspace       used 132041K, committed 133760K, reserved 1245184K
  class space    used 16782K, committed 17664K, reserved 1048576K
}
Event: 6013.666 GC heap after
{Heap after GC invocations=723 (full 94):
 garbage-first heap   total 219136K, used 64142K [0x0000000744800000, 0x0000000800000000)
  region size 2048K, 0 young (0K), 0 survivors (0K)
 Metaspace       used 132019K, committed 133760K, reserved 1245184K
  class space    used 16778K, committed 17664K, reserved 1048576K
}
Event: 6014.022 GC heap before
{Heap before GC invocations=723 (full 94):
 garbage-first heap   total 219136K, used 170638K [0x0000000744800000, 0x0000000800000000)
  region size 2048K, 52 young (106496K), 0 survivors (0K)
 Metaspace       used 132935K, committed 134656K, reserved 1245184K
  class space    used 16887K, committed 17728K, reserved 1048576K
}

Deoptimization events (20 events):
Event: 6004.732 Thread 0x0000029b7b55e200 DEOPT PACKING pc=0x0000029b29909b24 sp=0x000000b38e3fca80
Event: 6004.732 Thread 0x0000029b7b55e200 DEOPT UNPACKING pc=0x0000029b27b22b43 sp=0x000000b38e3fbf28 mode 3
Event: 6004.736 Thread 0x0000029b7b55e200 DEOPT PACKING pc=0x0000029b2a7e6a8c sp=0x000000b38e3fb9b0
Event: 6004.736 Thread 0x0000029b7b55e200 DEOPT UNPACKING pc=0x0000029b27b22b43 sp=0x000000b38e3fae50 mode 3
Event: 6004.776 Thread 0x0000029b7b55e200 DEOPT PACKING pc=0x0000029b280855ce sp=0x000000b38e3fb7e0
Event: 6004.776 Thread 0x0000029b7b55e200 DEOPT UNPACKING pc=0x0000029b27b22b43 sp=0x000000b38e3facf8 mode 3
Event: 6004.923 Thread 0x0000029b7b55e200 DEOPT PACKING pc=0x0000029b280b2a9e sp=0x000000b38e3f9ce0
Event: 6004.923 Thread 0x0000029b7b55e200 DEOPT UNPACKING pc=0x0000029b27b22b43 sp=0x000000b38e3f9270 mode 3
Event: 6010.187 Thread 0x0000029b7d939550 DEOPT PACKING pc=0x0000029b2a2fdbff sp=0x000000b38e3fbfb0
Event: 6010.187 Thread 0x0000029b7d939550 DEOPT UNPACKING pc=0x0000029b27b22b43 sp=0x000000b38e3fb4f0 mode 3
Event: 6010.441 Thread 0x0000029b7d939550 DEOPT PACKING pc=0x0000029b2865210a sp=0x000000b38e3fc6b0
Event: 6010.441 Thread 0x0000029b7d939550 DEOPT UNPACKING pc=0x0000029b27b22b43 sp=0x000000b38e3fbb50 mode 3
Event: 6010.443 Thread 0x0000029b7d939550 DEOPT PACKING pc=0x0000029b285abbd4 sp=0x000000b38e3fceb0
Event: 6010.443 Thread 0x0000029b7d939550 DEOPT UNPACKING pc=0x0000029b27b22b43 sp=0x000000b38e3fc348 mode 3
Event: 6010.483 Thread 0x0000029b7d939550 DEOPT PACKING pc=0x0000029b2aa7c224 sp=0x000000b38e3fd5e0
Event: 6010.483 Thread 0x0000029b7d939550 DEOPT UNPACKING pc=0x0000029b27b22b43 sp=0x000000b38e3fca78 mode 3
Event: 6010.499 Thread 0x0000029b7d939550 DEOPT PACKING pc=0x0000029b284a6b4c sp=0x000000b38e3fbeb0
Event: 6010.499 Thread 0x0000029b7d939550 DEOPT UNPACKING pc=0x0000029b27b22b43 sp=0x000000b38e3fb380 mode 3
Event: 6013.981 Thread 0x0000029b7b55e200 DEOPT PACKING pc=0x0000029b28e194ab sp=0x000000b38e3fc710
Event: 6013.981 Thread 0x0000029b7b55e200 DEOPT UNPACKING pc=0x0000029b27b22b43 sp=0x000000b38e3fbbb0 mode 3

Classes unloaded (20 events):
Event: 6004.303 Thread 0x0000029b350e4bd0 Unloading class 0x0000029b381fc000 'jdk/internal/reflect/GeneratedSerializationConstructorAccessor622'
Event: 6004.303 Thread 0x0000029b350e4bd0 Unloading class 0x0000029b381f1400 'jdk/internal/reflect/GeneratedSerializationConstructorAccessor621'
Event: 6004.303 Thread 0x0000029b350e4bd0 Unloading class 0x0000029b381f1000 'jdk/internal/reflect/GeneratedSerializationConstructorAccessor620'
Event: 6004.303 Thread 0x0000029b350e4bd0 Unloading class 0x0000029b381f0c00 'jdk/internal/reflect/GeneratedSerializationConstructorAccessor619'
Event: 6004.303 Thread 0x0000029b350e4bd0 Unloading class 0x0000029b381f0400 'jdk/internal/reflect/GeneratedSerializationConstructorAccessor618'
Event: 6004.303 Thread 0x0000029b350e4bd0 Unloading class 0x0000029b37f8bc00 'org/apache/catalina/loader/JdbcLeakPrevention'
Event: 6009.937 Thread 0x0000029b350e4bd0 Unloading class 0x0000029b37ee4c00 'jdk/internal/reflect/GeneratedSerializationConstructorAccessor629'
Event: 6009.937 Thread 0x0000029b350e4bd0 Unloading class 0x0000029b37ee4800 'jdk/internal/reflect/GeneratedSerializationConstructorAccessor628'
Event: 6009.937 Thread 0x0000029b350e4bd0 Unloading class 0x0000029b37ee4400 'jdk/internal/reflect/GeneratedSerializationConstructorAccessor627'
Event: 6009.937 Thread 0x0000029b350e4bd0 Unloading class 0x0000029b37ee4000 'jdk/internal/reflect/GeneratedSerializationConstructorAccessor626'
Event: 6009.937 Thread 0x0000029b350e4bd0 Unloading class 0x0000029b382dcc00 'jdk/internal/reflect/GeneratedSerializationConstructorAccessor625'
Event: 6009.937 Thread 0x0000029b350e4bd0 Unloading class 0x0000029b382dc400 'jdk/internal/reflect/GeneratedSerializationConstructorAccessor624'
Event: 6009.937 Thread 0x0000029b350e4bd0 Unloading class 0x0000029b381fc800 'org/apache/catalina/loader/JdbcLeakPrevention'
Event: 6013.615 Thread 0x0000029b350e4bd0 Unloading class 0x0000029b38340400 'jdk/internal/reflect/GeneratedSerializationConstructorAccessor635'
Event: 6013.615 Thread 0x0000029b350e4bd0 Unloading class 0x0000029b38340000 'jdk/internal/reflect/GeneratedSerializationConstructorAccessor634'
Event: 6013.615 Thread 0x0000029b350e4bd0 Unloading class 0x0000029b37ff9400 'jdk/internal/reflect/GeneratedSerializationConstructorAccessor633'
Event: 6013.615 Thread 0x0000029b350e4bd0 Unloading class 0x0000029b37ff9000 'jdk/internal/reflect/GeneratedSerializationConstructorAccessor632'
Event: 6013.615 Thread 0x0000029b350e4bd0 Unloading class 0x0000029b37ff8c00 'jdk/internal/reflect/GeneratedSerializationConstructorAccessor631'
Event: 6013.615 Thread 0x0000029b350e4bd0 Unloading class 0x0000029b37ff8400 'jdk/internal/reflect/GeneratedSerializationConstructorAccessor630'
Event: 6013.615 Thread 0x0000029b350e4bd0 Unloading class 0x0000029b381b7800 'org/apache/catalina/loader/JdbcLeakPrevention'

Classes redefined (0 events):
No events

Internal exceptions (20 events):
Event: 6010.196 Thread 0x0000029b7d939550 Exception <a 'java/lang/NoClassDefFoundError'{0x000000074e8ec8f0}: org/jooq/DSLContext> (0x000000074e8ec8f0) 
thrown [s\open\src\hotspot\share\oops\constantPool.cpp, line 835]
Event: 6010.196 Thread 0x0000029b7d939550 Exception <a 'java/lang/NoClassDefFoundError'{0x000000074e90cf08}: org/springframework/batch/core/repository/JobRepository> (0x000000074e90cf08) 
thrown [s\open\src\hotspot\share\oops\constantPool.cpp, line 835]
Event: 6010.196 Thread 0x0000029b7d939550 Exception <a 'java/lang/NoClassDefFoundError'{0x000000074e90d550}: org/quartz/Scheduler> (0x000000074e90d550) 
thrown [s\open\src\hotspot\share\oops\constantPool.cpp, line 835]
Event: 6010.196 Thread 0x0000029b7d939550 Exception <a 'java/lang/NoClassDefFoundError'{0x000000074e90dbc0}: org/springframework/session/jdbc/JdbcIndexedSessionRepository> (0x000000074e90dbc0) 
thrown [s\open\src\hotspot\share\oops\constantPool.cpp, line 835]
Event: 6010.255 Thread 0x0000029b7d939550 Exception <a 'sun/nio/fs/WindowsException'{0x000000074df075b8}> (0x000000074df075b8) 
thrown [s\open\src\hotspot\share\prims\jni.cpp, line 516]
Event: 6010.255 Thread 0x0000029b7d939550 Exception <a 'sun/nio/fs/WindowsException'{0x000000074df07c10}> (0x000000074df07c10) 
thrown [s\open\src\hotspot\share\prims\jni.cpp, line 516]
Event: 6010.255 Thread 0x0000029b7d939550 Exception <a 'sun/nio/fs/WindowsException'{0x000000074df082e8}> (0x000000074df082e8) 
thrown [s\open\src\hotspot\share\prims\jni.cpp, line 516]
Event: 6010.265 Thread 0x0000029b7d939550 Exception <a 'java/io/FileNotFoundException'{0x000000074df4d670}> (0x000000074df4d670) 
thrown [s\open\src\hotspot\share\prims\jni.cpp, line 516]
Event: 6013.597 Thread 0x0000029b7d9371e0 Exception <a 'java/lang/InterruptedException'{0x00000007509aac10}: sleep interrupted> (0x00000007509aac10) 
thrown [s\open\src\hotspot\share\prims\jvm.cpp, line 3064]
Event: 6013.672 Thread 0x0000029b7b55e200 Exception <a 'sun/nio/fs/WindowsException'{0x0000000751cd4998}> (0x0000000751cd4998) 
thrown [s\open\src\hotspot\share\prims\jni.cpp, line 516]
Event: 6013.871 Thread 0x0000029b7b55e200 Exception <a 'java/lang/NoClassDefFoundError'{0x000000074e8bd4e8}: org/flywaydb/core/Flyway> (0x000000074e8bd4e8) 
thrown [s\open\src\hotspot\share\oops\constantPool.cpp, line 835]
Event: 6013.871 Thread 0x0000029b7b55e200 Exception <a 'java/lang/NoClassDefFoundError'{0x000000074e8bdb38}: liquibase/integration/spring/SpringLiquibase> (0x000000074e8bdb38) 
thrown [s\open\src\hotspot\share\oops\constantPool.cpp, line 835]
Event: 6013.874 Thread 0x0000029b7b55e200 Exception <a 'java/lang/NoClassDefFoundError'{0x000000074e9848a0}: org/jooq/DSLContext> (0x000000074e9848a0) 
thrown [s\open\src\hotspot\share\oops\constantPool.cpp, line 835]
Event: 6013.874 Thread 0x0000029b7b55e200 Exception <a 'java/lang/NoClassDefFoundError'{0x000000074e9a4ec0}: org/springframework/batch/core/repository/JobRepository> (0x000000074e9a4ec0) 
thrown [s\open\src\hotspot\share\oops\constantPool.cpp, line 835]
Event: 6013.874 Thread 0x0000029b7b55e200 Exception <a 'java/lang/NoClassDefFoundError'{0x000000074e9a5508}: org/quartz/Scheduler> (0x000000074e9a5508) 
thrown [s\open\src\hotspot\share\oops\constantPool.cpp, line 835]
Event: 6013.874 Thread 0x0000029b7b55e200 Exception <a 'java/lang/NoClassDefFoundError'{0x000000074e9a5b78}: org/springframework/session/jdbc/JdbcIndexedSessionRepository> (0x000000074e9a5b78) 
thrown [s\open\src\hotspot\share\oops\constantPool.cpp, line 835]
Event: 6013.904 Thread 0x0000029b7b55e200 Exception <a 'sun/nio/fs/WindowsException'{0x000000074de3bb80}> (0x000000074de3bb80) 
thrown [s\open\src\hotspot\share\prims\jni.cpp, line 516]
Event: 6013.904 Thread 0x0000029b7b55e200 Exception <a 'sun/nio/fs/WindowsException'{0x000000074de3c1d8}> (0x000000074de3c1d8) 
thrown [s\open\src\hotspot\share\prims\jni.cpp, line 516]
Event: 6013.904 Thread 0x0000029b7b55e200 Exception <a 'sun/nio/fs/WindowsException'{0x000000074de3c8b0}> (0x000000074de3c8b0) 
thrown [s\open\src\hotspot\share\prims\jni.cpp, line 516]
Event: 6013.910 Thread 0x0000029b7b55e200 Exception <a 'java/io/FileNotFoundException'{0x000000074de81770}> (0x000000074de81770) 
thrown [s\open\src\hotspot\share\prims\jni.cpp, line 516]

VM Operations (20 events):
Event: 6004.357 Executing VM operation: G1CollectFull done
Event: 6004.761 Executing VM operation: G1CollectForAllocation
Event: 6004.766 Executing VM operation: G1CollectForAllocation done
Event: 6004.950 Executing VM operation: G1CollectForAllocation
Event: 6004.954 Executing VM operation: G1CollectForAllocation done
Event: 6009.909 Executing VM operation: G1CollectForAllocation
Event: 6009.915 Executing VM operation: G1CollectForAllocation done
Event: 6009.921 Executing VM operation: G1CollectFull
Event: 6009.981 Executing VM operation: G1CollectFull done
Event: 6010.426 Executing VM operation: G1CollectForAllocation
Event: 6010.429 Executing VM operation: G1CollectForAllocation done
Event: 6010.669 Executing VM operation: G1CollectForAllocation
Event: 6010.672 Executing VM operation: G1CollectForAllocation done
Event: 6011.942 Executing VM operation: G1CollectForAllocation
Event: 6011.952 Executing VM operation: G1CollectForAllocation done
Event: 6013.503 Executing VM operation: HandshakeAllThreads
Event: 6013.503 Executing VM operation: HandshakeAllThreads done
Event: 6013.601 Executing VM operation: G1CollectFull
Event: 6013.666 Executing VM operation: G1CollectFull done
Event: 6014.022 Executing VM operation: G1CollectForAllocation

Events (20 events):
Event: 6013.596 Thread 0x0000029b7b55dcf0 Thread exited: 0x0000029b7b55dcf0
Event: 6013.596 Thread 0x0000029b7cbf88c0 Thread exited: 0x0000029b7cbf88c0
Event: 6013.596 Thread 0x0000029b7cbf5110 Thread exited: 0x0000029b7cbf5110
Event: 6013.596 Thread 0x0000029b7cbf5620 Thread exited: 0x0000029b7cbf5620
Event: 6013.597 Thread 0x0000029b7d9371e0 Thread exited: 0x0000029b7d9371e0
Event: 6013.597 Thread 0x0000029b7d939a60 Thread exited: 0x0000029b7d939a60
Event: 6013.597 Thread 0x0000029b7d9367c0 Thread exited: 0x0000029b7d9367c0
Event: 6013.599 Thread 0x0000029b7b55d2d0 Thread added: 0x0000029b7b55d2d0
Event: 6013.599 Thread 0x0000029b7d937c00 Thread exited: 0x0000029b7d937c00
Event: 6013.599 Thread 0x0000029b7d9376f0 Thread exited: 0x0000029b7d9376f0
Event: 6013.601 Thread 0x0000029b7b55d2d0 Thread exited: 0x0000029b7b55d2d0
Event: 6013.666 Thread 0x0000029b7b55e200 Thread added: 0x0000029b7b55e200
Event: 6013.667 Thread 0x0000029b7b55e200 Thread exited: 0x0000029b7b55e200
Event: 6013.667 Thread 0x0000029b7b55e200 Thread added: 0x0000029b7b55e200
Event: 6013.731 Thread 0x0000029b7b55d2d0 Thread added: 0x0000029b7b55d2d0
Event: 6013.738 Thread 0x0000029b7b55d2d0 Thread exited: 0x0000029b7b55d2d0
Event: 6013.924 Thread 0x0000029b7b55d2d0 Thread added: 0x0000029b7b55d2d0
Event: 6013.924 Thread 0x0000029b7b55d7e0 Thread added: 0x0000029b7b55d7e0
Event: 6013.925 Thread 0x0000029b7b55dcf0 Thread added: 0x0000029b7b55dcf0
Event: 6013.937 Thread 0x0000029b7cbf6550 Thread added: 0x0000029b7cbf6550


Dynamic libraries:
0x00007ff64a140000 - 0x00007ff64a150000 	C:\Program Files\Java\jdk-17\bin\java.exe
0x00007ff98df40000 - 0x00007ff98e1a3000 	C:\WINDOWS\SYSTEM32\ntdll.dll
0x00007ff98cb80000 - 0x00007ff98cc48000 	C:\WINDOWS\System32\KERNEL32.DLL
0x00007ff98b9e0000 - 0x00007ff98bd92000 	C:\WINDOWS\System32\KERNELBASE.dll
0x00007ff98b6c0000 - 0x00007ff98b80b000 	C:\WINDOWS\System32\ucrtbase.dll
0x00007ff957e50000 - 0x00007ff957e6b000 	C:\Program Files\Java\jdk-17\bin\VCRUNTIME140.dll
0x00007ff9685f0000 - 0x00007ff968609000 	C:\Program Files\Java\jdk-17\bin\jli.dll
0x00007ff98dab0000 - 0x00007ff98db64000 	C:\WINDOWS\System32\ADVAPI32.dll
0x00007ff98d7c0000 - 0x00007ff98d869000 	C:\WINDOWS\System32\msvcrt.dll
0x00007ff98c2d0000 - 0x00007ff98c376000 	C:\WINDOWS\System32\sechost.dll
0x00007ff98cc50000 - 0x00007ff98cd66000 	C:\WINDOWS\System32\RPCRT4.dll
0x00007ff98d300000 - 0x00007ff98d4c8000 	C:\WINDOWS\System32\USER32.dll
0x00007ff98b520000 - 0x00007ff98b547000 	C:\WINDOWS\System32\win32u.dll
0x00007ff974bd0000 - 0x00007ff974e60000 	C:\WINDOWS\WinSxS\amd64_microsoft.windows.common-controls_6595b64144ccf1df_6.0.26100.2454_none_3e0b68a2e331ad60\COMCTL32.dll
0x00007ff98d200000 - 0x00007ff98d22a000 	C:\WINDOWS\System32\GDI32.dll
0x00007ff98b8b0000 - 0x00007ff98b9db000 	C:\WINDOWS\System32\gdi32full.dll
0x00007ff98b550000 - 0x00007ff98b5f3000 	C:\WINDOWS\System32\msvcp_win.dll
0x00007ff984c90000 - 0x00007ff984c9b000 	C:\WINDOWS\SYSTEM32\VERSION.dll
0x00007ff98d2c0000 - 0x00007ff98d2ef000 	C:\WINDOWS\System32\IMM32.DLL
0x00007ff9879c0000 - 0x00007ff9879cc000 	C:\Program Files\Java\jdk-17\bin\vcruntime140_1.dll
0x00007ff94acf0000 - 0x00007ff94ad7e000 	C:\Program Files\Java\jdk-17\bin\msvcp140.dll
0x00007ff8f6a40000 - 0x00007ff8f761f000 	C:\Program Files\Java\jdk-17\bin\server\jvm.dll
0x00007ff98bfb0000 - 0x00007ff98bfb8000 	C:\WINDOWS\System32\PSAPI.DLL
0x00007ff9720f0000 - 0x00007ff9720fa000 	C:\WINDOWS\SYSTEM32\WSOCK32.dll
0x00007ff97f330000 - 0x00007ff97f366000 	C:\WINDOWS\SYSTEM32\WINMM.dll
0x00007ff98c3a0000 - 0x00007ff98c414000 	C:\WINDOWS\System32\WS2_32.dll
0x00007ff98a110000 - 0x00007ff98a12a000 	C:\WINDOWS\SYSTEM32\kernel.appcore.dll
0x00007ff976340000 - 0x00007ff97634a000 	C:\Program Files\Java\jdk-17\bin\jimage.dll
0x00007ff988d80000 - 0x00007ff988fc1000 	C:\WINDOWS\SYSTEM32\DBGHELP.DLL
0x00007ff98db70000 - 0x00007ff98deee000 	C:\WINDOWS\System32\combase.dll
0x00007ff98bfc0000 - 0x00007ff98c096000 	C:\WINDOWS\System32\OLEAUT32.dll
0x00007ff974790000 - 0x00007ff9747c9000 	C:\WINDOWS\SYSTEM32\dbgcore.DLL
0x00007ff98b810000 - 0x00007ff98b8a9000 	C:\WINDOWS\System32\bcryptPrimitives.dll
0x00007ff952790000 - 0x00007ff9527b5000 	C:\Program Files\Java\jdk-17\bin\java.dll
0x00007ff939100000 - 0x00007ff9391d7000 	C:\Program Files\Java\jdk-17\bin\jsvml.dll
0x00007ff98c470000 - 0x00007ff98cb70000 	C:\WINDOWS\System32\SHELL32.dll
0x00007ff989000000 - 0x00007ff989831000 	C:\WINDOWS\SYSTEM32\windows.storage.dll
0x00007ff98be10000 - 0x00007ff98beea000 	C:\WINDOWS\System32\SHCORE.dll
0x00007ff98da50000 - 0x00007ff98daad000 	C:\WINDOWS\System32\shlwapi.dll
0x00007ff98b220000 - 0x00007ff98b24e000 	C:\WINDOWS\SYSTEM32\profapi.dll
0x00007ff954ea0000 - 0x00007ff954eb9000 	C:\Program Files\Java\jdk-17\bin\net.dll
0x00007ff984ae0000 - 0x00007ff984c06000 	C:\WINDOWS\SYSTEM32\WINHTTP.dll
0x00007ff98a5f0000 - 0x00007ff98a658000 	C:\WINDOWS\system32\mswsock.dll
0x00007ff952770000 - 0x00007ff952786000 	C:\Program Files\Java\jdk-17\bin\nio.dll
0x00007ff94cc30000 - 0x00007ff94cc48000 	C:\Program Files\Java\jdk-17\bin\zip.dll
0x00007ff987a10000 - 0x00007ff987a1a000 	C:\Program Files\Java\jdk-17\bin\management.dll
0x00007ff987a00000 - 0x00007ff987a0b000 	C:\Program Files\Java\jdk-17\bin\management_ext.dll
0x00007ff98aab0000 - 0x00007ff98aacc000 	C:\WINDOWS\SYSTEM32\CRYPTSP.dll
0x00007ff98a070000 - 0x00007ff98a0a8000 	C:\WINDOWS\system32\rsaenh.dll
0x00007ff98a690000 - 0x00007ff98a6bb000 	C:\WINDOWS\SYSTEM32\USERENV.dll
0x00007ff98ac40000 - 0x00007ff98ac66000 	C:\WINDOWS\SYSTEM32\bcrypt.dll
0x00007ff98a820000 - 0x00007ff98a82c000 	C:\WINDOWS\SYSTEM32\CRYPTBASE.dll
0x00007ff989b30000 - 0x00007ff989b62000 	C:\WINDOWS\SYSTEM32\IPHLPAPI.DLL
0x00007ff98d2b0000 - 0x00007ff98d2ba000 	C:\WINDOWS\System32\NSI.dll
0x00007ff984930000 - 0x00007ff98494e000 	C:\WINDOWS\SYSTEM32\dhcpcsvc6.DLL
0x00007ff984900000 - 0x00007ff984925000 	C:\WINDOWS\SYSTEM32\dhcpcsvc.DLL
0x00007ff989b70000 - 0x00007ff989c95000 	C:\WINDOWS\SYSTEM32\DNSAPI.dll
0x00007ff9879f0000 - 0x00007ff9879fe000 	C:\Program Files\Java\jdk-17\bin\sunmscapi.dll
0x00007ff98b3a0000 - 0x00007ff98b516000 	C:\WINDOWS\System32\CRYPT32.dll
0x00007ff98ac00000 - 0x00007ff98ac30000 	C:\WINDOWS\SYSTEM32\ncrypt.dll
0x00007ff98abb0000 - 0x00007ff98abef000 	C:\WINDOWS\SYSTEM32\NTASN1.dll
0x00007ff9819e0000 - 0x00007ff9819eb000 	C:\Windows\System32\rasadhlp.dll
0x00007ff983300000 - 0x00007ff983385000 	C:\WINDOWS\System32\fwpuclnt.dll
0x00007ff973130000 - 0x00007ff973140000 	C:\Program Files\Java\jdk-17\bin\verify.dll
0x00007ff97bf70000 - 0x00007ff97bf78000 	C:\WINDOWS\system32\wshunix.dll

dbghelp: loaded successfully - version: 4.0.5 - missing functions: none
symbol engine: initialized successfully - sym options: 0x614 - pdb path: .;C:\Program Files\Java\jdk-17\bin;C:\WINDOWS\SYSTEM32;C:\WINDOWS\WinSxS\amd64_microsoft.windows.common-controls_6595b64144ccf1df_6.0.26100.2454_none_3e0b68a2e331ad60;C:\Program Files\Java\jdk-17\bin\server

VM Arguments:
jvm_args: -XX:TieredStopAtLevel=1 
java_command: site.easy.to.build.crm.CrmApplication
java_class_path (initial): D:\IT UNIVERSITY\WorkSpace\S6\Eval\crm-java-repository\crm-master\target\classes;C:\Users\mixan\.m2\repository\org\aspectj\aspectjweaver\1.9.19\aspectjweaver-1.9.19.jar;C:\Users\mixan\.m2\repository\com\zaxxer\HikariCP\5.0.1\HikariCP-5.0.1.jar;C:\Users\mixan\.m2\repository\org\springframework\spring-jdbc\6.0.9\spring-jdbc-6.0.9.jar;C:\Users\mixan\.m2\repository\org\hibernate\orm\hibernate-core\6.2.2.Final\hibernate-core-6.2.2.Final.jar;C:\Users\mixan\.m2\repository\jakarta\persistence\jakarta.persistence-api\3.1.0\jakarta.persistence-api-3.1.0.jar;C:\Users\mixan\.m2\repository\jakarta\transaction\jakarta.transaction-api\2.0.1\jakarta.transaction-api-2.0.1.jar;C:\Users\mixan\.m2\repository\org\jboss\logging\jboss-logging\3.5.0.Final\jboss-logging-3.5.0.Final.jar;C:\Users\mixan\.m2\repository\org\hibernate\common\hibernate-commons-annotations\6.0.6.Final\hibernate-commons-annotations-6.0.6.Final.jar;C:\Users\mixan\.m2\repository\io\smallrye\jandex\3.0.5\jandex-3.0.5.jar;C:\Users\mixan\.m2\repository\com\fasterxml\classmate\1.5.1\classmate-1.5.1.jar;C:\Users\mixan\.m2\repository\net\bytebuddy\byte-buddy\1.14.4\byte-buddy-1.14.4.jar;C:\Users\mixan\.m2\repository\org\glassfish\jaxb\jaxb-runtime\4.0.2\jaxb-runtime-4.0.2.jar;C:\Users\mixan\.m2\repository\org\glassfish\jaxb\jaxb-core\4.0.2\jaxb-core-4.0.2.jar;C:\Users\mixan\.m2\repository\org\glassfish\jaxb\txw2\4.0.2\txw2-4.0.2.jar;C:\Users\mixan\.m2\repository\com\sun\istack\istack-commons-runtime\4.1.1\istack-commons-runtime-4.1.1.jar;C:\Users\mixan\.m2\repository\jakarta\inject\jakarta.inject-api\2.0.1\jakarta.inject-api-2.0.1.jar;C:\Users\mixan\.m2\repository\org\antlr\antlr4-runtime\4.10.1\antlr4-runtime-4.10.1.jar;C:\Users\mixan\.m2\repository\org\springframework\data\spring-data-jpa\3.1.0\spring-data-jpa-3.1.0.jar;C:\Users\mixan\.m2\repository\org\springframework\data\spring-data-commons\3.1.0\spring-data-commons-3.1.0.jar;C:\Users\mixan\.m2\repository\org\springframework\spring-orm\6.0.
Launcher Type: SUN_STANDARD

[Global flags]
     intx CICompilerCount                          = 12                                        {product} {ergonomic}
     uint ConcGCThreads                            = 3                                         {product} {ergonomic}
     uint G1ConcRefinementThreads                  = 13                                        {product} {ergonomic}
   size_t G1HeapRegionSize                         = 2097152                                   {product} {ergonomic}
    uintx GCDrainStackTargetSize                   = 64                                        {product} {ergonomic}
   size_t InitialHeapSize                          = 197132288                                 {product} {ergonomic}
   size_t MarkStackSize                            = 4194304                                   {product} {ergonomic}
   size_t MaxHeapSize                              = 3145728000                                {product} {ergonomic}
   size_t MaxNewSize                               = 1887436800                                {product} {ergonomic}
   size_t MinHeapDeltaBytes                        = 2097152                                   {product} {ergonomic}
   size_t MinHeapSize                              = 8388608                                   {product} {ergonomic}
    uintx NonProfiledCodeHeapSize                  = 0                                      {pd product} {ergonomic}
     bool ProfileInterpreter                       = false                                  {pd product} {command line}
    uintx ProfiledCodeHeapSize                     = 0                                      {pd product} {ergonomic}
   size_t SoftMaxHeapSize                          = 3145728000                             {manageable} {ergonomic}
     intx TieredStopAtLevel                        = 1                                         {product} {command line}
     bool UseCompressedClassPointers               = true                           {product lp64_product} {ergonomic}
     bool UseCompressedOops                        = true                           {product lp64_product} {ergonomic}
     bool UseG1GC                                  = true                                      {product} {ergonomic}
     bool UseLargePagesIndividualAllocation        = false                                  {pd product} {ergonomic}

Logging:
Log output configuration:
 #0: stdout all=warning uptime,level,tags
 #1: stderr all=off uptime,level,tags

Environment Variables:
JAVA_HOME=C:\Program Files\Java\jdk-17
CLASSPATH=D:\IT UNIVERSITY\JAR\jakarta.servlet-api-6.1.0-M2.jar;D:\IT UNIVERSITY\JAR\mysql-connector-java-8.0.19.jar;D:\IT UNIVERSITY\JAR\ojdbc6.jar;D:\IT UNIVERSITY\JAR\postgresql-42.6.0.jar;D:\IT UNIVERSITY\JAR\javax.ejb.jar;D:\IT UNIVERSITY\JAR\jakarta.ws.rs-api-3.0.0.jar;D:\IT UNIVERSITY\JAR\jakarta.ejb-api-4.0.0.jar;D:\IT UNIVERSITY\JAR\gson-2.10.1.jar;D:\IT UNIVERSITY\JAR\javax.servlet-api-3.1.0.jar;D:\IT UNIVERSITY\JAR\jakarta.mail-1.6.7.jar;
PATH=C:\xampp\php;C:\Program Files\Git\bin;D:\app\mixan\product\11.2.0\dbhome_1\bin;C:\Program Files (x86)\Common Files\Oracle\Java\java8path;C:\Program Files (x86)\Common Files\Oracle\Java\javapath;C:\Program Files (x86)\Common Files\Intel\Shared Libraries\redist\intel64\compiler;C:\WINDOWS\system32;C:\WINDOWS;C:\WINDOWS\System32\Wbem;C:\WINDOWS\System32\WindowsPowerShell\v1.0\;C:\WINDOWS\System32\OpenSSH\;C:\Program Files (x86)\NVIDIA Corporation\PhysX\Common;C:\Program Files\nodejs\;C:\Ant\apache-ant-1.10.15\bin;C:\Program Files\Java\jdk1.8.0_152\;C:\Program Files\Java\jdk-17\bin;C:\Program Files\PostgreSQL\16\bin;C:\Program Files\Git\cmd;C:\Program Files\NVIDIA Corporation\NVIDIA app\NvDLISR;C:\Program Files\dotnet\;D:\Logiciel\toolbox\Android\Sdk\platform-tools;D:\Logiciel;D:\Logiciel\7-Zip;C:\Users\mixan\AppData\Local\Programs\Python\Python313;C:\Users\mixan\AppData\Local\Programs\Python\Python313\Scripts;C:\ProgramData\ComposerSetup\bin;C:\Program Files\IIS Express;C:\Program Files (x86)\IIS Express;C:\xampp\php;C:\Program Files\Git\bin;D:\app\mixan\product\11.2.0\dbhome_1\bin;C:\Program Files (x86)\Common Files\Oracle\Java\java8path;C:\Program Files (x86)\Common Files\Oracle\Java\javapath;C:\Program Files (x86)\Common Files\Intel\Shared Libraries\redist\intel64\compiler;C:\WINDOWS\system32;C:\WINDOWS;C:\WINDOWS\System32\Wbem;C:\WINDOWS\System32\WindowsPowerShell\v1.0\;C:\WINDOWS\System32\OpenSSH\;C:\Program Files (x86)\NVIDIA Corporation\PhysX\Common;C:\Program Files\nodejs\;C:\Ant\apache-ant-1.10.15\bin;C:\Program Files\Java\jdk1.8.0_152\;C:\Program Files\Java\jdk-17\bin;C:\Program Files\PostgreSQL\16\bin;C:\Program Files\Git\cmd;C:\Program Files\NVIDIA Corporation\NVIDIA app\NvDLISR;C:\Program Files\dotnet\;D:\Logiciel\toolbox\Android\Sdk\platform-tools;D:\Logiciel;D:\Logiciel\7-Zip;C:\Users\mixan\AppData\Local\Programs\Python\Launcher\;C:\Users\mixan\scoop\shims;C:\Users\mixan\AppData\Local\Microsoft\WindowsApps;C:\Users\mixan\AppData\Local\Programs\Microsof
USERNAME=mixan
LANG=en_US.UTF-8
OS=Windows_NT
PROCESSOR_IDENTIFIER=Intel64 Family 6 Model 154 Stepping 3, GenuineIntel



---------------  S Y S T E M  ---------------

OS:
 Windows 11 , 64 bit Build 26100 (10.0.26100.2454)
OS uptime: 0 days 7:09 hours
Hyper-V role detected

CPU: total 16 (initial active 16) (8 cores per cpu, 2 threads per core) family 6 model 154 stepping 3 microcode 0x421, cx8, cmov, fxsr, ht, mmx, 3dnowpref, sse, sse2, sse3, ssse3, sse4.1, sse4.2, popcnt, lzcnt, tsc, tscinvbit, avx, avx2, aes, erms, clmul, bmi1, bmi2, adx, sha, fma, vzeroupper, clflush, clflushopt, clwb, hv

Memory: 4k page, system-wide physical 11992M (569M free)
TotalPageFile size 30689M (AvailPageFile size 145M)
current process WorkingSet (physical memory assigned to process): 469M, peak: 593M
current process commit charge ("private bytes"): 553M, peak: 935M

vm_info: Java HotSpot(TM) 64-Bit Server VM (17.0.10+11-LTS-240) for windows-amd64 JRE (17.0.10+11-LTS-240), built on Dec 19 2023 21:47:25 by "mach5one" with MS VC++ 17.1 (VS2022)

END.
